Microchip MPLAB XC8 Compiler V1.42 ()

Linker command line:

-W-3 --edf=C:\Program Files (x86)\Microchip\xc8\v1.42\dat\en_msgs.txt -cs \
  -h+dist/default/production\firmware.production.sym \
  --cmf=dist/default/production\firmware.production.cmf -z -Q16F1455 \
  -oC:\Users\lvale\AppData\Local\Temp\sj54.2 \
  -Mdist/default/production/firmware.production.map -E1 -ver=XC8 \
  -ASTACK=02220h-023efh -pstack=STACK -ACODE=00h-07FFhx4 \
  -ASTRCODE=00h-01FFFh -ASTRING=00h-0FFhx32 -ACONST=00h-0FFhx32 \
  -AENTRY=00h-0FFhx32 -ACOMMON=070h-07Fh -ABANK0=020h-06Fh \
  -ABANK1=0A0h-0EFh -ABANK2=0120h-016Fh -ABANK3=01A0h-01EFh \
  -ABANK4=0220h-026Fh -ABANK5=02A0h-02EFh -ABANK6=0320h-036Fh \
  -ABANK7=03A0h-03EFh -ABANK8=0420h-046Fh -ABANK9=04A0h-04EFh \
  -ABANK10=0520h-056Fh -ABANK11=05A0h-05EFh -ABANK12=0620h-064Fh \
  -ABIGRAM=02000h-023EFh \
  -ARAM=020h-06Fh,0A0h-0EFh,0120h-016Fh,01A0h-01EFh,0220h-026Fh,02A0h-02EFh,0320h-036Fh,03A0h-03EFh,0420h-046Fh,04A0h-04EFh,0520h-056Fh,05A0h-05EFh,0620h-064Fh \
  -AABS1=020h-07Fh,0A0h-0EFh,0120h-016Fh,01A0h-01EFh,0220h-026Fh,02A0h-02EFh,0320h-036Fh,03A0h-03EFh,0420h-046Fh,04A0h-04EFh,0520h-056Fh,05A0h-05EFh,0620h-064Fh \
  -ASFR0=00h-01Fh -ASFR1=080h-09Fh -ASFR2=0100h-011Fh -ASFR3=0180h-019Fh \
  -ASFR4=0200h-021Fh -ASFR5=0280h-029Fh -ASFR6=0300h-031Fh \
  -ASFR7=0380h-039Fh -ASFR8=0400h-041Fh -ASFR9=0480h-049Fh \
  -ASFR10=0500h-051Fh -ASFR11=0580h-059Fh -ASFR12=0600h-061Fh \
  -ASFR13=0680h-06EFh -ASFR14=0700h-076Fh -ASFR15=0780h-07EFh \
  -ASFR16=0800h-086Fh -ASFR17=0880h-08EFh -ASFR18=0900h-096Fh \
  -ASFR19=0980h-09EFh -ASFR20=0A00h-0A6Fh -ASFR21=0A80h-0AEFh \
  -ASFR22=0B00h-0B6Fh -ASFR23=0B80h-0BEFh -ASFR24=0C00h-0C6Fh \
  -ASFR25=0C80h-0CEFh -ASFR26=0D00h-0D6Fh -ASFR27=0D80h-0DEFh \
  -ASFR28=0E00h-0E6Fh -ASFR29=0E80h-0EEFh -ASFR30=0F00h-0F6Fh \
  -ASFR31=0F80h-0FEFh -preset_vec=00h,intentry=04h,init,end_init \
  -ppowerup=CODE -pcinit=CODE -pfunctab=CODE -ACONFIG=08007h-08008h \
  -pconfig=CONFIG -DCONFIG=2 -AIDLOC=08000h-08003h -pidloc=IDLOC -DIDLOC=2 \
  -DCODE=2 -DSTRCODE=2 -DSTRING=2 -DCONST=2 -DENTRY=2 -k \
  C:\Users\lvale\AppData\Local\Temp\sj54.obj \
  dist/default/production\firmware.production.obj 

Object code version is 3.11

Machine type is 16F1455



                Name                               Link     Load   Length Selector   Space Scale
C:\Users\lvale\AppData\Local\Temp\sj54.obj
                end_init                             18       18        2        8       0
                reset_vec                             0        0        2        0       0
                config                             8007     8007        2    1000E       0
dist/default/production\firmware.production.obj
                cinit                                1A       1A       33        8       0
                intentry                              4        4       14        8       0
                text67                              9C9      9C9       72     1392       0
                text66                              8F9      8F9       68     11F2       0
                text65                              78F      78F       70        8       0
                text64                              F63      F63       9D     1EC6       0
                text63                             12B4     12B4       37     2568       0
                text62                             1368     1368       41     26D0       0
                text61                             1150     1150       20     22A0       0
                text60                              C1F      C1F       80     183E       0
                text59                             127F     127F       35     24FE       0
                text58                             1740     1740       60     2E80       0
                text57                             121F     121F       30     243E       0
                text56                              1A4      1A4      153        8       0
                text55                              B21      B21       7F     1642       0
                text54                             147B     147B       54     28F6       0
                text53                             1077     1077       18     20EE       0
                text52                              DAE      DAE       91     1B5C       0
                swtext2                            101A     101A       1A     2000       0
                text51                             17A0     17A0       60     2F40       0
                text50                             162F     162F       5B     2C5E       0
                text49                              E3F      E3F       92     1C7E       0
                text48                             13EB     13EB       48     27D6       0
                text47                             14CF     14CF       57     299E       0
                text46                              645      645       AD        8       0
                text45                             108F     108F       18     211E       0
                text44                             11D3     11D3       25     23A6       0
                text43                             1112     1112       1F     2224       0
                text42                             1170     1170       20     22E0       0
                text41                              3E0      3E0       DD        8       0
                text39                             1FF6     1FF6        A     3FEC       0
                text38                             1062     1062       15     20C4       0
                text37                             10DA     10DA       1C     21B4       0
                text36                              58F      58F       B6        8       0
                text35                             1FE8     1FE8        4     3FD0       0
                text34                             1043     1043        F     2086       0
                text33                             1FEC     1FEC        4     3FD8       0
                text32                              C9F      C9F       81     193E       0
                text31                             168A     168A       5B     2D14       0
                text30                             1526     1526       57     2A4C       0
                text29                             10C0     10C0       1A     2180       0
                text28                             1328     1328       40     2650       0
                text27                              4BD      4BD       D2        8       0
                text26                              A3B      A3B       72     1476       0
                text25                              961      961       68     12C2       0
                text24                              AAD      AAD       74     155A       0
                text23                              6F2      6F2       9D        8       0
                text22                              801      801       37     1002       0
                text21                             13A9     13A9       42     2752       0
                text20                             11B0     11B0       23     2360       0
                text19                             12EB     12EB       3D     25D6       0
                text18                              898      898       61     1130       0
                text17                             124F     124F       30     249E       0
                text16                               4D       4D      157        8       0
                text15                              BA0      BA0       7F     1740       0
                text14                             157D     157D       58     2AFA       0
                text13                             10A7     10A7       19     214E       0
                text12                              D20      D20       8E     1A40       0
                swtext1                            1000     1000       1A     2000       0
                text11                              838      838       60     1070       0
                text10                             16E5     16E5       5B     2DCA       0
                text9                               ED1      ED1       92     1DA2       0
                text8                              1433     1433       48     2866       0
                text7                              15D5     15D5       5A     2BAA       0
                text6                              10F6     10F6       1C     21EC       0
                text5                              11F8     11F8       27     23F0       0
                text4                              1131     1131       1F     2262       0
                text3                              1190     1190       20     2320       0
                text2                               2F7      2F7       E9        8       0
                text1                              1035     1035        E     206A       0
                maintext                           1052     1052       10     20A4       0
                cstackBANK0h                         58       58        8       58       1
                cstackCOMMON                         70       70        E       70       1
                cstackBANK1                          A0       A0       26       A0       1
                cstackBANK2                         167      167        9      120       1
                cstackBANK3                         1E0      1E0        2      1A0       1
                clrtext                            1FF0     1FF0        6     3FE0       0
                bssBANK6                            320      320       40      320       1
                bssBANK5                            2A0      2A0       40      2A0       1
                bssBANK4                            220      220       40      220       1
                bssBANK3                            1A0      1A0       40      1A0       1
                bssBANK2                            120      120       47      120       1
                bssBANK1                             C6       C6       1C       A0       1
                stringtext7                        1895     1895        4     3000       0
                stringtext6                        187D     187D       12     3000       0
                stringtext5                        186B     186B       12     3000       0
                stringtext4                        1843     1843       28     3000       0
                stringtext3                        1800     1800       43     3000       0
                stringtext2                        1899     1899        2     3000       0
                stringtext1                        188F     188F        6     3000       0

TOTAL           Name                               Link     Load   Length     Space
        CLASS   STACK          

        CLASS   CODE           
                end_init                             18       18        2         0
                cinit                                1A       1A       33         0
                intentry                              4        4       14         0
                reset_vec                             0        0        2         0
                text67                              9C9      9C9       72         0
                text66                              8F9      8F9       68         0
                text65                              78F      78F       70         0
                text64                              F63      F63       9D         0
                text63                             12B4     12B4       37         0
                text62                             1368     1368       41         0
                text61                             1150     1150       20         0
                text60                              C1F      C1F       80         0
                text59                             127F     127F       35         0
                text58                             1740     1740       60         0
                text57                             121F     121F       30         0
                text56                              1A4      1A4      153         0
                text55                              B21      B21       7F         0
                text54                             147B     147B       54         0
                text53                             1077     1077       18         0
                text52                              DAE      DAE       91         0
                text51                             17A0     17A0       60         0
                text50                             162F     162F       5B         0
                text49                              E3F      E3F       92         0
                text48                             13EB     13EB       48         0
                text47                             14CF     14CF       57         0
                text46                              645      645       AD         0
                text45                             108F     108F       18         0
                text44                             11D3     11D3       25         0
                text43                             1112     1112       1F         0
                text42                             1170     1170       20         0
                text41                              3E0      3E0       DD         0
                text39                             1FF6     1FF6        A         0
                text38                             1062     1062       15         0
                text37                             10DA     10DA       1C         0
                text36                              58F      58F       B6         0
                text35                             1FE8     1FE8        4         0
                text34                             1043     1043        F         0
                text33                             1FEC     1FEC        4         0
                text32                              C9F      C9F       81         0
                text31                             168A     168A       5B         0
                text30                             1526     1526       57         0
                text29                             10C0     10C0       1A         0
                text28                             1328     1328       40         0
                text27                              4BD      4BD       D2         0
                text26                              A3B      A3B       72         0
                text25                              961      961       68         0
                text24                              AAD      AAD       74         0
                text23                              6F2      6F2       9D         0
                text22                              801      801       37         0
                text21                             13A9     13A9       42         0
                text20                             11B0     11B0       23         0
                text19                             12EB     12EB       3D         0
                text18                              898      898       61         0
                text17                             124F     124F       30         0
                text16                               4D       4D      157         0
                text15                              BA0      BA0       7F         0
                text14                             157D     157D       58         0
                text13                             10A7     10A7       19         0
                text12                              D20      D20       8E         0
                text11                              838      838       60         0
                text10                             16E5     16E5       5B         0
                text9                               ED1      ED1       92         0
                text8                              1433     1433       48         0
                text7                              15D5     15D5       5A         0
                text6                              10F6     10F6       1C         0
                text5                              11F8     11F8       27         0
                text4                              1131     1131       1F         0
                text3                              1190     1190       20         0
                text2                               2F7      2F7       E9         0
                text1                              1035     1035        E         0
                maintext                           1052     1052       10         0
                clrtext                            1FF0     1FF0        6         0

        CLASS   STRCODE        
                stringtext7                        1895     1895        4         0
                stringtext6                        187D     187D       12         0
                stringtext5                        186B     186B       12         0
                stringtext4                        1843     1843       28         0
                stringtext3                        1800     1800       43         0
                stringtext2                        1899     1899        2         0
                stringtext1                        188F     188F        6         0

        CLASS   STRING         

        CLASS   CONST          
                swtext2                            101A     101A       1A         0
                swtext1                            1000     1000       1A         0

        CLASS   ENTRY          

        CLASS   COMMON         
                cstackCOMMON                         70       70        E         1

        CLASS   BANK0          
                cstackBANK0h                         58       58        8         1

        CLASS   BANK1          
                cstackBANK1                          A0       A0       26         1
                bssBANK1                             C6       C6       1C         1

        CLASS   BANK2          
                cstackBANK2                         167      167        9         1
                bssBANK2                            120      120       47         1

        CLASS   BANK3          
                cstackBANK3                         1E0      1E0        2         1
                bssBANK3                            1A0      1A0       40         1

        CLASS   BANK4          
                bssBANK4                            220      220       40         1

        CLASS   BANK5          
                bssBANK5                            2A0      2A0       40         1

        CLASS   BANK6          
                bssBANK6                            320      320       40         1

        CLASS   BANK7          

        CLASS   BANK8          

        CLASS   BANK9          

        CLASS   BANK10         

        CLASS   BANK11         

        CLASS   BANK12         

        CLASS   BIGRAM         

        CLASS   RAM            

        CLASS   ABS1           
                abs_s1                               20       20       38         1
                abs_s1                               60       60       10         1
                abs_s1                               7E       7E        2         1

        CLASS   SFR0           

        CLASS   SFR1           

        CLASS   SFR2           

        CLASS   SFR3           

        CLASS   SFR4           

        CLASS   SFR5           

        CLASS   SFR6           

        CLASS   SFR7           

        CLASS   SFR8           

        CLASS   SFR9           

        CLASS   SFR10          

        CLASS   SFR11          

        CLASS   SFR12          

        CLASS   SFR13          

        CLASS   SFR14          

        CLASS   SFR15          

        CLASS   SFR16          

        CLASS   SFR17          

        CLASS   SFR18          

        CLASS   SFR19          

        CLASS   SFR20          

        CLASS   SFR21          

        CLASS   SFR22          

        CLASS   SFR23          

        CLASS   SFR24          

        CLASS   SFR25          

        CLASS   SFR26          

        CLASS   SFR27          

        CLASS   SFR28          

        CLASS   SFR29          

        CLASS   SFR30          

        CLASS   SFR31          

        CLASS   CONFIG         
                config                             8007     8007        2         0

        CLASS   IDLOC          

        CLASS   BANK31         

        CLASS   BANK30         

        CLASS   BANK29         

        CLASS   BANK28         

        CLASS   BANK27         

        CLASS   BANK26         

        CLASS   BANK25         

        CLASS   BANK24         

        CLASS   BANK23         

        CLASS   BANK22         

        CLASS   BANK21         

        CLASS   BANK20         

        CLASS   BANK19         

        CLASS   BANK18         

        CLASS   BANK17         

        CLASS   BANK16         

        CLASS   BANK15         

        CLASS   BANK14         

        CLASS   BANK13         

        CLASS   EEDATA         



SEGMENTS        Name                           Load    Length   Top    Selector   Space  Class     Delta

                reset_vec                      000000  000002  000002         0       0  CODE        2
                intentry                       000004  0007FB  0007FF         8       0  CODE        2
                cstackBANK0h                   000058  000008  000060        58       1  BANK0       1
                cstackCOMMON                   000070  00000E  00007E        70       1  COMMON      1
                cstackBANK1                    0000A0  000042  0000E2        A0       1  BANK1       1
                bssBANK2                       000120  000050  000170       120       1  BANK2       1
                bssBANK3                       0001A0  000042  0001E2       1A0       1  BANK3       1
                bssBANK4                       000220  000040  000260       220       1  BANK4       1
                bssBANK5                       0002A0  000040  0002E0       2A0       1  BANK5       1
                bssBANK6                       000320  000040  000360       320       1  BANK6       1
                text22                         000801  000037  000838      1002       0  CODE        2
                text11                         000838  000060  000898      1070       0  CODE        2
                text18                         000898  000061  0008F9      1130       0  CODE        2
                text66                         0008F9  000068  000961      11F2       0  CODE        2
                text25                         000961  000068  0009C9      12C2       0  CODE        2
                text67                         0009C9  000072  000A3B      1392       0  CODE        2
                text26                         000A3B  000072  000AAD      1476       0  CODE        2
                text24                         000AAD  000074  000B21      155A       0  CODE        2
                text55                         000B21  00007F  000BA0      1642       0  CODE        2
                text15                         000BA0  00007F  000C1F      1740       0  CODE        2
                text60                         000C1F  000080  000C9F      183E       0  CODE        2
                text32                         000C9F  000081  000D20      193E       0  CODE        2
                text12                         000D20  00008E  000DAE      1A40       0  CODE        2
                text52                         000DAE  000091  000E3F      1B5C       0  CODE        2
                text49                         000E3F  000092  000ED1      1C7E       0  CODE        2
                text9                          000ED1  000092  000F63      1DA2       0  CODE        2
                text64                         000F63  00009D  001000      1EC6       0  CODE        2
                swtext1                        001000  000034  001034      2000       0  CONST       2
                text1                          001035  00000E  001043      206A       0  CODE        2
                text34                         001043  00000F  001052      2086       0  CODE        2
                maintext                       001052  000010  001062      20A4       0  CODE        2
                text38                         001062  000015  001077      20C4       0  CODE        2
                text53                         001077  000018  00108F      20EE       0  CODE        2
                text45                         00108F  000018  0010A7      211E       0  CODE        2
                text13                         0010A7  000019  0010C0      214E       0  CODE        2
                text29                         0010C0  00001A  0010DA      2180       0  CODE        2
                text37                         0010DA  00001C  0010F6      21B4       0  CODE        2
                text6                          0010F6  00001C  001112      21EC       0  CODE        2
                text43                         001112  00001F  001131      2224       0  CODE        2
                text4                          001131  00001F  001150      2262       0  CODE        2
                text61                         001150  000020  001170      22A0       0  CODE        2
                text42                         001170  000020  001190      22E0       0  CODE        2
                text3                          001190  000020  0011B0      2320       0  CODE        2
                text20                         0011B0  000023  0011D3      2360       0  CODE        2
                text44                         0011D3  000025  0011F8      23A6       0  CODE        2
                text5                          0011F8  000027  00121F      23F0       0  CODE        2
                text57                         00121F  000030  00124F      243E       0  CODE        2
                text17                         00124F  000030  00127F      249E       0  CODE        2
                text59                         00127F  000035  0012B4      24FE       0  CODE        2
                text63                         0012B4  000037  0012EB      2568       0  CODE        2
                text19                         0012EB  00003D  001328      25D6       0  CODE        2
                text28                         001328  000040  001368      2650       0  CODE        2
                text62                         001368  000041  0013A9      26D0       0  CODE        2
                text21                         0013A9  000042  0013EB      2752       0  CODE        2
                text48                         0013EB  000048  001433      27D6       0  CODE        2
                text8                          001433  000048  00147B      2866       0  CODE        2
                text54                         00147B  000054  0014CF      28F6       0  CODE        2
                text47                         0014CF  000057  001526      299E       0  CODE        2
                text30                         001526  000057  00157D      2A4C       0  CODE        2
                text14                         00157D  000058  0015D5      2AFA       0  CODE        2
                text7                          0015D5  00005A  00162F      2BAA       0  CODE        2
                text50                         00162F  00005B  00168A      2C5E       0  CODE        2
                text31                         00168A  00005B  0016E5      2D14       0  CODE        2
                text10                         0016E5  00005B  001740      2DCA       0  CODE        2
                text58                         001740  000060  0017A0      2E80       0  CODE        2
                text51                         0017A0  000060  001800      2F40       0  CODE        2
                stringtext3                    001800  00009B  00189B      3000       0  STRCODE     2
                text35                         001FE8  000004  001FEC      3FD0       0  CODE        2
                text33                         001FEC  000004  001FF0      3FD8       0  CODE        2
                clrtext                        001FF0  000006  001FF6      3FE0       0  CODE        2
                text39                         001FF6  00000A  002000      3FEC       0  CODE        2
                config                         008007  000002  008009     1000E       0  CONFIG      2


UNUSED ADDRESS RANGES

        Name                Unused          Largest block    Delta
        BANK1            000E2-000EF               E           1
        BANK10           00520-0056F              50           1
        BANK11           005A0-005EF              50           1
        BANK12           00620-0064F              30           1
        BANK3            001E2-001EF               E           1
        BANK4            00260-0026F              10           1
        BANK5            002E0-002EF              10           1
        BANK6            00360-0036F              10           1
        BANK7            003A0-003EF              50           1
        BANK8            00420-0046F              50           1
        BANK9            004A0-004EF              50           1
        BIGRAM           02000-023EF             3F0           1
        CODE             00002-00003               2           2
                         007FF-00800               1
                         01034-01034               1
                         0189B-01FE7             74D
        CONST            00002-00003               2           2
                         007FF-00800               1
                         01034-01034               1
                         0189B-01FE7             100
        ENTRY            00002-00003               2           2
                         007FF-00800               1
                         01034-01034               1
                         0189B-01FE7             100
        IDLOC            08000-08003               4           2
        RAM              000E2-000EF               E           1
                         001E2-001EF               E
                         00260-0026F              10
                         002E0-002EF              10
                         00360-0036F              10
                         003A0-003EF              50
                         00420-0046F              50
                         004A0-004EF              50
                         00520-0056F              50
                         005A0-005EF              50
                         00620-0064F              30
        SFR0             00000-0001F              20           1
        SFR1             00080-0009F              20           1
        SFR10            00500-0051F              20           1
        SFR11            00580-0059F              20           1
        SFR12            00600-0061F              20           1
        SFR13            00680-006EF              70           1
        SFR14            00700-0076F              70           1
        SFR15            00780-007EF              70           1
        SFR16            00800-0086F              70           1
        SFR17            00880-008EF              70           1
        SFR18            00900-0096F              70           1
        SFR19            00980-009EF              70           1
        SFR2             00100-0011F              20           1
        SFR20            00A00-00A6F              70           1
        SFR21            00A80-00AEF              70           1
        SFR22            00B00-00B6F              70           1
        SFR23            00B80-00BEF              70           1
        SFR24            00C00-00C6F              70           1
        SFR25            00C80-00CEF              70           1
        SFR26            00D00-00D6F              70           1
        SFR27            00D80-00DEF              70           1
        SFR28            00E00-00E6F              70           1
        SFR29            00E80-00EEF              70           1
        SFR3             00180-0019F              20           1
        SFR30            00F00-00F6F              70           1
        SFR31            00F80-00FEF              70           1
        SFR4             00200-0021F              20           1
        SFR5             00280-0029F              20           1
        SFR6             00300-0031F              20           1
        SFR7             00380-0039F              20           1
        SFR8             00400-0041F              20           1
        SFR9             00480-0049F              20           1
        STACK            02220-023EF             1D0           1
        STRCODE          00002-00003               2           2
                         007FF-00800               2
                         01034-01034               1
                         0189B-01FE7             74D
        STRING           00002-00003               2           2
                         007FF-00800               1
                         01034-01034               1
                         0189B-01FE7             100

                                  Symbol Table

?_USBTransferOnePacket                      cstackBANK1  000AE
?i1_USBTransferOnePacket                    cstackCOMMON 00070
CDCTxService@byte_to_send                   cstackBANK1  000BB
CDCTxService@i                              cstackBANK1  000BA
USBConfigureEndpoint@EPNum                  cstackBANK1  000B3
USBConfigureEndpoint@direction              cstackBANK1  000AE
USBConfigureEndpoint@handle                 cstackBANK1  000B4
USBCtrlTrfInHandler@lastDTS                 cstackBANK1  000B3
USBCtrlTrfRxService@byteToRead              cstackBANK1  000B3
USBCtrlTrfRxService@i                       cstackBANK1  000B2
USBCtrlTrfTxService@byteToSend              cstackBANK1  000B0
USBDeviceInit@i                             cstackBANK1  000B2
USBDeviceInit@i_1509                        cstackBANK1  000B1
USBDeviceInit@p                             cstackBANK1  000AF
USBDeviceTasks@i                            cstackBANK2  0016F
USBEnableEndpoint@ep                        cstackBANK1  000BA
USBEnableEndpoint@options                   cstackBANK1  000B5
USBEnableEndpoint@p                         cstackBANK1  000B8
USBStdFeatureReqHandler@current_ep_data     cstackBANK2  00169
USBStdFeatureReqHandler@p                   cstackBANK2  0016A
USBStdFeatureReqHandler@pUEP                cstackBANK2  00167
USBStdGetStatusHandler@p                    cstackBANK1  000AF
USBStdSetCfgHandler@i                       cstackBANK2  0016A
USBStdSetCfgHandler@i_2174                  cstackBANK2  00169
USBStdSetCfgHandler@p                       cstackBANK2  00167
USBTransferOnePacket@data                   cstackBANK1  000AF
USBTransferOnePacket@dir                    cstackBANK1  000AE
USBTransferOnePacket@ep                     cstackBANK1  000B6
USBTransferOnePacket@handle                 cstackBANK1  000B7
USBTransferOnePacket@len                    cstackBANK1  000B1
USER_USB_CALLBACK_EVENT_HANDLER@event       cstackBANK1  000BC
USER_USB_CALLBACK_EVENT_HANDLER@pdata       cstackBANK1  000BE
USER_USB_CALLBACK_EVENT_HANDLER@size        cstackBANK1  000C0
_ACTCON                                     (abs)        0039B
_ANSELA                                     (abs)        0018C
_ANSELC                                     (abs)        0018E
_APFCON                                     (abs)        0011D
_BDT                                        (abs)        00020
_BothEP0OutUOWNsSet                         bssBANK2     0014C
_CDCDataInHandle                            bssBANK2     0013E
_CDCDataOutHandle                           bssBANK2     00140
_CDCInitEP                                  text19       012EB
_CDCTxService                               text27       004BD
_CtrlTrfData                                (abs)        00060
_INTCONbits                                 (abs)        0000B
_INTERRUPT_InterruptManager                 intentry     00004
_LATA                                       (abs)        0010C
_LATC                                       (abs)        0010E
_OPTION_REGbits                             (abs)        00095
_OSCCON                                     (abs)        00099
_OSCILLATOR_Initialize                      text39       01FF6
_OSCTUNE                                    (abs)        00098
_PIE2bits                                   (abs)        00092
_PIN_MANAGER_Initialize                     text38       01062
_PIR2bits                                   (abs)        00012
_PLLRDY                                     (abs)        004D6
_PORTC                                      (abs)        0000E
_RemoteWakeup                               bssBANK2     0014E
_SYSTEM_Initialize                          text34       01043
_SetupPkt                                   (abs)        00050
_TRISA                                      (abs)        0008C
_TRISC                                      (abs)        0008E
_UADDR                                      (abs)        00E96
_UCFG                                       (abs)        00E91
_UCON                                       (abs)        00E8E
_UCONbits                                   (abs)        00E8E
_UEIE                                       (abs)        00E97
_UEIR                                       (abs)        00E93
_UEP0                                       (abs)        00E98
_UEP0bits                                   (abs)        00E98
_UEP1                                       (abs)        00E99
_UIE                                        (abs)        00E92
_UIEbits                                    (abs)        00E92
_UIR                                        (abs)        00E90
_UIRbits                                    (abs)        00E90
_USB1msTickCount                            bssBANK2     00130
_USBActiveConfiguration                     bssBANK1     000E1
_USBAlternateInterface                      bssBANK2     00165
_USBBusIsSuspended                          bssBANK2     0014D
_USBCheckCDCRequest                         text18       00898
_USBCheckStdRequest                         text11       00838
_USBConfigureEndpoint                       text21       013A9
_USBCtrlEPAllowDataStage                    text10       016E5
_USBCtrlEPAllowStatusStage                  text24       00AAD
_USBCtrlEPService                           text7        015D5
_USBCtrlEPServiceComplete                   text9        00ED1
_USBCtrlTrfInHandler                        text25       00961
_USBCtrlTrfOutHandler                       text22       00801
_USBCtrlTrfRxService                        text23       006F2
_USBCtrlTrfSetupHandler                     text8        01433
_USBCtrlTrfTxService                        text26       00A3B
_USBDeferINDataStagePackets                 bssBANK2     00148
_USBDeferOUTDataStagePackets                bssBANK2     00147
_USBDeferStatusStagePacket                  bssBANK1     000DA
_USBDeviceAttach                            text37       010DA
_USBDeviceInit                              text36       0058F
_USBDeviceState                             bssBANK1     000DF
_USBDeviceTasks                             text2        002F7
_USBEnableEndpoint                          text20       011B0
_USBIncrement1msInternalTimers              text6        010F6
_USBStallHandler                            text5        011F8
_USBStatusStageEnabledFlag1                 bssBANK2     0014A
_USBStatusStageEnabledFlag2                 bssBANK2     00149
_USBStatusStageTimeoutCounter               bssBANK2     0014B
_USBStdFeatureReqHandler                    text16       0004D
_USBStdGetDscHandler                        text15       00BA0
_USBStdGetStatusHandler                     text14       0157D
_USBStdSetCfgHandler                        text12       00D20
_USBSuspend                                 text4        01131
_USBTicksSinceSuspendEnd                    bssBANK2     00146
_USBTransferOnePacket                       text32       00C9F
_USBWakeFromSuspend                         text3        01190
_USB_CD_Ptr                                 stringtext2  01899
_USB_SD_Ptr                                 stringtext1  0188F
_USER_USB_CALLBACK_EVENT_HANDLER            text17       0124F
_USTAT                                      (abs)        00E8F
_USTATcopy                                  bssBANK1     000E0
_WDTCON                                     (abs)        00097
_WDT_Initialize                             text35       01FE8
_WPUA                                       (abs)        0020C
__CFG_BOREN$ON                              (abs)        00000
__CFG_BORV$LO                               (abs)        00000
__CFG_CLKOUTEN$OFF                          (abs)        00000
__CFG_CP$OFF                                (abs)        00000
__CFG_CPUDIV$NOCLKDIV                       (abs)        00000
__CFG_FCMEN$ON                              (abs)        00000
__CFG_FOSC$INTOSC                           (abs)        00000
__CFG_IESO$ON                               (abs)        00000
__CFG_LPBOR$OFF                             (abs)        00000
__CFG_LVP$ON                                (abs)        00000
__CFG_MCLRE$ON                              (abs)        00000
__CFG_PLLEN$ENABLED                         (abs)        00000
__CFG_PLLMULT$3x                            (abs)        00000
__CFG_PWRTE$OFF                             (abs)        00000
__CFG_STVREN$ON                             (abs)        00000
__CFG_USBLSCLK$48MHz                        (abs)        00000
__CFG_WDTE$OFF                              (abs)        00000
__CFG_WRT$OFF                               (abs)        00000
__Habs1                                     abs1         00000
__Hbank0                                    bank0        00000
__Hbank1                                    bank1        00000
__Hbank10                                   bank10       00000
__Hbank11                                   bank11       00000
__Hbank12                                   bank12       00000
__Hbank13                                   bank13       00000
__Hbank14                                   bank14       00000
__Hbank15                                   bank15       00000
__Hbank16                                   bank16       00000
__Hbank17                                   bank17       00000
__Hbank18                                   bank18       00000
__Hbank19                                   bank19       00000
__Hbank2                                    bank2        00000
__Hbank20                                   bank20       00000
__Hbank21                                   bank21       00000
__Hbank22                                   bank22       00000
__Hbank23                                   bank23       00000
__Hbank24                                   bank24       00000
__Hbank25                                   bank25       00000
__Hbank26                                   bank26       00000
__Hbank27                                   bank27       00000
__Hbank28                                   bank28       00000
__Hbank29                                   bank29       00000
__Hbank3                                    bank3        00000
__Hbank30                                   bank30       00000
__Hbank31                                   bank31       00000
__Hbank4                                    bank4        00000
__Hbank5                                    bank5        00000
__Hbank6                                    bank6        00000
__Hbank7                                    bank7        00000
__Hbank8                                    bank8        00000
__Hbank9                                    bank9        00000
__Hbigram                                   bigram       00000
__HbssBANK1                                 bssBANK1     00000
__HbssBANK2                                 bssBANK2     00000
__HbssBANK3                                 bssBANK3     00000
__HbssBANK4                                 bssBANK4     00000
__HbssBANK5                                 bssBANK5     00000
__HbssBANK6                                 bssBANK6     00000
__Hcinit                                    cinit        0004D
__Hclrtext                                  clrtext      00000
__Hcode                                     code         00000
__Hcommon                                   common       00000
__Hconfig                                   config       08009
__HcstackBANK0h                             cstackBANK0h 00000
__HcstackBANK1                              cstackBANK1  00000
__HcstackBANK2                              cstackBANK2  00000
__HcstackBANK3                              cstackBANK3  00000
__HcstackCOMMON                             cstackCOMMON 00000
__Heeprom_data                              eeprom_data  00000
__Hend_init                                 end_init     0001A
__Hfunctab                                  functab      00000
__Hidloc                                    idloc        00000
__Hinit                                     init         00018
__Hintentry                                 intentry     00018
__Hmaintext                                 maintext     00000
__Hpowerup                                  powerup      00000
__Hram                                      ram          00000
__Hreset_vec                                reset_vec    00002
__Hsfr0                                     sfr0         00000
__Hsfr1                                     sfr1         00000
__Hsfr10                                    sfr10        00000
__Hsfr11                                    sfr11        00000
__Hsfr12                                    sfr12        00000
__Hsfr13                                    sfr13        00000
__Hsfr14                                    sfr14        00000
__Hsfr15                                    sfr15        00000
__Hsfr16                                    sfr16        00000
__Hsfr17                                    sfr17        00000
__Hsfr18                                    sfr18        00000
__Hsfr19                                    sfr19        00000
__Hsfr2                                     sfr2         00000
__Hsfr20                                    sfr20        00000
__Hsfr21                                    sfr21        00000
__Hsfr22                                    sfr22        00000
__Hsfr23                                    sfr23        00000
__Hsfr24                                    sfr24        00000
__Hsfr25                                    sfr25        00000
__Hsfr26                                    sfr26        00000
__Hsfr27                                    sfr27        00000
__Hsfr28                                    sfr28        00000
__Hsfr29                                    sfr29        00000
__Hsfr3                                     sfr3         00000
__Hsfr30                                    sfr30        00000
__Hsfr31                                    sfr31        00000
__Hsfr4                                     sfr4         00000
__Hsfr5                                     sfr5         00000
__Hsfr6                                     sfr6         00000
__Hsfr7                                     sfr7         00000
__Hsfr8                                     sfr8         00000
__Hsfr9                                     sfr9         00000
__Hspace_0                                  (abs)        08009
__Hspace_1                                  (abs)        00360
__Hspace_2                                  (abs)        00000
__Hspace_3                                  (abs)        00000
__Hstack                                    stack        00000
__Hstrings                                  strings      00000
__Hstringtext1                              stringtext1  00000
__Hstringtext2                              stringtext2  00000
__Hstringtext3                              stringtext3  00000
__Hstringtext4                              stringtext4  00000
__Hstringtext5                              stringtext5  00000
__Hstringtext6                              stringtext6  00000
__Hstringtext7                              stringtext7  00000
__Htext                                     text         00000
__Labs1                                     abs1         00000
__Lbank0                                    bank0        00000
__Lbank1                                    bank1        00000
__Lbank10                                   bank10       00000
__Lbank11                                   bank11       00000
__Lbank12                                   bank12       00000
__Lbank13                                   bank13       00000
__Lbank14                                   bank14       00000
__Lbank15                                   bank15       00000
__Lbank16                                   bank16       00000
__Lbank17                                   bank17       00000
__Lbank18                                   bank18       00000
__Lbank19                                   bank19       00000
__Lbank2                                    bank2        00000
__Lbank20                                   bank20       00000
__Lbank21                                   bank21       00000
__Lbank22                                   bank22       00000
__Lbank23                                   bank23       00000
__Lbank24                                   bank24       00000
__Lbank25                                   bank25       00000
__Lbank26                                   bank26       00000
__Lbank27                                   bank27       00000
__Lbank28                                   bank28       00000
__Lbank29                                   bank29       00000
__Lbank3                                    bank3        00000
__Lbank30                                   bank30       00000
__Lbank31                                   bank31       00000
__Lbank4                                    bank4        00000
__Lbank5                                    bank5        00000
__Lbank6                                    bank6        00000
__Lbank7                                    bank7        00000
__Lbank8                                    bank8        00000
__Lbank9                                    bank9        00000
__Lbigram                                   bigram       00000
__LbssBANK1                                 bssBANK1     00000
__LbssBANK2                                 bssBANK2     00000
__LbssBANK3                                 bssBANK3     00000
__LbssBANK4                                 bssBANK4     00000
__LbssBANK5                                 bssBANK5     00000
__LbssBANK6                                 bssBANK6     00000
__Lcinit                                    cinit        0001A
__Lclrtext                                  clrtext      00000
__Lcode                                     code         00000
__Lcommon                                   common       00000
__Lconfig                                   config       08007
__LcstackBANK0h                             cstackBANK0h 00000
__LcstackBANK1                              cstackBANK1  00000
__LcstackBANK2                              cstackBANK2  00000
__LcstackBANK3                              cstackBANK3  00000
__LcstackCOMMON                             cstackCOMMON 00000
__Leeprom_data                              eeprom_data  00000
__Lend_init                                 end_init     00018
__Lfunctab                                  functab      00000
__Lidloc                                    idloc        00000
__Linit                                     init         00018
__Lintentry                                 intentry     00004
__Lmaintext                                 maintext     00000
__Lpowerup                                  powerup      00000
__Lram                                      ram          00000
__Lreset_vec                                reset_vec    00000
__Lsfr0                                     sfr0         00000
__Lsfr1                                     sfr1         00000
__Lsfr10                                    sfr10        00000
__Lsfr11                                    sfr11        00000
__Lsfr12                                    sfr12        00000
__Lsfr13                                    sfr13        00000
__Lsfr14                                    sfr14        00000
__Lsfr15                                    sfr15        00000
__Lsfr16                                    sfr16        00000
__Lsfr17                                    sfr17        00000
__Lsfr18                                    sfr18        00000
__Lsfr19                                    sfr19        00000
__Lsfr2                                     sfr2         00000
__Lsfr20                                    sfr20        00000
__Lsfr21                                    sfr21        00000
__Lsfr22                                    sfr22        00000
__Lsfr23                                    sfr23        00000
__Lsfr24                                    sfr24        00000
__Lsfr25                                    sfr25        00000
__Lsfr26                                    sfr26        00000
__Lsfr27                                    sfr27        00000
__Lsfr28                                    sfr28        00000
__Lsfr29                                    sfr29        00000
__Lsfr3                                     sfr3         00000
__Lsfr30                                    sfr30        00000
__Lsfr31                                    sfr31        00000
__Lsfr4                                     sfr4         00000
__Lsfr5                                     sfr5         00000
__Lsfr6                                     sfr6         00000
__Lsfr7                                     sfr7         00000
__Lsfr8                                     sfr8         00000
__Lsfr9                                     sfr9         00000
__Lspace_0                                  (abs)        00000
__Lspace_1                                  (abs)        00000
__Lspace_2                                  (abs)        00000
__Lspace_3                                  (abs)        00000
__Lstack                                    stack        00000
__Lstrings                                  strings      00000
__Lstringtext1                              stringtext1  00000
__Lstringtext2                              stringtext2  00000
__Lstringtext3                              stringtext3  00000
__Lstringtext4                              stringtext4  00000
__Lstringtext5                              stringtext5  00000
__Lstringtext6                              stringtext6  00000
__Lstringtext7                              stringtext7  00000
__Ltext                                     text         00000
__S0                                        (abs)        08009
__S1                                        (abs)        00360
__S2                                        (abs)        00000
___int_sp                                   stack        00000
___latbits                                  (abs)        00002
___sp                                       stack        00000
__end_of_CDCInitEP                          text19       01328
__end_of_CDCTxService                       text27       0058F
__end_of_INTERRUPT_InterruptManager         intentry     00018
__end_of_OSCILLATOR_Initialize              text39       02000
__end_of_PIN_MANAGER_Initialize             text38       01077
__end_of_SYSTEM_Initialize                  text34       01052
__end_of_USBCheckCDCRequest                 text18       008F9
__end_of_USBCheckStdRequest                 text11       00898
__end_of_USBConfigureEndpoint               text21       013EB
__end_of_USBCtrlEPAllowDataStage            text10       01740
__end_of_USBCtrlEPAllowStatusStage          text24       00B21
__end_of_USBCtrlEPService                   text7        0162F
__end_of_USBCtrlEPServiceComplete           text9        00F63
__end_of_USBCtrlTrfInHandler                text25       009C9
__end_of_USBCtrlTrfOutHandler               text22       00838
__end_of_USBCtrlTrfRxService                text23       0078F
__end_of_USBCtrlTrfSetupHandler             text8        0147B
__end_of_USBCtrlTrfTxService                text26       00AAD
__end_of_USBDeviceAttach                    text37       010F6
__end_of_USBDeviceInit                      text36       00645
__end_of_USBDeviceTasks                     text2        003E0
__end_of_USBEnableEndpoint                  text20       011D3
__end_of_USBIncrement1msInternalTimers      text6        01112
__end_of_USBStallHandler                    text5        0121F
__end_of_USBStdFeatureReqHandler            text16       001A4
__end_of_USBStdGetDscHandler                text15       00C1F
__end_of_USBStdGetStatusHandler             text14       015D5
__end_of_USBStdSetCfgHandler                text12       00DAE
__end_of_USBSuspend                         text4        01150
__end_of_USBTransferOnePacket               text32       00D20
__end_of_USBWakeFromSuspend                 text3        011B0
__end_of_USB_CD_Ptr                         stringtext2  0189B
__end_of_USB_SD_Ptr                         stringtext1  01895
__end_of_USER_USB_CALLBACK_EVENT_HANDLER    text17       0127F
__end_of_WDT_Initialize                     text35       01FEC
__end_of__initialization                    cinit        00049
__end_of_configDescriptor1                  stringtext3  01843
__end_of_device_dsc                         stringtext6  0188F
__end_of_getsUSBUSART                       text31       016E5
__end_of_gpio_init                          text33       01FF0
__end_of_gpio_task                          text28       01368
__end_of_main                               maintext     01062
__end_of_memset                             text13       010C0
__end_of_process_gpio_cmd                   text30       0157D
__end_of_putUSBUSART                        text29       010DA
__end_of_sd000                              stringtext7  01899
__end_of_sd001                              stringtext5  0187D
__end_of_sd002                              stringtext4  0186B
__end_of_usb_task                           text1        01043
__end_ofi1_CDCInitEP                        text59       012B4
__end_ofi1_USBCheckCDCRequest               text58       017A0
__end_ofi1_USBCheckStdRequest               text51       01800
__end_ofi1_USBConfigureEndpoint             text62       013A9
__end_ofi1_USBCtrlEPAllowDataStage          text50       0168A
__end_ofi1_USBCtrlEPAllowStatusStage        text65       007FF
__end_ofi1_USBCtrlEPService                 text47       01526
__end_ofi1_USBCtrlEPServiceComplete         text49       00ED1
__end_ofi1_USBCtrlTrfInHandler              text66       00961
__end_ofi1_USBCtrlTrfOutHandler             text63       012EB
__end_ofi1_USBCtrlTrfRxService              text64       01000
__end_ofi1_USBCtrlTrfSetupHandler           text48       01433
__end_ofi1_USBCtrlTrfTxService              text67       00A3B
__end_ofi1_USBDeviceInit                    text46       006F2
__end_ofi1_USBDeviceTasks                   text41       004BD
__end_ofi1_USBEnableEndpoint                text61       01170
__end_ofi1_USBIncrement1msInternalTimers    text45       010A7
__end_ofi1_USBStallHandler                  text44       011F8
__end_ofi1_USBStdFeatureReqHandler          text56       002F7
__end_ofi1_USBStdGetDscHandler              text55       00BA0
__end_ofi1_USBStdGetStatusHandler           text54       014CF
__end_ofi1_USBStdSetCfgHandler              text52       00E3F
__end_ofi1_USBSuspend                       text43       01131
__end_ofi1_USBTransferOnePacket             text60       00C9F
__end_ofi1_USBWakeFromSuspend               text42       01190
__end_ofi1_USER_USB_CALLBACK_EVENT_HANDLER  text57       0124F
__end_ofi1_memset                           text53       0108F
__initialization                            cinit        0001A
__pbssBANK1                                 bssBANK1     000C6
__pbssBANK2                                 bssBANK2     00120
__pbssBANK3                                 bssBANK3     001A0
__pbssBANK4                                 bssBANK4     00220
__pbssBANK5                                 bssBANK5     002A0
__pbssBANK6                                 bssBANK6     00320
__pcstackBANK0h                             cstackBANK0h 00058
__pcstackBANK1                              cstackBANK1  000A0
__pcstackBANK2                              cstackBANK2  00167
__pcstackBANK3                              cstackBANK3  001E0
__pcstackCOMMON                             cstackCOMMON 00070
__pintentry                                 intentry     00004
__pmaintext                                 maintext     01052
__pstringtext1                              stringtext1  0188F
__pstringtext2                              stringtext2  01899
__pstringtext3                              stringtext3  01800
__pstringtext4                              stringtext4  01843
__pstringtext5                              stringtext5  0186B
__pstringtext6                              stringtext6  0187D
__pstringtext7                              stringtext7  01895
__pswtext1                                  swtext1      01000
__pswtext2                                  swtext2      0101A
__ptext1                                    text1        01035
__ptext10                                   text10       016E5
__ptext11                                   text11       00838
__ptext12                                   text12       00D20
__ptext13                                   text13       010A7
__ptext14                                   text14       0157D
__ptext15                                   text15       00BA0
__ptext16                                   text16       0004D
__ptext17                                   text17       0124F
__ptext18                                   text18       00898
__ptext19                                   text19       012EB
__ptext2                                    text2        002F7
__ptext20                                   text20       011B0
__ptext21                                   text21       013A9
__ptext22                                   text22       00801
__ptext23                                   text23       006F2
__ptext24                                   text24       00AAD
__ptext25                                   text25       00961
__ptext26                                   text26       00A3B
__ptext27                                   text27       004BD
__ptext28                                   text28       01328
__ptext29                                   text29       010C0
__ptext3                                    text3        01190
__ptext30                                   text30       01526
__ptext31                                   text31       0168A
__ptext32                                   text32       00C9F
__ptext33                                   text33       01FEC
__ptext34                                   text34       01043
__ptext35                                   text35       01FE8
__ptext36                                   text36       0058F
__ptext37                                   text37       010DA
__ptext38                                   text38       01062
__ptext39                                   text39       01FF6
__ptext4                                    text4        01131
__ptext41                                   text41       003E0
__ptext42                                   text42       01170
__ptext43                                   text43       01112
__ptext44                                   text44       011D3
__ptext45                                   text45       0108F
__ptext46                                   text46       00645
__ptext47                                   text47       014CF
__ptext48                                   text48       013EB
__ptext49                                   text49       00E3F
__ptext5                                    text5        011F8
__ptext50                                   text50       0162F
__ptext51                                   text51       017A0
__ptext52                                   text52       00DAE
__ptext53                                   text53       01077
__ptext54                                   text54       0147B
__ptext55                                   text55       00B21
__ptext56                                   text56       001A4
__ptext57                                   text57       0121F
__ptext58                                   text58       01740
__ptext59                                   text59       0127F
__ptext6                                    text6        010F6
__ptext60                                   text60       00C1F
__ptext61                                   text61       01150
__ptext62                                   text62       01368
__ptext63                                   text63       012B4
__ptext64                                   text64       00F63
__ptext65                                   text65       0078F
__ptext66                                   text66       008F9
__ptext67                                   text67       009C9
__ptext7                                    text7        015D5
__ptext8                                    text8        01433
__ptext9                                    text9        00ED1
__size_of_CDCInitEP                         (abs)        00000
__size_of_CDCTxService                      (abs)        00000
__size_of_INTERRUPT_InterruptManager        (abs)        00000
__size_of_OSCILLATOR_Initialize             (abs)        00000
__size_of_PIN_MANAGER_Initialize            (abs)        00000
__size_of_SYSTEM_Initialize                 (abs)        00000
__size_of_USBCheckCDCRequest                (abs)        00000
__size_of_USBCheckStdRequest                (abs)        00000
__size_of_USBConfigureEndpoint              (abs)        00000
__size_of_USBCtrlEPAllowDataStage           (abs)        00000
__size_of_USBCtrlEPAllowStatusStage         (abs)        00000
__size_of_USBCtrlEPService                  (abs)        00000
__size_of_USBCtrlEPServiceComplete          (abs)        00000
__size_of_USBCtrlTrfInHandler               (abs)        00000
__size_of_USBCtrlTrfOutHandler              (abs)        00000
__size_of_USBCtrlTrfRxService               (abs)        00000
__size_of_USBCtrlTrfSetupHandler            (abs)        00000
__size_of_USBCtrlTrfTxService               (abs)        00000
__size_of_USBDeviceAttach                   (abs)        00000
__size_of_USBDeviceInit                     (abs)        00000
__size_of_USBDeviceTasks                    (abs)        00000
__size_of_USBEnableEndpoint                 (abs)        00000
__size_of_USBIncrement1msInternalTimers     (abs)        00000
__size_of_USBStallHandler                   (abs)        00000
__size_of_USBStdFeatureReqHandler           (abs)        00000
__size_of_USBStdGetDscHandler               (abs)        00000
__size_of_USBStdGetStatusHandler            (abs)        00000
__size_of_USBStdSetCfgHandler               (abs)        00000
__size_of_USBSuspend                        (abs)        00000
__size_of_USBTransferOnePacket              (abs)        00000
__size_of_USBWakeFromSuspend                (abs)        00000
__size_of_USER_USB_CALLBACK_EVENT_HANDLER   (abs)        00000
__size_of_WDT_Initialize                    (abs)        00000
__size_of_getsUSBUSART                      (abs)        00000
__size_of_gpio_init                         (abs)        00000
__size_of_gpio_task                         (abs)        00000
__size_of_main                              (abs)        00000
__size_of_memset                            (abs)        00000
__size_of_process_gpio_cmd                  (abs)        00000
__size_of_putUSBUSART                       (abs)        00000
__size_of_usb_task                          (abs)        00000
__size_ofi1_CDCInitEP                       (abs)        00000
__size_ofi1_USBCheckCDCRequest              (abs)        00000
__size_ofi1_USBCheckStdRequest              (abs)        00000
__size_ofi1_USBConfigureEndpoint            (abs)        00000
__size_ofi1_USBCtrlEPAllowDataStage         (abs)        00000
__size_ofi1_USBCtrlEPAllowStatusStage       (abs)        00000
__size_ofi1_USBCtrlEPService                (abs)        00000
__size_ofi1_USBCtrlEPServiceComplete        (abs)        00000
__size_ofi1_USBCtrlTrfInHandler             (abs)        00000
__size_ofi1_USBCtrlTrfOutHandler            (abs)        00000
__size_ofi1_USBCtrlTrfRxService             (abs)        00000
__size_ofi1_USBCtrlTrfSetupHandler          (abs)        00000
__size_ofi1_USBCtrlTrfTxService             (abs)        00000
__size_ofi1_USBDeviceInit                   (abs)        00000
__size_ofi1_USBDeviceTasks                  (abs)        00000
__size_ofi1_USBEnableEndpoint               (abs)        00000
__size_ofi1_USBIncrement1msInternalTimers   (abs)        00000
__size_ofi1_USBStallHandler                 (abs)        00000
__size_ofi1_USBStdFeatureReqHandler         (abs)        00000
__size_ofi1_USBStdGetDscHandler             (abs)        00000
__size_ofi1_USBStdGetStatusHandler          (abs)        00000
__size_ofi1_USBStdSetCfgHandler             (abs)        00000
__size_ofi1_USBSuspend                      (abs)        00000
__size_ofi1_USBTransferOnePacket            (abs)        00000
__size_ofi1_USBWakeFromSuspend              (abs)        00000
__size_ofi1_USER_USB_CALLBACK_EVENT_HANDLER (abs)        00000
__size_ofi1_memset                          (abs)        00000
_cdc_data_rx                                bssBANK3     001A0
_cdc_data_tx                                bssBANK4     00220
_cdc_mem_type                               bssBANK2     00152
_cdc_rx_len                                 bssBANK2     00155
_cdc_trf_state                              bssBANK2     00154
_cdc_tx_len                                 bssBANK2     00153
_configDescriptor1                          stringtext3  01800
_controlTransferState                       bssBANK1     000DC
_control_signal_bitmap                      bssBANK2     00151
_device_dsc                                 stringtext6  0187D
_dummy_encapsulated_cmd_response            bssBANK2     00156
_endpoint_number                            bssBANK1     000DB
_ep_data_in                                 bssBANK2     0013B
_ep_data_out                                bssBANK2     00138
_getsUSBUSART                               text31       0168A
_gpio_init                                  text33       01FEC
_gpio_task                                  text28       01328
_inPipes                                    bssBANK1     000D3
_line_coding                                bssBANK2     0015E
_main                                       maintext     01052
_memset                                     text13       010A7
_outPipes                                   bssBANK1     000C6
_pBDTEntryEP0OutCurrent                     bssBANK1     000DE
_pBDTEntryEP0OutNext                        bssBANK1     000D8
_pBDTEntryIn                                bssBANK1     000CD
_pBDTEntryOut                               bssBANK2     0012A
_pCDCDst                                    bssBANK2     00142
_pCDCSrc                                    bssBANK2     00144
_pDst                                       bssBANK2     0014F
_process_gpio_cmd                           text30       01526
_putUSBUSART                                text29       010C0
_sd000                                      stringtext7  01895
_sd001                                      stringtext5  0186B
_sd002                                      stringtext4  01843
_shortPacketStatus                          bssBANK1     000DD
_usb_task                                   text1        01035
btemp                                       (abs)        0007E
clear_ram0                                  clrtext      01FF0
end_of_initialization                       cinit        00049
getsUSBUSART@buffer                         cstackBANK1  000BC
getsUSBUSART@len                            cstackBANK1  000B9
gpio_task@bytes_rcvd                        cstackBANK1  000BF
gpio_task@has_output                        cstackBANK1  000C0
gpio_task@rx_ptr                            cstackBANK1  000C1
gpio_task@tx_ptr                            cstackBANK1  000C2
gpio_task@usb_rx_buf                        bssBANK5     002A0
gpio_task@usb_tx_buf                        bssBANK6     00320
i1USBConfigureEndpoint@EPNum                cstackCOMMON 00075
i1USBConfigureEndpoint@direction            cstackCOMMON 00070
i1USBConfigureEndpoint@handle               cstackCOMMON 00076
i1USBCtrlTrfInHandler@lastDTS               cstackCOMMON 00075
i1USBCtrlTrfRxService@byteToRead            cstackCOMMON 00075
i1USBCtrlTrfRxService@i                     cstackCOMMON 00074
i1USBCtrlTrfTxService@byteToSend            cstackCOMMON 00072
i1USBDeviceInit@i                           cstackCOMMON 00074
i1USBDeviceInit@i_1509                      cstackCOMMON 00073
i1USBDeviceInit@p                           cstackCOMMON 00071
i1USBDeviceTasks@i                          cstackBANK1  000AC
i1USBEnableEndpoint@ep                      cstackCOMMON 0007C
i1USBEnableEndpoint@options                 cstackCOMMON 00077
i1USBEnableEndpoint@p                       cstackCOMMON 0007A
i1USBStdFeatureReqHandler@current_ep_data   cstackBANK1  000A2
i1USBStdFeatureReqHandler@p                 cstackBANK1  000A3
i1USBStdFeatureReqHandler@pUEP              cstackBANK1  000A0
i1USBStdGetStatusHandler@p                  cstackCOMMON 00071
i1USBStdSetCfgHandler@i                     cstackBANK1  000A3
i1USBStdSetCfgHandler@i_2174                cstackBANK1  000A2
i1USBStdSetCfgHandler@p                     cstackBANK1  000A0
i1USBTransferOnePacket@data                 cstackCOMMON 00071
i1USBTransferOnePacket@dir                  cstackCOMMON 00070
i1USBTransferOnePacket@ep                   cstackCOMMON 00078
i1USBTransferOnePacket@handle               cstackCOMMON 00079
i1USBTransferOnePacket@len                  cstackCOMMON 00073
i1USER_USB_CALLBACK_EVENT_HANDLER@event     cstackBANK0h 00058
i1USER_USB_CALLBACK_EVENT_HANDLER@pdata     cstackBANK0h 0005A
i1USER_USB_CALLBACK_EVENT_HANDLER@size      cstackBANK0h 0005C
i1_CDCInitEP                                text59       0127F
i1_USBCheckCDCRequest                       text58       01740
i1_USBCheckStdRequest                       text51       017A0
i1_USBConfigureEndpoint                     text62       01368
i1_USBCtrlEPAllowDataStage                  text50       0162F
i1_USBCtrlEPAllowStatusStage                text65       0078F
i1_USBCtrlEPService                         text47       014CF
i1_USBCtrlEPServiceComplete                 text49       00E3F
i1_USBCtrlTrfInHandler                      text66       008F9
i1_USBCtrlTrfOutHandler                     text63       012B4
i1_USBCtrlTrfRxService                      text64       00F63
i1_USBCtrlTrfSetupHandler                   text48       013EB
i1_USBCtrlTrfTxService                      text67       009C9
i1_USBDeviceInit                            text46       00645
i1_USBDeviceTasks                           text41       003E0
i1_USBEnableEndpoint                        text61       01150
i1_USBIncrement1msInternalTimers            text45       0108F
i1_USBStallHandler                          text44       011D3
i1_USBStdFeatureReqHandler                  text56       001A4
i1_USBStdGetDscHandler                      text55       00B21
i1_USBStdGetStatusHandler                   text54       0147B
i1_USBStdSetCfgHandler                      text52       00DAE
i1_USBSuspend                               text43       01112
i1_USBTransferOnePacket                     text60       00C1F
i1_USBWakeFromSuspend                       text42       01170
i1_USER_USB_CALLBACK_EVENT_HANDLER          text57       0121F
i1_memset                                   text53       01077
i1memset@c                                  cstackCOMMON 00072
i1memset@n                                  cstackCOMMON 00074
i1memset@p                                  cstackCOMMON 00076
i1memset@p1                                 cstackCOMMON 00070
int$flags                                   (abs)        0007E
intlevel0                                   functab      00000
intlevel1                                   functab      00000
intlevel2                                   functab      00000
intlevel3                                   functab      00000
intlevel4                                   functab      00000
intlevel5                                   functab      00000
memset@c                                    cstackBANK1  000B0
memset@n                                    cstackBANK1  000B2
memset@p                                    cstackBANK1  000B4
memset@p1                                   cstackBANK1  000AE
process_gpio_cmd@cmd                        cstackBANK1  000B2
process_gpio_cmd@cmd_type                   cstackBANK1  000B0
process_gpio_cmd@gpio_dir                   bssBANK2     00150
[...]
Total ram usage:        6 bytes
 Hardware stack levels used:    1
 Hardware stack levels required when called:    3
 This function calls:
		i1_CDCInitEP
		i1_USBCheckCDCRequest
 This function is called by:
		i1_USBDeviceTasks
		i1_USBStdSetCfgHandler
		i1_USBSuspend
		i1_USBWakeFromSuspend
		i1_USBCtrlTrfSetupHandler
		i1_USBCheckStdRequest
		i1_USBStdFeatureReqHandler
 This function uses a non-reentrant model


 *************** function i1_USBCheckCDCRequest *****************
 Defined at:
		line 146 in file "mcc_generated_files/usb/usb_device_cdc.c"
 Parameters:    Size  Location     Type
		None
 Auto vars:     Size  Location     Type
		None
 Return value:  Size  Location     Type
                  1    wreg      void 
 Registers used:
		wreg, fsr0l, fsr0h, status,2, status,0
 Tracked objects:
		On entry : 
		On exit  : 
		Unchanged: 
 Data sizes:     COMMON  BANK0h   BANK1   BANK2   BANK3   BANK4   BANK5   BANK6   BANK7   BANK8   BANK9  BANK10  BANK11  BANK12
      Params:         0       0       0       0       0       0       0       0       0       0       0       0       0       0
      Locals:         0       0       0       0       0       0       0       0       0       0       0       0       0       0
      Temps:          1       0       0       0       0       0       0       0       0       0       0       0       0       0
      Totals:         1       0       0       0       0       0       0       0       0       0       0       0       0       0
Total ram usage:        1 bytes
 Hardware stack levels used:    1
 This function calls:
		Nothing
 This function is called by:
		i1_USER_USB_CALLBACK_EVENT_HANDLER
 This function uses a non-reentrant model


 *************** function i1_CDCInitEP *****************
 Defined at:
		line 293 in file "mcc_generated_files/usb/usb_device_cdc.c"
 Parameters:    Size  Location     Type
		None
 Auto vars:     Size  Location     Type
		None
 Return value:  Size  Location     Type
                  1    wreg      void 
 Registers used:
		wreg, fsr1l, fsr1h, status,2, status,0, pclath, cstack
 Tracked objects:
		On entry : 
		On exit  : 
		Unchanged: 
 Data sizes:     COMMON  BANK0h   BANK1   BANK2   BANK3   BANK4   BANK5   BANK6   BANK7   BANK8   BANK9  BANK10  BANK11  BANK12
      Params:         0       0       0       0       0       0       0       0       0       0       0       0       0       0
      Locals:         0       0       0       0       0       0       0       0       0       0       0       0       0       0
      Temps:          1       0       0       0       0       0       0       0       0       0       0       0       0       0
      Totals:         1       0       0       0       0       0       0       0       0       0       0       0       0       0
Total ram usage:        1 bytes
 Hardware stack levels used:    1
 Hardware stack levels required when called:    2
 This function calls:
		i1_USBEnableEndpoint
		i1_USBTransferOnePacket
 This function is called by:
		i1_USER_USB_CALLBACK_EVENT_HANDLER
 This function uses a non-reentrant model


 *************** function i1_USBTransferOnePacket *****************
 Defined at:
		line 995 in file "mcc_generated_files/usb/usb_device.c"
 Parameters:    Size  Location     Type
  ep              1    wreg     unsigned char 
  dir             1    0[COMMON] unsigned char 
  data            2    1[COMMON] PTR unsigned char 
		 -> cdc_data_tx(64), NULL(0), cdc_data_rx(64), 
  len             1    3[COMMON] unsigned char 
 Auto vars:     Size  Location     Type
  ep              1    8[COMMON] unsigned char 
  USBTransferO    2    9[COMMON] PTR volatile struct __BD
		 -> RAM(4096), BDT(48), NULL(0), 
 Return value:  Size  Location     Type
                  2    0[COMMON] PTR void 
 Registers used:
		wreg, fsr1l, fsr1h, status,2, status,0
 Tracked objects:
		On entry : 
		On exit  : 
		Unchanged: 
 Data sizes:     COMMON  BANK0h   BANK1   BANK2   BANK3   BANK4   BANK5   BANK6   BANK7   BANK8   BANK9  BANK10  BANK11  BANK12
      Params:         4       0       0       0       0       0       0       0       0       0       0       0       0       0
      Locals:         3       0       0       0       0       0       0       0       0       0       0       0       0       0
      Temps:          4       0       0       0       0       0       0       0       0       0       0       0       0       0
      Totals:        11       0       0       0       0       0       0       0       0       0       0       0       0       0
Total ram usage:       11 bytes
 Hardware stack levels used:    1
 This function calls:
		Nothing
 This function is called by:
		i1_CDCInitEP
 This function uses a non-reentrant model


 *************** function i1_USBEnableEndpoint *****************
 Defined at:
		line 878 in file "mcc_generated_files/usb/usb_device.c"
 Parameters:    Size  Location     Type
  ep              1    wreg     unsigned char 
  options         1    7[COMMON] unsigned char 
 Auto vars:     Size  Location     Type
  ep              1   12[COMMON] unsigned char 
  USBEnableEnd    2   10[COMMON] PTR unsigned char 
		 -> UEP0(1), 
 Return value:  Size  Location     Type
                  1    wreg      void 
 Registers used:
		wreg, fsr1l, fsr1h, status,2, status,0, pclath, cstack
 Tracked objects:
		On entry : 
		On exit  : 
		Unchanged: 
 Data sizes:     COMMON  BANK0h   BANK1   BANK2   BANK3   BANK4   BANK5   BANK6   BANK7   BANK8   BANK9  BANK10  BANK11  BANK12
      Params:         1       0       0       0       0       0       0       0       0       0       0       0       0       0
      Locals:         3       0       0       0       0       0       0       0       0       0       0       0       0       0
      Temps:          2       0       0       0       0       0       0       0       0       0       0       0       0       0
      Totals:         6       0       0       0       0       0       0       0       0       0       0       0       0       0
Total ram usage:        6 bytes
 Hardware stack levels used:    1
 Hardware stack levels required when called:    1
 This function calls:
		i1_USBConfigureEndpoint
 This function is called by:
		i1_CDCInitEP
 This function uses a non-reentrant model


 *************** function i1_USBConfigureEndpoint *****************
 Defined at:
		line 1543 in file "mcc_generated_files/usb/usb_device.c"
 Parameters:    Size  Location     Type
  EPNum           1    wreg     unsigned char 
  direction       1    0[COMMON] unsigned char 
 Auto vars:     Size  Location     Type
  EPNum           1    5[COMMON] unsigned char 
  USBConfigure    1    6[COMMON] PTR volatile struct __BD
		 -> BDT(48), 
 Return value:  Size  Location     Type
                  1    wreg      void 
 Registers used:
		wreg, fsr1l, fsr1h, status,2, status,0
 Tracked objects:
		On entry : 
		On exit  : 
		Unchanged: 
 Data sizes:     COMMON  BANK0h   BANK1   BANK2   BANK3   BANK4   BANK5   BANK6   BANK7   BANK8   BANK9  BANK10  BANK11  BANK12
      Params:         1       0       0       0       0       0       0       0       0       0       0       0       0       0
      Locals:         2       0       0       0       0       0       0       0       0       0       0       0       0       0
      Temps:          4       0       0       0       0       0       0       0       0       0       0       0       0       0
      Totals:         7       0       0       0       0       0       0       0       0       0       0       0       0       0
Total ram usage:        7 bytes
 Hardware stack levels used:    1
 This function calls:
		Nothing
 This function is called by:
		i1_USBEnableEndpoint
 This function uses a non-reentrant model


 *************** function i1_USBCtrlTrfOutHandler *****************
 Defined at:
		line 2538 in file "mcc_generated_files/usb/usb_device.c"
 Parameters:    Size  Location     Type
		None
 Auto vars:     Size  Location     Type
		None
 Return value:  Size  Location     Type
                  1    wreg      void 
 Registers used:
		wreg, fsr1l, fsr1h, status,2, status,0, pclath, cstack
 Tracked objects:
		On entry : 
		On exit  : 
		Unchanged: 
 Data sizes:     COMMON  BANK0h   BANK1   BANK2   BANK3   BANK4   BANK5   BANK6   BANK7   BANK8   BANK9  BANK10  BANK11  BANK12
      Params:         0       0       0       0       0       0       0       0       0       0       0       0       0       0
      Locals:         0       0       0       0       0       0       0       0       0       0       0       0       0       0
      Temps:          2       0       0       0       0       0       0       0       0       0       0       0       0       0
      Totals:         2       0       0       0       0       0       0       0       0       0       0       0       0       0
Total ram usage:        2 bytes
 Hardware stack levels used:    1
 Hardware stack levels required when called:    2
 This function calls:
		i1_USBCtrlTrfRxService
 This function is called by:
		i1_USBCtrlEPService
 This function uses a non-reentrant model


 *************** function i1_USBCtrlTrfRxService *****************
 Defined at:
		line 1852 in file "mcc_generated_files/usb/usb_device.c"
 Parameters:    Size  Location     Type
		None
 Auto vars:     Size  Location     Type
  USBCtrlTrfRx    1    5[COMMON] unsigned char 
  USBCtrlTrfRx    1    4[COMMON] unsigned char 
 Return value:  Size  Location     Type
                  1    wreg      void 
 Registers used:
		wreg, fsr1l, fsr1h, status,2, status,0, pclath, cstack
 Tracked objects:
		On entry : 
		On exit  : 
		Unchanged: 
 Data sizes:     COMMON  BANK0h   BANK1   BANK2   BANK3   BANK4   BANK5   BANK6   BANK7   BANK8   BANK9  BANK10  BANK11  BANK12
      Params:         0       0       0       0       0       0       0       0       0       0       0       0       0       0
      Locals:         2       0       0       0       0       0       0       0       0       0       0       0       0       0
      Temps:          2       0       0       0       0       0       0       0       0       0       0       0       0       0
      Totals:         4       0       0       0       0       0       0       0       0       0       0       0       0       0
Total ram usage:        4 bytes
 Hardware stack levels used:    1
 Hardware stack levels required when called:    1
 This function calls:
		i1_USBCtrlEPAllowStatusStage
 This function is called by:
		i1_USBCtrlTrfOutHandler
 This function uses a non-reentrant model


 *************** function i1_USBCtrlEPAllowStatusStage *****************
 Defined at:
		line 1416 in file "mcc_generated_files/usb/usb_device.c"
 Parameters:    Size  Location     Type
		None
 Auto vars:     Size  Location     Type
		None
 Return value:  Size  Location     Type
                  1    wreg      void 
 Registers used:
		wreg, fsr1l, fsr1h, status,2, status,0
 Tracked objects:
		On entry : 
		On exit  : 
		Unchanged: 
 Data sizes:     COMMON  BANK0h   BANK1   BANK2   BANK3   BANK4   BANK5   BANK6   BANK7   BANK8   BANK9  BANK10  BANK11  BANK12
      Params:         0       0       0       0       0       0       0       0       0       0       0       0       0       0
      Locals:         0       0       0       0       0       0       0       0       0       0       0       0       0       0
      Temps:          2       0       0       0       0       0       0       0       0       0       0       0       0       0
      Totals:         2       0       0       0       0       0       0       0       0       0       0       0       0       0
Total ram usage:        2 bytes
 Hardware stack levels used:    1
 This function calls:
		Nothing
 This function is called by:
		i1_USBDeviceTasks
		i1_USBCtrlEPServiceComplete
		i1_USBCtrlTrfRxService
 This function uses a non-reentrant model


 *************** function i1_USBCtrlTrfInHandler *****************
 Defined at:
		line 2592 in file "mcc_generated_files/usb/usb_device.c"
 Parameters:    Size  Location     Type
		None
 Auto vars:     Size  Location     Type
  USBCtrlTrfIn    1    5[COMMON] unsigned char 
 Return value:  Size  Location     Type
                  1    wreg      void 
 Registers used:
		wreg, fsr0l, fsr0h, fsr1l, fsr1h, status,2, status,0, pclath, cstack
 Tracked objects:
		On entry : 
		On exit  : 
		Unchanged: 
 Data sizes:     COMMON  BANK0h   BANK1   BANK2   BANK3   BANK4   BANK5   BANK6   BANK7   BANK8   BANK9  BANK10  BANK11  BANK12
      Params:         0       0       0       0       0       0       0       0       0       0       0       0       0       0
      Locals:         1       0       0       0       0       0       0       0       0       0       0       0       0       0
      Temps:          2       0       0       0       0       0       0       0       0       0       0       0       0       0
      Totals:         3       0       0       0       0       0       0       0       0       0       0       0       0       0
Total ram usage:        3 bytes
 Hardware stack levels used:    1
 Hardware stack levels required when called:    1
 This function calls:
		i1_USBCtrlTrfTxService
 This function is called by:
		i1_USBCtrlEPService
 This function uses a non-reentrant model


 *************** function i1_USBCtrlTrfTxService *****************
 Defined at:
		line 1771 in file "mcc_generated_files/usb/usb_device.c"
 Parameters:    Size  Location     Type
		None
 Auto vars:     Size  Location     Type
  USBCtrlTrfTx    1    2[COMMON] unsigned char 
 Return value:  Size  Location     Type
                  1    wreg      void 
 Registers used:
		wreg, fsr0l, fsr0h, fsr1l, fsr1h, status,2, status,0, pclath
 Tracked objects:
		On entry : 
		On exit  : 
		Unchanged: 
 Data sizes:     COMMON  BANK0h   BANK1   BANK2   BANK3   BANK4   BANK5   BANK6   BANK7   BANK8   BANK9  BANK10  BANK11  BANK12
      Params:         0       0       0       0       0       0       0       0       0       0       0       0       0       0
      Locals:         1       0       0       0       0       0       0       0       0       0       0       0       0       0
      Temps:          2       0       0       0       0       0       0       0       0       0       0       0       0       0
      Totals:         3       0       0       0       0       0       0       0       0       0       0       0       0       0
Total ram usage:        3 bytes
 Hardware stack levels used:    1
 This function calls:
		Nothing
 This function is called by:
		i1_USBCtrlEPAllowDataStage
		i1_USBCtrlTrfInHandler
 This function uses a non-reentrant model



MODULE INFORMATION

Module		Function		Class		Link	Load	Size
mcc_generated_files/interrupt_manager.c
		_INTERRUPT_InterruptManager		CODE           	0004	0000	21

mcc_generated_files/interrupt_manager.c estimated size: 21

mcc_generated_files/pin_manager.c
		_PIN_MANAGER_Initialize		CODE           	1062	0000	22

mcc_generated_files/pin_manager.c estimated size: 22

mcc_generated_files/usb/usb_device_cdc.c
		_CDCTxService  		CODE           	04BD	0000	211
		_CDCInitEP     		CODE           	12EB	0000	62
		_putUSBUSART   		CODE           	10C0	0000	27
		_getsUSBUSART  		CODE           	168A	0000	92
		_USBCheckCDCRequest		CODE           	0898	0000	98

mcc_generated_files/usb/usb_device_cdc.c estimated size: 490

shared
		i1_USBIncrement1msInternalTimers		CODE           	108F	0000	25
		_configDescriptor1		STRCODE        	1800	0000	68
		_USB_CD_Ptr    		STRCODE        	1899	0000	3
		_sd001         		STRCODE        	186B	0000	19
		i1_USBCtrlEPService		CODE           	14CF	0000	88
		i1_USBCtrlEPServiceComplete		CODE           	0E3F	0000	147
		i1_USBCtrlTrfSetupHandler		CODE           	13EB	0000	73
		i1_USBCtrlEPAllowStatusStage		CODE           	078F	0000	113
		_sd002         		STRCODE        	1843	0000	41
		i1_USBCtrlTrfOutHandler		CODE           	12B4	0000	56
		i1_USBDeviceInit		CODE           	0645	0000	174
		i1_USBWakeFromSuspend		CODE           	1170	0000	33
		i1_USBConfigureEndpoint		CODE           	1368	0000	66
		i1_USBStdSetCfgHandler		CODE           	0DAE	0000	146
		i1_USBStdGetDscHandler		CODE           	0B21	0000	128
		__initialization		CODE           	001A	0000	48
		i1_USBStallHandler		CODE           	11D3	0000	38
		_device_dsc    		STRCODE        	187D	0000	19
		i1_USBStdGetStatusHandler		CODE           	147B	0000	85
		i1_CDCInitEP   		CODE           	127F	0000	54
		i1_USER_USB_CALLBACK_EVENT_HANDLER		CODE           	121F	0000	49
		i1_USBStdFeatureReqHandler		CODE           	01A4	0000	340
		_USB_SD_Ptr    		STRCODE        	188F	0000	7
		i1_memset      		CODE           	1077	0000	25
		i1_USBCheckCDCRequest		CODE           	1740	0000	97
		i1_USBEnableEndpoint		CODE           	1150	0000	33
		i1_USBDeviceTasks		CODE           	03E0	0000	222
		i1_USBCtrlTrfRxService		CODE           	0F63	0000	158
		_sd000         		STRCODE        	1895	0000	5
		i1_USBCtrlTrfTxService		CODE           	09C9	0000	115
		i1_USBCheckStdRequest		CODE           	17A0	0000	97
		i1_USBTransferOnePacket		CODE           	0C1F	0000	129
		i1_USBCtrlTrfInHandler		CODE           	08F9	0000	105
		i1_USBSuspend  		CODE           	1112	0000	32
		i1_USBCtrlEPAllowDataStage		CODE           	162F	0000	92

shared estimated size: 2930

C:\Program Files (x86)\Microchip\xc8\v1.42\sources\common\memset.c
		_memset        		CODE           	10A7	0000	26

C:\Program Files (x86)\Microchip\xc8\v1.42\sources\common\memset.c estimated size: 26

mcc_generated_files/usb/usb_device_events.c
		_USER_USB_CALLBACK_EVENT_HANDLER		CODE           	124F	0000	49

mcc_generated_files/usb/usb_device_events.c estimated size: 49

mcc_generated_files/mcc.c
		_WDT_Initialize		CODE           	1FE8	0000	5
		_OSCILLATOR_Initialize		CODE           	1FF6	0000	11
		_SYSTEM_Initialize		CODE           	1043	0000	16

mcc_generated_files/mcc.c estimated size: 32

main.c
		_process_gpio_cmd		CODE           	1526	0000	88
		_main          		CODE           	1052	0000	17
		_usb_task      		CODE           	1035	0000	15
		_gpio_task     		CODE           	1328	0000	65
		_gpio_init     		CODE           	1FEC	0000	5

main.c estimated size: 190

mcc_generated_files/usb/usb_device.c
		_USBCtrlTrfInHandler		CODE           	0961	0000	105
		_USBTransferOnePacket		CODE           	0C9F	0000	130
		_USBDeviceAttach		CODE           	10DA	0000	29
		_USBStdGetDscHandler		CODE           	0BA0	0000	128
		_USBCtrlEPAllowDataStage		CODE           	16E5	0000	92
		_USBStdFeatureReqHandler		CODE           	004D	0000	344
		_USBCtrlEPAllowStatusStage		CODE           	0AAD	0000	117
		_USBCtrlTrfSetupHandler		CODE           	1433	0000	73
		_USBCtrlTrfOutHandler		CODE           	0801	0000	56
		_USBCtrlEPServiceComplete		CODE           	0ED1	0000	147
		_USBSuspend    		CODE           	1131	0000	32
		_USBStdSetCfgHandler		CODE           	0D20	0000	143
		_USBStdGetStatusHandler		CODE           	157D	0000	89
		_USBWakeFromSuspend		CODE           	1190	0000	33
		_USBCtrlTrfRxService		CODE           	06F2	0000	158
		_USBCtrlTrfTxService		CODE           	0A3B	0000	115
		_USBEnableEndpoint		CODE           	11B0	0000	36
		_USBConfigureEndpoint		CODE           	13A9	0000	67
		_USBDeviceInit 		CODE           	058F	0000	183
		_USBIncrement1msInternalTimers		CODE           	10F6	0000	29
		_USBCtrlEPService		CODE           	15D5	0000	91
		_USBStallHandler		CODE           	11F8	0000	40
		_USBDeviceTasks		CODE           	02F7	0000	234
		_USBCheckStdRequest		CODE           	0838	0000	97

mcc_generated_files/usb/usb_device.c estimated size: 2568

