Microchip MPLAB XC8 Compiler V1.42 ()

Linker command line:

-W-3 --edf=C:\Program Files (x86)\Microchip\xc8\v1.42\dat\en_msgs.txt -cs \
  -h+dist/default/production\firmware.production.sym \
  --cmf=dist/default/production\firmware.production.cmf -z -Q16F1455 \
  -oC:\Users\lvale\AppData\Local\Temp\sugg.2 \
  -Mdist/default/production/firmware.production.map -E1 -ver=XC8 \
  -ASTACK=02270h-023efh -pstack=STACK -ACODE=00h-07FFhx4 \
  -ASTRCODE=00h-01FFFh -ASTRING=00h-0FFhx32 -ACONST=00h-0FFhx32 \
  -AENTRY=00h-0FFhx32 -ACOMMON=070h-07Fh -ABANK0=020h-06Fh \
  -ABANK1=0A0h-0EFh -ABANK2=0120h-016Fh -ABANK3=01A0h-01EFh \
  -ABANK4=0220h-026Fh -ABANK5=02A0h-02EFh -ABANK6=0320h-036Fh \
  -ABANK7=03A0h-03EFh -ABANK8=0420h-046Fh -ABANK9=04A0h-04EFh \
  -ABANK10=0520h-056Fh -ABANK11=05A0h-05EFh -ABANK12=0620h-064Fh \
  -ABIGRAM=02000h-023EFh \
  -ARAM=020h-06Fh,0A0h-0EFh,0120h-016Fh,01A0h-01EFh,0220h-026Fh,02A0h-02EFh,0320h-036Fh,03A0h-03EFh,0420h-046Fh,04A0h-04EFh,0520h-056Fh,05A0h-05EFh,0620h-064Fh \
  -AABS1=020h-07Fh,0A0h-0EFh,0120h-016Fh,01A0h-01EFh,0220h-026Fh,02A0h-02EFh,0320h-036Fh,03A0h-03EFh,0420h-046Fh,04A0h-04EFh,0520h-056Fh,05A0h-05EFh,0620h-064Fh \
  -ASFR0=00h-01Fh -ASFR1=080h-09Fh -ASFR2=0100h-011Fh -ASFR3=0180h-019Fh \
  -ASFR4=0200h-021Fh -ASFR5=0280h-029Fh -ASFR6=0300h-031Fh \
  -ASFR7=0380h-039Fh -ASFR8=0400h-041Fh -ASFR9=0480h-049Fh \
  -ASFR10=0500h-051Fh -ASFR11=0580h-059Fh -ASFR12=0600h-061Fh \
  -ASFR13=0680h-06EFh -ASFR14=0700h-076Fh -ASFR15=0780h-07EFh \
  -ASFR16=0800h-086Fh -ASFR17=0880h-08EFh -ASFR18=0900h-096Fh \
  -ASFR19=0980h-09EFh -ASFR20=0A00h-0A6Fh -ASFR21=0A80h-0AEFh \
  -ASFR22=0B00h-0B6Fh -ASFR23=0B80h-0BEFh -ASFR24=0C00h-0C6Fh \
  -ASFR25=0C80h-0CEFh -ASFR26=0D00h-0D6Fh -ASFR27=0D80h-0DEFh \
  -ASFR28=0E00h-0E6Fh -ASFR29=0E80h-0EEFh -ASFR30=0F00h-0F6Fh \
  -ASFR31=0F80h-0FEFh -preset_vec=00h,intentry=04h,init,end_init \
  -ppowerup=CODE -pcinit=CODE -pfunctab=CODE -ACONFIG=08007h-08008h \
  -pconfig=CONFIG -DCONFIG=2 -AIDLOC=08000h-08003h -pidloc=IDLOC -DIDLOC=2 \
  -DCODE=2 -DSTRCODE=2 -DSTRING=2 -DCONST=2 -DENTRY=2 -k \
  C:\Users\lvale\AppData\Local\Temp\sugg.obj \
  dist/default/production\firmware.production.obj 

Object code version is 3.11

Machine type is 16F1455



                Name                               Link     Load   Length Selector   Space Scale
C:\Users\lvale\AppData\Local\Temp\sugg.obj
                end_init                             12       12        2        8       0
                reset_vec                             0        0        2        0       0
                config                             8007     8007        2    1000E       0
dist/default/production\firmware.production.obj
                cinit                                14       14      7DD        8       0
                intentry                              4        4        E        8       0
                text64                             1E6F     1E6F       BD     3CDE       0
                text60                              888      888       EC     1110       0
                swtext7                            1846     1846       46     3000       0
                text59                             1C54     1C54       4B     38A8       0
                swtext6                            1100     1100       EA     2200       0
                text56                             1D88     1D88       70     3B10       0
                text55                             1CEB     1CEB       4D     39D6       0
                text53                              80D      80D       7B     101A       0
                swtext5                            1900     1900       1A     3200       0
                text50                             12A3     12A3      18A     2546       0
                text49                             142D     142D      3D3     285A       0
                swtext4                            1264     1264       2A     24C8       0
                text31                              974      974      68C     12E8       0
                text19                             1DF8     1DF8       77     3BF0       0
                swtext3                            1800     1800       46     3000       0
                text18                             1C9F     1C9F       4C     393E       0
                swtext2                            1000     1000       EA     2000       0
                text14                             1D38     1D38       50     3A70       0
                text12                             11EA     11EA       7A     23D4       0
                swtext1                            18CF     18CF       1A     319E       0
                text9                              1F2C     1F2C       D4     3E58       0
                cstackBANK0h                         58       58        7       58       1
                cstackCOMMON                         70       70        E       70       1
                cstackBANK1                          C9       C9       1E       A0       1
                cstackBANK2                         162      162        B      120       1
                clrtext                             7F7      7F7        6        8       0
                inittext                            7F1      7F1        6        8       0
                bssBANK7                            3A0      3A0       40      3A0       1
                bssBANK6                            320      320       40      320       1
                bssBANK5                            2A0      2A0       40      2A0       1
                bssBANK4                            220      220       40      220       1
                dataBANK3                           1A0      1A0       40      1A0       1
                dataBANK2                           16D      16D        2      120       1
                bssBANK2                            120      120       42      120       1
                dataBANK1                            E7       E7        1       A0       1
                bssBANK1                             A0       A0       29       A0       1
                stringtext7                        195A     195A        4     3234       0
                stringtext6                        1942     1942       12     3234       0
                stringtext5                        1930     1930       12     3234       0
                stringtext4                        191A     191A       16     3234       0
                stringtext3                        188C     188C       43     3118       0
                stringtext2                        195E     195E        2     3234       0
                stringtext1                        1954     1954        6     3234       0
                idataBANK3                         1C14     1C14       40     3828       0

TOTAL           Name                               Link     Load   Length     Space
        CLASS   STACK          

        CLASS   CODE           
                end_init                             12       12        2         0
                cinit                                14       14      7DD         0
                intentry                              4        4        E         0
                reset_vec                             0        0        2         0
                text64                             1E6F     1E6F       BD         0
                text60                              888      888       EC         0
                text59                             1C54     1C54       4B         0
                text56                             1D88     1D88       70         0
                text55                             1CEB     1CEB       4D         0
                text53                              80D      80D       7B         0
                text50                             12A3     12A3      18A         0
                text49                             142D     142D      3D3         0
                text31                              974      974      68C         0
                text19                             1DF8     1DF8       77         0
                text18                             1C9F     1C9F       4C         0
                text14                             1D38     1D38       50         0
                text12                             11EA     11EA       7A         0
                text9                              1F2C     1F2C       D4         0
                clrtext                             7F7      7F7        6         0
                inittext                            7F1      7F1        6         0
                idataBANK3                         1C14     1C14       40         0

        CLASS   STRCODE        
                stringtext7                        195A     195A        4         0
                stringtext6                        1942     1942       12         0
                stringtext5                        1930     1930       12         0
                stringtext4                        191A     191A       16         0
                stringtext3                        188C     188C       43         0
                stringtext2                        195E     195E        2         0
                stringtext1                        1954     1954        6         0

        CLASS   STRING         

        CLASS   CONST          
                swtext7                            1846     1846       46         0
                swtext6                            1100     1100       EA         0
                swtext5                            1900     1900       1A         0
                swtext4                            1264     1264       2A         0
                swtext3                            1800     1800       46         0
                swtext2                            1000     1000       EA         0
                swtext1                            18CF     18CF       1A         0

        CLASS   ENTRY          

        CLASS   COMMON         
                cstackCOMMON                         70       70        E         1

        CLASS   BANK0          
                cstackBANK0h                         58       58        7         1

        CLASS   BANK1          
                cstackBANK1                          C9       C9       1E         1
                dataBANK1                            E7       E7        1         1
                bssBANK1                             A0       A0       29         1

        CLASS   BANK2          
                cstackBANK2                         162      162        B         1
                dataBANK2                           16D      16D        2         1
                bssBANK2                            120      120       42         1

        CLASS   BANK3          
                dataBANK3                           1A0      1A0       40         1

        CLASS   BANK4          
                bssBANK4                            220      220       40         1

        CLASS   BANK5          
                bssBANK5                            2A0      2A0       40         1

        CLASS   BANK6          
                bssBANK6                            320      320       40         1

        CLASS   BANK7          
                bssBANK7                            3A0      3A0       40         1

        CLASS   BANK8          

        CLASS   BANK9          

        CLASS   BANK10         

        CLASS   BANK11         

        CLASS   BANK12         

        CLASS   BIGRAM         

        CLASS   RAM            

        CLASS   ABS1           
                abs_s1                               20       20       38         1
                abs_s1                               60       60       10         1
                abs_s1                               7E       7E        2         1

        CLASS   SFR0           

        CLASS   SFR1           

        CLASS   SFR2           

        CLASS   SFR3           

        CLASS   SFR4           

        CLASS   SFR5           

        CLASS   SFR6           

        CLASS   SFR7           

        CLASS   SFR8           

        CLASS   SFR9           

        CLASS   SFR10          

        CLASS   SFR11          

        CLASS   SFR12          

        CLASS   SFR13          

        CLASS   SFR14          

        CLASS   SFR15          

        CLASS   SFR16          

        CLASS   SFR17          

        CLASS   SFR18          

        CLASS   SFR19          

        CLASS   SFR20          

        CLASS   SFR21          

        CLASS   SFR22          

        CLASS   SFR23          

        CLASS   SFR24          

        CLASS   SFR25          

        CLASS   SFR26          

        CLASS   SFR27          

        CLASS   SFR28          

        CLASS   SFR29          

        CLASS   SFR30          

        CLASS   SFR31          

        CLASS   CONFIG         
                config                             8007     8007        2         0

        CLASS   IDLOC          

        CLASS   BANK31         

        CLASS   BANK30         

        CLASS   BANK29         

        CLASS   BANK28         

        CLASS   BANK27         

        CLASS   BANK26         

        CLASS   BANK25         

        CLASS   BANK24         

        CLASS   BANK23         

        CLASS   BANK22         

        CLASS   BANK21         

        CLASS   BANK20         

        CLASS   BANK19         

        CLASS   BANK18         

        CLASS   BANK17         

        CLASS   BANK16         

        CLASS   BANK15         

        CLASS   BANK14         

        CLASS   BANK13         

        CLASS   EEDATA         



SEGMENTS        Name                           Load    Length   Top    Selector   Space  Class     Delta

                reset_vec                      000000  000002  000002         0       0  CODE        2
                intentry                       000004  0007F9  0007FD         8       0  CODE        2
                cstackBANK0h                   000058  000007  00005F        58       1  BANK0       1
                cstackCOMMON                   000070  00000E  00007E        70       1  COMMON      1
                bssBANK1                       0000A0  000048  0000E8        A0       1  BANK1       1
                bssBANK2                       000120  00004F  00016F       120       1  BANK2       1
                dataBANK3                      0001A0  000040  0001E0       1A0       1  BANK3       1
                bssBANK4                       000220  000040  000260       220       1  BANK4       1
                bssBANK5                       0002A0  000040  0002E0       2A0       1  BANK5       1
                bssBANK6                       000320  000040  000360       320       1  BANK6       1
                bssBANK7                       0003A0  000040  0003E0       3A0       1  BANK7       1
                text53                         00080D  00007B  000888      101A       0  CODE        2
                text60                         000888  0000EC  000974      1110       0  CODE        2
                text31                         000974  00068C  001000      12E8       0  CODE        2
                swtext2                        001000  0000EA  0010EA      2000       0  CONST       2
                swtext6                        001100  0000EA  0011EA      2200       0  CONST       2
                text12                         0011EA  00007A  001264      23D4       0  CODE        2
                swtext4                        001264  00002A  00128E      24C8       0  CONST       2
                text50                         0012A3  00018A  00142D      2546       0  CODE        2
                text49                         00142D  0003D3  001800      285A       0  CODE        2
                swtext3                        001800  00008C  00188C      3000       0  CONST       2
                stringtext3                    00188C  000043  0018CF      3118       0  STRCODE     2
                swtext1                        0018CF  00001A  0018E9      319E       0  CONST       2
                swtext5                        001900  00001A  00191A      3200       0  CONST       2
                stringtext4                    00191A  000046  001960      3234       0  STRCODE     2
                idataBANK3                     001C14  000040  001C54      3828       0  CODE        2
                text59                         001C54  00004B  001C9F      38A8       0  CODE        2
                text18                         001C9F  00004C  001CEB      393E       0  CODE        2
                text55                         001CEB  00004D  001D38      39D6       0  CODE        2
                text14                         001D38  000050  001D88      3A70       0  CODE        2
                text56                         001D88  000070  001DF8      3B10       0  CODE        2
                text19                         001DF8  000077  001E6F      3BF0       0  CODE        2
                text64                         001E6F  0000BD  001F2C      3CDE       0  CODE        2
                text9                          001F2C  0000D4  002000      3E58       0  CODE        2
                config                         008007  000002  008009     1000E       0  CONFIG      2


UNUSED ADDRESS RANGES

        Name                Unused          Largest block    Delta
        BANK0            0005F-0005F               1           1
        BANK1            000E8-000EF               8           1
        BANK10           00520-0056F              50           1
        BANK11           005A0-005EF              50           1
        BANK12           00620-0064F              30           1
        BANK2            0016F-0016F               1           1
        BANK3            001E0-001EF              10           1
        BANK4            00260-0026F              10           1
        BANK5            002E0-002EF              10           1
        BANK6            00360-0036F              10           1
        BANK7            003E0-003EF              10           1
        BANK8            00420-0046F              50           1
        BANK9            004A0-004EF              50           1
        BIGRAM           02000-023EF             3F0           1
        CODE             00002-00003               2           2
                         007FD-0080C               3
                         010EA-010FF              16
                         0128E-012A2              15
                         018E9-018FF              17
                         01960-01C13             2B4
        CONST            00002-00003               2           2
                         007FD-0080C               3
                         010EA-010FF              16
                         0128E-012A2              15
                         018E9-018FF              17
                         01960-01C13             100
        ENTRY            00002-00003               2           2
                         007FD-0080C               3
                         010EA-010FF              16
                         0128E-012A2              15
                         018E9-018FF              17
                         01960-01C13             100
        IDLOC            08000-08003               4           2
        RAM              0005F-0005F               1           1
                         000E8-000EF               8
                         0016F-0016F               1
                         001E0-001EF              10
                         00260-0026F              10
                         002E0-002EF              10
                         00360-0036F              10
                         003E0-003EF              10
                         00420-0046F              50
                         004A0-004EF              50
                         00520-0056F              50
                         005A0-005EF              50
                         00620-0064F              30
        SFR0             00000-0001F              20           1
        SFR1             00080-0009F              20           1
        SFR10            00500-0051F              20           1
        SFR11            00580-0059F              20           1
        SFR12            00600-0061F              20           1
        SFR13            00680-006EF              70           1
        SFR14            00700-0076F              70           1
        SFR15            00780-007EF              70           1
        SFR16            00800-0086F              70           1
        SFR17            00880-008EF              70           1
        SFR18            00900-0096F              70           1
        SFR19            00980-009EF              70           1
        SFR2             00100-0011F              20           1
        SFR20            00A00-00A6F              70           1
        SFR21            00A80-00AEF              70           1
        SFR22            00B00-00B6F              70           1
        SFR23            00B80-00BEF              70           1
        SFR24            00C00-00C6F              70           1
        SFR25            00C80-00CEF              70           1
        SFR26            00D00-00D6F              70           1
        SFR27            00D80-00DEF              70           1
        SFR28            00E00-00E6F              70           1
        SFR29            00E80-00EEF              70           1
        SFR3             00180-0019F              20           1
        SFR30            00F00-00F6F              70           1
        SFR31            00F80-00FEF              70           1
        SFR4             00200-0021F              20           1
        SFR5             00280-0029F              20           1
        SFR6             00300-0031F              20           1
        SFR7             00380-0039F              20           1
        SFR8             00400-0041F              20           1
        SFR9             00480-0049F              20           1
        STACK            02270-023EF             180           1
        STRCODE          00002-00003               2           2
                         007FD-0080C              10
                         010EA-010FF              16
                         0128E-012A2              15
                         018E9-018FF              17
                         01960-01C13             2B4
        STRING           00002-00003               2           2
                         007FD-0080C               3
                         010EA-010FF              16
                         0128E-012A2              15
                         018E9-018FF              17
                         01960-01C13             100

                                  Symbol Table

?_USBTransferOnePacket                      cstackBANK1  000D1
?i1_USBTransferOnePacket                    cstackCOMMON 00070
CDCTxService@byte_to_send                   cstackBANK1  000DD
CDCTxService@i                              cstackBANK1  000DC
USBConfigureEndpoint@EPNum                  cstackBANK1  000D3
USBConfigureEndpoint@direction              cstackBANK1  000D1
USBConfigureEndpoint@handle                 cstackBANK1  000D4
USBCtrlTrfInHandler@lastDTS                 cstackBANK1  000D6
USBCtrlTrfRxService@byteToRead              cstackBANK1  000D6
USBCtrlTrfRxService@i                       cstackBANK1  000D5
USBCtrlTrfTxService@byteToSend              cstackBANK1  000D3
USBDeviceInit@i                             cstackBANK1  000D4
USBDeviceInit@i_1567                        cstackBANK1  000D3
USBDeviceInit@p                             cstackBANK1  000D1
USBDeviceTasks@i                            cstackBANK2  0016A
USBEnableEndpoint@ep                        cstackBANK1  000DA
USBEnableEndpoint@options                   cstackBANK1  000D5
USBEnableEndpoint@p                         cstackBANK1  000D8
USBStdFeatureReqHandler@current_ep_data     cstackBANK2  00164
USBStdFeatureReqHandler@p                   cstackBANK2  00165
USBStdFeatureReqHandler@pUEP                cstackBANK2  00162
USBStdGetStatusHandler@p                    cstackBANK1  000D1
USBStdSetCfgHandler@i                       cstackBANK1  000E5
USBStdSetCfgHandler@i_2232                  cstackBANK1  000E4
USBStdSetCfgHandler@p                       cstackBANK1  000E2
USBTransferOnePacket@data                   cstackBANK1  000D2
USBTransferOnePacket@dir                    cstackBANK1  000D1
USBTransferOnePacket@ep                     cstackBANK1  000D9
USBTransferOnePacket@handle                 cstackBANK1  000DA
USBTransferOnePacket@len                    cstackBANK1  000D4
USER_USB_CALLBACK_EVENT_HANDLER@event       cstackBANK1  000DC
USER_USB_CALLBACK_EVENT_HANDLER@pdata       cstackBANK1  000DE
USER_USB_CALLBACK_EVENT_HANDLER@size        cstackBANK1  000E0
_ACTCON                                     (abs)        0039B
_ANSELA                                     (abs)        0018C
_ANSELC                                     (abs)        0018E
_APFCON                                     (abs)        0011D
_BDT                                        (abs)        00020
_BothEP0OutUOWNsSet                         bssBANK2     0013F
_CDCDataInHandle                            bssBANK2     00132
_CDCDataOutHandle                           bssBANK2     00134
_CDCInitEP                                  text19       01DF8
_CDCTxService                               cinit        0019F
_CtrlTrfData                                (abs)        00060
_INTCONbits                                 (abs)        0000B
_INTERRUPT_InterruptManager                 intentry     00004
_LATA                                       (abs)        0010C
_LATC                                       (abs)        0010E
_OPTION_REGbits                             (abs)        00095
_OSCCON                                     (abs)        00099
_OSCILLATOR_Initialize                      cinit        00123
_OSCTUNE                                    (abs)        00098
_PIE2bits                                   (abs)        00092
_PIN_MANAGER_Initialize                     cinit        0012D
_PIR2bits                                   (abs)        00012
_PLLRDY                                     (abs)        004D6
_PORTC                                      (abs)        0000E
_RemoteWakeup                               bssBANK2     00141
_SYSTEM_Initialize                          cinit        0011A
_SetupPkt                                   (abs)        00050
_TRISA                                      (abs)        0008C
_TRISC                                      (abs)        0008E
_UADDR                                      (abs)        00E96
_UCFG                                       (abs)        00E91
_UCON                                       (abs)        00E8E
_UCONbits                                   (abs)        00E8E
_UEIE                                       (abs)        00E97
_UEIR                                       (abs)        00E93
_UEP0                                       (abs)        00E98
_UEP0bits                                   (abs)        00E98
_UEP1                                       (abs)        00E99
_UIE                                        (abs)        00E92
_UIEbits                                    (abs)        00E92
_UIR                                        (abs)        00E90
_UIRbits                                    (abs)        00E90
_USB1msTickCount                            bssBANK2     00126
_USBActiveConfiguration                     bssBANK1     000C8
_USBAlternateInterface                      bssBANK2     00160
_USBBusIsSuspended                          bssBANK2     00140
_USBCheckCDCRequest                         text18       01C9F
_USBCheckStdRequest                         cinit        00436
_USBConfigureEndpoint                       text19       01E40
_USBCtrlEPAllowDataStage                    text9        01FA9
_USBCtrlEPAllowStatusStage                  cinit        00366
_USBCtrlEPService                           cinit        003C6
_USBCtrlEPServiceComplete                   text9        01F2C
_USBCtrlTrfInHandler                        cinit        00680
_USBCtrlTrfOutHandler                       cinit        00737
_USBCtrlTrfRxService                        cinit        00768
_USBCtrlTrfSetupHandler                     cinit        00406
_USBCtrlTrfTxService                        cinit        006DF
_USBDeferINDataStagePackets                 bssBANK2     0013C
_USBDeferOUTDataStagePackets                bssBANK2     0013B
_USBDeferStatusStagePacket                  bssBANK1     000B4
_USBDeviceAttach                            cinit        00667
_USBDeviceInit                              cinit        0009B
_USBDeviceState                             bssBANK1     000C4
_USBDeviceTasks                             cinit        002A8
_USBEnableEndpoint                          text19       01E23
_USBIncrement1msInternalTimers              cinit        00611
_USBStallHandler                            cinit        00622
_USBStatusStageEnabledFlag1                 bssBANK2     0013E
_USBStatusStageEnabledFlag2                 bssBANK2     0013D
_USBStatusStageTimeoutCounter               bssBANK1     000B5
_USBStdFeatureReqHandler                    cinit        0047A
_USBStdGetDscHandler                        cinit        005A1
_USBStdGetStatusHandler                     text14       01D38
_USBStdSetCfgHandler                        text12       011EA
_USBSuspend                                 cinit        00640
_USBTicksSinceSuspendEnd                    bssBANK2     0013A
_USBTransferOnePacket                       cinit        00231
_USBWakeFromSuspend                         cinit        00650
_USB_CD_Ptr                                 stringtext2  0195E
_USB_SD_Ptr                                 stringtext1  01954
_USER_USB_CALLBACK_EVENT_HANDLER            cinit        00347
_USTAT                                      (abs)        00E8F
_USTATcopy                                  bssBANK1     000C7
_WDTCON                                     (abs)        00097
_WDT_Initialize                             cinit        00142
_WPUA                                       (abs)        0020C
__CFG_BOREN$ON                              (abs)        00000
__CFG_BORV$LO                               (abs)        00000
__CFG_CLKOUTEN$OFF                          (abs)        00000
__CFG_CP$OFF                                (abs)        00000
__CFG_CPUDIV$NOCLKDIV                       (abs)        00000
__CFG_FCMEN$ON                              (abs)        00000
__CFG_FOSC$INTOSC                           (abs)        00000
__CFG_IESO$ON                               (abs)        00000
__CFG_LPBOR$OFF                             (abs)        00000
__CFG_LVP$ON                                (abs)        00000
__CFG_MCLRE$ON                              (abs)        00000
__CFG_PLLEN$ENABLED                         (abs)        00000
__CFG_PLLMULT$3x                            (abs)        00000
__CFG_PWRTE$OFF                             (abs)        00000
__CFG_STVREN$ON                             (abs)        00000
__CFG_USBLSCLK$48MHz                        (abs)        00000
__CFG_WDTE$OFF                              (abs)        00000
__CFG_WRT$OFF                               (abs)        00000
__Habs1                                     abs1         00000
__Hbank0                                    bank0        00000
__Hbank1                                    bank1        00000
__Hbank10                                   bank10       00000
__Hbank11                                   bank11       00000
__Hbank12                                   bank12       00000
__Hbank13                                   bank13       00000
__Hbank14                                   bank14       00000
__Hbank15                                   bank15       00000
__Hbank16                                   bank16       00000
__Hbank17                                   bank17       00000
__Hbank18                                   bank18       00000
__Hbank19                                   bank19       00000
__Hbank2                                    bank2        00000
__Hbank20                                   bank20       00000
__Hbank21                                   bank21       00000
__Hbank22                                   bank22       00000
__Hbank23                                   bank23       00000
__Hbank24                                   bank24       00000
__Hbank25                                   bank25       00000
__Hbank26                                   bank26       00000
__Hbank27                                   bank27       00000
__Hbank28                                   bank28       00000
__Hbank29                                   bank29       00000
__Hbank3                                    bank3        00000
__Hbank30                                   bank30       00000
__Hbank31                                   bank31       00000
__Hbank4                                    bank4        00000
__Hbank5                                    bank5        00000
__Hbank6                                    bank6        00000
__Hbank7                                    bank7        00000
__Hbank8                                    bank8        00000
__Hbank9                                    bank9        00000
__Hbigram                                   bigram       00000
__HbssBANK1                                 bssBANK1     00000
__HbssBANK2                                 bssBANK2     00000
__HbssBANK4                                 bssBANK4     00000
__HbssBANK5                                 bssBANK5     00000
__HbssBANK6                                 bssBANK6     00000
__HbssBANK7                                 bssBANK7     00000
__Hcinit                                    cinit        007F1
__Hclrtext                                  clrtext      00000
__Hcode                                     code         00000
__Hcommon                                   common       00000
__Hconfig                                   config       08009
__HcstackBANK0h                             cstackBANK0h 00000
__HcstackBANK1                              cstackBANK1  00000
__HcstackBANK2                              cstackBANK2  00000
__HcstackCOMMON                             cstackCOMMON 00000
__HdataBANK1                                dataBANK1    00000
__HdataBANK2                                dataBANK2    00000
__HdataBANK3                                dataBANK3    00000
__Heeprom_data                              eeprom_data  00000
__Hend_init                                 end_init     00014
__Hfunctab                                  functab      00000
__HidataBANK1                               idataBANK1   00000
__HidataBANK2                               idataBANK2   00000
__HidataBANK3                               idataBANK3   00000
__Hidloc                                    idloc        00000
__Hinit                                     init         00012
__Hinittext                                 inittext     00000
__Hintentry                                 intentry     00012
__Hmaintext                                 maintext     00000
__Hpa_nodes0                                pa_nodes0    00000
__Hpowerup                                  powerup      00000
__Hram                                      ram          00000
__Hreset_vec                                reset_vec    00002
__Hsfr0                                     sfr0         00000
__Hsfr1                                     sfr1         00000
__Hsfr10                                    sfr10        00000
__Hsfr11                                    sfr11        00000
__Hsfr12                                    sfr12        00000
__Hsfr13                                    sfr13        00000
__Hsfr14                                    sfr14        00000
__Hsfr15                                    sfr15        00000
__Hsfr16                                    sfr16        00000
__Hsfr17                                    sfr17        00000
__Hsfr18                                    sfr18        00000
__Hsfr19                                    sfr19        00000
__Hsfr2                                     sfr2         00000
__Hsfr20                                    sfr20        00000
__Hsfr21                                    sfr21        00000
__Hsfr22                                    sfr22        00000
__Hsfr23                                    sfr23        00000
__Hsfr24                                    sfr24        00000
__Hsfr25                                    sfr25        00000
__Hsfr26                                    sfr26        00000
__Hsfr27                                    sfr27        00000
__Hsfr28                                    sfr28        00000
__Hsfr29                                    sfr29        00000
__Hsfr3                                     sfr3         00000
__Hsfr30                                    sfr30        00000
__Hsfr31                                    sfr31        00000
__Hsfr4                                     sfr4         00000
__Hsfr5                                     sfr5         00000
__Hsfr6                                     sfr6         00000
__Hsfr7                                     sfr7         00000
__Hsfr8                                     sfr8         00000
__Hsfr9                                     sfr9         00000
__Hspace_0                                  (abs)        08009
__Hspace_1                                  (abs)        003E0
__Hspace_2                                  (abs)        00000
__Hspace_3                                  (abs)        00000
__Hstack                                    stack        00000
__Hstrings                                  strings      00000
__Hstringtext1                              stringtext1  00000
__Hstringtext2                              stringtext2  00000
__Hstringtext3                              stringtext3  00000
__Hstringtext4                              stringtext4  00000
__Hstringtext5                              stringtext5  00000
__Hstringtext6                              stringtext6  00000
__Hstringtext7                              stringtext7  00000
__Htext                                     text         00000
__Labs1                                     abs1         00000
__Lbank0                                    bank0        00000
__Lbank1                                    bank1        00000
__Lbank10                                   bank10       00000
__Lbank11                                   bank11       00000
__Lbank12                                   bank12       00000
__Lbank13                                   bank13       00000
__Lbank14                                   bank14       00000
__Lbank15                                   bank15       00000
__Lbank16                                   bank16       00000
__Lbank17                                   bank17       00000
__Lbank18                                   bank18       00000
__Lbank19                                   bank19       00000
__Lbank2                                    bank2        00000
__Lbank20                                   bank20       00000
__Lbank21                                   bank21       00000
__Lbank22                                   bank22       00000
__Lbank23                                   bank23       00000
__Lbank24                                   bank24       00000
__Lbank25                                   bank25       00000
__Lbank26                                   bank26       00000
__Lbank27                                   bank27       00000
__Lbank28                                   bank28       00000
__Lbank29                                   bank29       00000
__Lbank3                                    bank3        00000
__Lbank30                                   bank30       00000
__Lbank31                                   bank31       00000
__Lbank4                                    bank4        00000
__Lbank5                                    bank5        00000
__Lbank6                                    bank6        00000
__Lbank7                                    bank7        00000
__Lbank8                                    bank8        00000
__Lbank9                                    bank9        00000
__Lbigram                                   bigram       00000
__LbssBANK1                                 bssBANK1     00000
__LbssBANK2                                 bssBANK2     00000
__LbssBANK4                                 bssBANK4     00000
__LbssBANK5                                 bssBANK5     00000
__LbssBANK6                                 bssBANK6     00000
__LbssBANK7                                 bssBANK7     00000
__Lcinit                                    cinit        00014
__Lclrtext                                  clrtext      00000
__Lcode                                     code         00000
__Lcommon                                   common       00000
__Lconfig                                   config       08007
__LcstackBANK0h                             cstackBANK0h 00000
__LcstackBANK1                              cstackBANK1  00000
__LcstackBANK2                              cstackBANK2  00000
__LcstackCOMMON                             cstackCOMMON 00000
__LdataBANK1                                dataBANK1    00000
__LdataBANK2                                dataBANK2    00000
__LdataBANK3                                dataBANK3    00000
__Leeprom_data                              eeprom_data  00000
__Lend_init                                 end_init     00012
__Lfunctab                                  functab      00000
__LidataBANK1                               idataBANK1   00000
__LidataBANK2                               idataBANK2   00000
__LidataBANK3                               idataBANK3   00000
__Lidloc                                    idloc        00000
__Linit                                     init         00012
__Linittext                                 inittext     00000
__Lintentry                                 intentry     00004
__Lmaintext                                 maintext     00000
__Lpa_nodes0                                pa_nodes0    00000
__Lpowerup                                  powerup      00000
__Lram                                      ram          00000
__Lreset_vec                                reset_vec    00000
__Lsfr0                                     sfr0         00000
__Lsfr1                                     sfr1         00000
__Lsfr10                                    sfr10        00000
__Lsfr11                                    sfr11        00000
__Lsfr12                                    sfr12        00000
__Lsfr13                                    sfr13        00000
__Lsfr14                                    sfr14        00000
__Lsfr15                                    sfr15        00000
__Lsfr16                                    sfr16        00000
__Lsfr17                                    sfr17        00000
__Lsfr18                                    sfr18        00000
__Lsfr19                                    sfr19        00000
__Lsfr2                                     sfr2         00000
__Lsfr20                                    sfr20        00000
__Lsfr21                                    sfr21        00000
__Lsfr22                                    sfr22        00000
__Lsfr23                                    sfr23        00000
__Lsfr24                                    sfr24        00000
__Lsfr25                                    sfr25        00000
__Lsfr26                                    sfr26        00000
__Lsfr27                                    sfr27        00000
__Lsfr28                                    sfr28        00000
__Lsfr29                                    sfr29        00000
__Lsfr3                                     sfr3         00000
__Lsfr30                                    sfr30        00000
__Lsfr31                                    sfr31        00000
__Lsfr4                                     sfr4         00000
__Lsfr5                                     sfr5         00000
__Lsfr6                                     sfr6         00000
__Lsfr7                                     sfr7         00000
__Lsfr8                                     sfr8         00000
__Lsfr9                                     sfr9         00000
__Lspace_0                                  (abs)        00000
__Lspace_1                                  (abs)        00000
__Lspace_2                                  (abs)        00000
__Lspace_3                                  (abs)        00000
__Lstack                                    stack        00000
__Lstrings                                  strings      00000
__Lstringtext1                              stringtext1  00000
__Lstringtext2                              stringtext2  00000
__Lstringtext3                              stringtext3  00000
__Lstringtext4                              stringtext4  00000
__Lstringtext5                              stringtext5  00000
__Lstringtext6                              stringtext6  00000
__Lstringtext7                              stringtext7  00000
__Ltext                                     text         00000
__S0                                        (abs)        08009
__S1                                        (abs)        003E0
__S2                                        (abs)        00000
___int_sp                                   stack        00000
___latbits                                  (abs)        00002
___sp                                       stack        00000
__end_of_CDCInitEP                          text19       01E23
__end_of_CDCTxService                       cinit        00231
__end_of_INTERRUPT_InterruptManager         intentry     00012
__end_of_OSCILLATOR_Initialize              cinit        0012D
__end_of_PIN_MANAGER_Initialize             cinit        00142
__end_of_SYSTEM_Initialize                  cinit        00123
__end_of_USBCheckCDCRequest                 text18       01CEB
__end_of_USBCheckStdRequest                 cinit        0047A
__end_of_USBConfigureEndpoint               text19       01E6F
__end_of_USBCtrlEPAllowDataStage            text9        02000
__end_of_USBCtrlEPAllowStatusStage          cinit        003C6
__end_of_USBCtrlEPService                   cinit        00406
__end_of_USBCtrlEPServiceComplete           text9        01FA9
__end_of_USBCtrlTrfInHandler                cinit        006DF
__end_of_USBCtrlTrfOutHandler               cinit        00768
__end_of_USBCtrlTrfRxService                cinit        007F1
__end_of_USBCtrlTrfSetupHandler             cinit        00436
__end_of_USBCtrlTrfTxService                cinit        00737
__end_of_USBDeviceAttach                    cinit        00680
__end_of_USBDeviceInit                      cinit        0011A
__end_of_USBDeviceTasks                     cinit        00347
__end_of_USBEnableEndpoint                  text19       01E40
__end_of_USBIncrement1msInternalTimers      cinit        00622
__end_of_USBStallHandler                    cinit        00640
__end_of_USBStdFeatureReqHandler            cinit        005A1
__end_of_USBStdGetDscHandler                cinit        00611
__end_of_USBStdGetStatusHandler             text14       01D88
__end_of_USBStdSetCfgHandler                text12       0124D
__end_of_USBSuspend                         cinit        00650
__end_of_USBTransferOnePacket               cinit        002A8
__end_of_USBWakeFromSuspend                 cinit        00667
__end_of_USB_CD_Ptr                         stringtext2  01960
__end_of_USB_SD_Ptr                         stringtext1  0195A
__end_of_USER_USB_CALLBACK_EVENT_HANDLER    cinit        00366
__end_of_WDT_Initialize                     cinit        00145
__end_of__initialization                    cinit        00058
__end_of_cmd_rx_buffer_task                 text32       00000
__end_of_cmd_task                           text31       01000
__end_of_cmd_tx_buffer_task                 text29       00000
__end_of_configDescriptor1                  stringtext3  018CF
__end_of_device_dsc                         stringtext6  01954
__end_of_getsUSBUSART                       cinit        0018C
__end_of_gpio_init                          text28       00000
__end_of_main                               cinit        0009B
__end_of_memset                             text12       01264
__end_of_putUSBUSART                        cinit        0019F
__end_of_sd000                              stringtext7  0195E
__end_of_sd001                              stringtext5  01942
__end_of_sd002                              stringtext4  01930
__end_of_usb_task                           text1        00000
__end_ofi1_CDCInitEP                        text60       008B1
__end_ofi1_USBCheckCDCRequest               text59       01C9F
__end_ofi1_USBCheckStdRequest               text49       014AA
__end_ofi1_USBConfigureEndpoint             text60       008FD
__end_ofi1_USBCtrlEPAllowDataStage          text50       01378
__end_ofi1_USBCtrlEPAllowStatusStage        text49       016EA
__end_ofi1_USBCtrlEPService                 text49       0172D
__end_ofi1_USBCtrlEPServiceComplete         text50       01321
__end_ofi1_USBCtrlTrfInHandler              text50       013D7
__end_ofi1_USBCtrlTrfOutHandler             text64       01EA1
__end_ofi1_USBCtrlTrfRxService              text64       01F2C
__end_ofi1_USBCtrlTrfSetupHandler           text49       0145F
__end_ofi1_USBCtrlTrfTxService              text50       0142D
__end_ofi1_USBDeviceInit                    text49       017A8
__end_ofi1_USBDeviceTasks                   text49       01668
__end_ofi1_USBEnableEndpoint                text60       008CE
__end_ofi1_USBIncrement1msInternalTimers    text49       017B9
__end_ofi1_USBStallHandler                  text49       017D7
__end_ofi1_USBStdFeatureReqHandler          text49       015C8
__end_ofi1_USBStdGetDscHandler              text56       01DF8
__end_ofi1_USBStdGetStatusHandler           text55       01D38
__end_ofi1_USBStdSetCfgHandler              text53       00871
__end_ofi1_USBSuspend                       text49       017E9
__end_ofi1_USBTransferOnePacket             text60       00974
__end_ofi1_USBWakeFromSuspend               text49       01800
__end_ofi1_USER_USB_CALLBACK_EVENT_HANDLER  text49       0168A
__end_ofi1_memset                           text53       00888
__initialization                            cinit        00014
__pbssBANK1                                 bssBANK1     000A0
__pbssBANK2                                 bssBANK2     00120
__pbssBANK4                                 bssBANK4     00220
__pbssBANK5                                 bssBANK5     002A0
__pbssBANK6                                 bssBANK6     00320
__pbssBANK7                                 bssBANK7     003A0
__pcstackBANK0h                             cstackBANK0h 00058
__pcstackBANK1                              cstackBANK1  000C9
__pcstackBANK2                              cstackBANK2  00162
__pcstackCOMMON                             cstackCOMMON 00070
__pdataBANK1                                dataBANK1    000E7
__pdataBANK2                                dataBANK2    0016D
__pdataBANK3                                dataBANK3    001A0
__pidataBANK1                               idataBANK1   00000
__pidataBANK2                               idataBANK2   00000
__pidataBANK3                               idataBANK3   01C14
__pintentry                                 intentry     00004
__pmaintext                                 cinit        0005B
__pstringtext1                              stringtext1  01954
__pstringtext2                              stringtext2  0195E
__pstringtext3                              stringtext3  0188C
__pstringtext4                              stringtext4  0191A
__pstringtext5                              stringtext5  01930
__pstringtext6                              stringtext6  01942
__pstringtext7                              stringtext7  0195A
__pswtext1                                  swtext1      018CF
__pswtext2                                  swtext2      01000
__pswtext3                                  swtext3      01800
__pswtext4                                  swtext4      01264
__pswtext5                                  swtext5      01900
__pswtext6                                  swtext6      01100
__pswtext7                                  swtext7      01846
__ptext1                                    text1        00000
__ptext10                                   text9        01FA9
__ptext11                                   cinit        00436
__ptext12                                   text12       011EA
__ptext13                                   text12       0124D
__ptext14                                   text14       01D38
__ptext15                                   cinit        005A1
__ptext16                                   cinit        0047A
__ptext17                                   cinit        00347
__ptext18                                   text18       01C9F
__ptext19                                   text19       01DF8
__ptext2                                    cinit        002A8
__ptext20                                   text19       01E23
__ptext21                                   text19       01E40
__ptext22                                   cinit        00737
__ptext23                                   cinit        00768
__ptext24                                   cinit        00366
__ptext25                                   cinit        00680
__ptext26                                   cinit        006DF
__ptext27                                   cinit        0019F
__ptext28                                   text28       00000
__ptext29                                   text29       00000
__ptext3                                    cinit        00650
__ptext30                                   cinit        0018C
__ptext31                                   text31       00974
__ptext32                                   text32       00000
__ptext33                                   cinit        00145
__ptext34                                   cinit        00231
__ptext35                                   cinit        0011A
__ptext36                                   cinit        00142
__ptext37                                   cinit        0009B
__ptext38                                   cinit        00667
__ptext39                                   cinit        0012D
__ptext4                                    cinit        00640
__ptext40                                   cinit        00123
__ptext42                                   text49       015C8
__ptext43                                   text49       017E9
__ptext44                                   text49       017D7
__ptext45                                   text49       017B9
__ptext46                                   text49       017A8
__ptext47                                   text49       0172D
__ptext48                                   text49       016EA
__ptext49                                   text49       0142D
__ptext5                                    cinit        00622
__ptext50                                   text50       012A3
__ptext51                                   text50       01321
__ptext52                                   text49       0145F
__ptext53                                   text53       0080D
__ptext54                                   text53       00871
__ptext55                                   text55       01CEB
__ptext56                                   text56       01D88
__ptext57                                   text49       014AA
__ptext58                                   text49       01668
__ptext59                                   text59       01C54
__ptext6                                    cinit        00611
__ptext60                                   text60       00888
__ptext61                                   text60       008FD
__ptext62                                   text60       008B1
__ptext63                                   text60       008CE
__ptext64                                   text64       01E6F
__ptext65                                   text64       01EA1
__ptext66                                   text49       0168A
__ptext67                                   text50       01378
__ptext68                                   text50       013D7
__ptext7                                    cinit        003C6
__ptext8                                    cinit        00406
__ptext9                                    text9        01F2C
__size_of_CDCInitEP                         (abs)        00000
__size_of_CDCTxService                      (abs)        00000
__size_of_INTERRUPT_InterruptManager        (abs)        00000
__size_of_OSCILLATOR_Initialize             (abs)        00000
__size_of_PIN_MANAGER_Initialize            (abs)        00000
__size_of_SYSTEM_Initialize                 (abs)        00000
__size_of_USBCheckCDCRequest                (abs)        00000
__size_of_USBCheckStdRequest                (abs)        00000
__size_of_USBConfigureEndpoint              (abs)        00000
__size_of_USBCtrlEPAllowDataStage           (abs)        00000
__size_of_USBCtrlEPAllowStatusStage         (abs)        00000
__size_of_USBCtrlEPService                  (abs)        00000
__size_of_USBCtrlEPServiceComplete          (abs)        00000
__size_of_USBCtrlTrfInHandler               (abs)        00000
__size_of_USBCtrlTrfOutHandler              (abs)        00000
__size_of_USBCtrlTrfRxService               (abs)        00000
__size_of_USBCtrlTrfSetupHandler            (abs)        00000
__size_of_USBCtrlTrfTxService               (abs)        00000
__size_of_USBDeviceAttach                   (abs)        00000
__size_of_USBDeviceInit                     (abs)        00000
__size_of_USBDeviceTasks                    (abs)        00000
__size_of_USBEnableEndpoint                 (abs)        00000
__size_of_USBIncrement1msInternalTimers     (abs)        00000
__size_of_USBStallHandler                   (abs)        00000
__size_of_USBStdFeatureReqHandler           (abs)        00000
__size_of_USBStdGetDscHandler               (abs)        00000
__size_of_USBStdGetStatusHandler            (abs)        00000
__size_of_USBStdSetCfgHandler               (abs)        00000
__size_of_USBSuspend                        (abs)        00000
__size_of_USBTransferOnePacket              (abs)        00000
__size_of_USBWakeFromSuspend                (abs)        00000
__size_of_USER_USB_CALLBACK_EVENT_HANDLER   (abs)        00000
__size_of_WDT_Initialize                    (abs)        00000
__size_of_cmd_rx_buffer_task                (abs)        00000
__size_of_cmd_task                          (abs)        00000
__size_of_cmd_tx_buffer_task                (abs)        00000
__size_of_getsUSBUSART                      (abs)        00000
__size_of_gpio_init                         (abs)        00000
__size_of_main                              (abs)        00000
__size_of_memset                            (abs)        00000
__size_of_putUSBUSART                       (abs)        00000
__size_of_usb_task                          (abs)        00000
__size_ofi1_CDCInitEP                       (abs)        00000
__size_ofi1_USBCheckCDCRequest              (abs)        00000
__size_ofi1_USBCheckStdRequest              (abs)        00000
__size_ofi1_USBConfigureEndpoint            (abs)        00000
__size_ofi1_USBCtrlEPAllowDataStage         (abs)        00000
__size_ofi1_USBCtrlEPAllowStatusStage       (abs)        00000
__size_ofi1_USBCtrlEPService                (abs)        00000
__size_ofi1_USBCtrlEPServiceComplete        (abs)        00000
__size_ofi1_USBCtrlTrfInHandler             (abs)        00000
__size_ofi1_USBCtrlTrfOutHandler            (abs)        00000
__size_ofi1_USBCtrlTrfRxService             (abs)        00000
__size_ofi1_USBCtrlTrfSetupHandler          (abs)        00000
__size_ofi1_USBCtrlTrfTxService             (abs)        00000
__size_ofi1_USBDeviceInit                   (abs)        00000
__size_ofi1_USBDeviceTasks                  (abs)        00000
__size_ofi1_USBEnableEndpoint               (abs)        00000
__size_ofi1_USBIncrement1msInternalTimers   (abs)        00000
__size_ofi1_USBStallHandler                 (abs)        00000
__size_ofi1_USBStdFeatureReqHandler         (abs)        00000
__size_ofi1_USBStdGetDscHandler             (abs)        00000
__size_ofi1_USBStdGetStatusHandler          (abs)        00000
__size_ofi1_USBStdSetCfgHandler             (abs)        00000
__size_ofi1_USBSuspend                      (abs)        00000
__size_ofi1_USBTransferOnePacket            (abs)        00000
__size_ofi1_USBWakeFromSuspend              (abs)        00000
__size_ofi1_USER_USB_CALLBACK_EVENT_HANDLER (abs)        00000
__size_ofi1_memset                          (abs)        00000
_cdc_data_rx                                bssBANK5     002A0
_cdc_data_tx                                bssBANK7     003A0
_cdc_mem_type                               bssBANK2     0014F
_cdc_rx_len                                 bssBANK1     000C6
_cdc_trf_state                              bssBANK1     000C5
_cdc_tx_len                                 bssBANK2     00150
_cmd_rx_buffer_task                         text32       00000
_cmd_task                                   text31       00974
_cmd_tx_buffer_task                         text29       00000
_configDescriptor1                          stringtext3  0188C
_controlTransferState                       bssBANK1     000B7
_device_dsc                                 stringtext6  01942
_dummy_encapsulated_cmd_response            bssBANK2     00151
_endpoint_number                            bssBANK1     000B6
_ep_data_in                                 bssBANK2     0012D
_ep_data_out                                bssBANK2     0012A
_getsUSBUSART                               cinit        00145
_gpio_init                                  text28       00000
_inPipes                                    bssBANK1     000AD
_inlined$_cmd_rx_buffer_task                (abs)        00001
_inlined$_cmd_tx_buffer_task                (abs)        00001
_inlined$_gpio_init                         (abs)        00001
_inlined$_usb_task                          (abs)        00001
_line_coding                                bssBANK2     00159
_main                                       cinit        0005B
_memset                                     text12       0124D
_outPipes                                   bssBANK1     000A0
_pBDTEntryEP0OutCurrent                     bssBANK1     000B9
_pBDTEntryEP0OutNext                        bssBANK1     000B2
_pBDTEntryIn                                bssBANK1     000A7
_pBDTEntryOut                               bssBANK2     00120
_pCDCDst                                    bssBANK2     00136
_pCDCSrc                                    bssBANK2     00138
_pDst                                       bssBANK2     00142
_putUSBUSART                                cinit        0018C
_sd000                                      stringtext7  0195A
_sd001                                      stringtext5  01930
_sd002                                      stringtext4  0191A
_shortPacketStatus                          bssBANK1     000B8
_sie_configs                                bssBANK4     00220
_usb_rx_buf                                 dataBANK3    001A0
_usb_rx_bytes_avail                         dataBANK1    000E7
_usb_rx_ptr                                 bssBANK1     000C3
_usb_task                                   text1        00000
_usb_tx_buf                                 bssBANK6     00320
_usb_tx_ptr                                 bssBANK1     000C2
btemp                                       (abs)        0007E
clear_ram0                                  clrtext      007F7
cmd_task@PT_YIELD_FLAG                      cstackBANK1  000D4
cmd_task@actual_data                        bssBANK2     00149
cmd_task@bit_to_set                         cstackBANK1  000D8
cmd_task@bit_to_set_901                     cstackBANK1  000D9
cmd_task@byte_to_send                       bssBANK2     00146
cmd_task@cmd                                bssBANK1     000C1
cmd_task@compare_data_matches               dataBANK2    0016D
cmd_task@data                               bssBANK2     00145
cmd_task@data_903                           cstackBANK1  000DD
cmd_task@data_904                           cstackBANK1  000DA
cmd_task@do0p0                              bssBANK1     000BE
cmd_task@do0p1                              bssBANK1     000BD
cmd_task@do1p0                              bssBANK1     000BC
cmd_task@do1p1                              bssBANK1     000BB
cmd_task@expected_data                      bssBANK2     00148
cmd_task@gpio_dir                           dataBANK2    0016E
cmd_task@i                                  bssBANK1     000BA
cmd_task@inout_cfg                          bssBANK2     0014B
cmd_task@input_mask                         bssBANK1     000BF
cmd_task@last_phase_overlay                 cstackBANK1  000D5
cmd_task@last_phase_overlay_902             cstackBANK1  000D6
cmd_task@last_phase_overlay_905             cstackBANK1  000DC
cmd_task@loop_count                         bssBANK2     00130
cmd_task@loop_is_active                     bssBANK2     0014A
cmd_task@mask                               bssBANK2     00147
cmd_task@num_bits                           bssBANK2     0014D
cmd_task@num_bytes                          bssBANK2     0014C
cmd_task@op0                                bssBANK2     0014E
cmd_task@op1                                cstackBANK1  000D7
cmd_task@pt                                 cstackBANK1  000DE
cmd_task@sie                                bssBANK1     000C0
cmd_task@status                             bssBANK2     00144
cmd_task@status_sent                        bssBANK2     00143
cmd_task@tmp                                cstackBANK1  000DB
end_of_initialization                       cinit        00058
getsUSBUSART@buffer                         cstackBANK1  000DE
getsUSBUSART@len                            cstackBANK1  000DC
i1USBConfigureEndpoint@EPNum                cstackCOMMON 00072
i1USBConfigureEndpoint@direction            cstackCOMMON 00070
i1USBConfigureEndpoint@handle               cstackCOMMON 00073
i1USBCtrlTrfInHandler@lastDTS               cstackCOMMON 00075
i1USBCtrlTrfRxService@byteToRead            cstackCOMMON 00075
i1USBCtrlTrfRxService@i                     cstackCOMMON 00074
i1USBCtrlTrfTxService@byteToSend            cstackCOMMON 00072
i1USBDeviceInit@i                           cstackCOMMON 00073
i1USBDeviceInit@i_1567                      cstackCOMMON 00072
i1USBDeviceInit@p                           cstackCOMMON 00070
i1USBDeviceTasks@i                          cstackBANK0h 0005E
i1USBEnableEndpoint@ep                      cstackCOMMON 00079
i1USBEnableEndpoint@options                 cstackCOMMON 00074
i1USBEnableEndpoint@p                       cstackCOMMON 00077
i1USBStdFeatureReqHandler@current_ep_data   cstackBANK1  000CB
i1USBStdFeatureReqHandler@p                 cstackBANK1  000CC
i1USBStdFeatureReqHandler@pUEP              cstackBANK1  000C9
i1USBStdGetStatusHandler@p                  cstackCOMMON 00070
i1USBStdSetCfgHandler@i                     cstackBANK1  000CC
i1USBStdSetCfgHandler@i_2232                cstackBANK1  000CB
i1USBStdSetCfgHandler@p                     cstackBANK1  000C9
i1USBTransferOnePacket@data                 cstackCOMMON 00071
i1USBTransferOnePacket@dir                  cstackCOMMON 00070
i1USBTransferOnePacket@ep                   cstackCOMMON 00078
i1USBTransferOnePacket@handle               cstackCOMMON 00079
i1USBTransferOnePacket@len                  cstackCOMMON 00073
i1USER_USB_CALLBACK_EVENT_HANDLER@event     cstackBANK0h 00058
i1USER_USB_CALLBACK_EVENT_HANDLER@pdata     cstackBANK0h 0005A
i1USER_USB_CALLBACK_EVENT_HANDLER@size      cstackBANK0h 0005C
i1_CDCInitEP                                text60       00888
i1_USBCheckCDCRequest                       text59       01C54
i1_USBCheckStdRequest                       text49       0145F
i1_USBConfigureEndpoint                     text60       008CE
i1_USBCtrlEPAllowDataStage                  text50       01321
i1_USBCtrlEPAllowStatusStage                text49       0168A
i1_USBCtrlEPService                         text49       016EA
i1_USBCtrlEPServiceComplete                 text50       012A3
i1_USBCtrlTrfInHandler                      text50       01378
i1_USBCtrlTrfOutHandler                     text64       01E6F
i1_USBCtrlTrfRxService                      text64       01EA1
i1_USBCtrlTrfSetupHandler                   text49       0142D
i1_USBCtrlTrfTxService                      text50       013D7
i1_USBDeviceInit                            text49       0172D
i1_USBDeviceTasks                           text49       015C8
i1_USBEnableEndpoint                        text60       008B1
i1_USBIncrement1msInternalTimers            text49       017A8
i1_USBStallHandler                          text49       017B9
i1_USBStdFeatureReqHandler                  text49       014AA
i1_USBStdGetDscHandler                      text56       01D88
i1_USBStdGetStatusHandler                   text55       01CEB
i1_USBStdSetCfgHandler                      text53       0080D
i1_USBSuspend                               text49       017D7
i1_USBTransferOnePacket                     text60       008FD
i1_USBWakeFromSuspend                       text49       017E9
i1_USER_USB_CALLBACK_EVENT_HANDLER          text49       01668
i1_memset                                   text53       00871
i1memset@c                                  cstackCOMMON 00072
i1memset@n                                  cstackCOMMON 00074
i1memset@p                                  cstackCOMMON 00076
i1memset@p1                                 cstackCOMMON 00070
init_ram                                    inittext     007F1
int$flags                                   (abs)        0007E
intlevel0                                   functab      00000
intlevel1                                   functab      00000
intlevel2                                   functab      00000
intlevel3                                   functab      00000
intlevel4                                   functab      00000
intlevel5                                   functab      00000
main@cmd_pt                                 cstackBANK2  0016B
memset@c                                    cstackBANK1  000D3
memset@n                                    cstackBANK1  000D5
memset@p                                    cstackBANK1  000D7
memset@p1                                   cstackBANK1  000D1
putUSBUSART@data                            cstackBANK1  000D2
putUSBUSART@length                          cstackBANK1  000D1
reset_vec                                   reset_vec    00000
stackhi                                     (abs)        023EF
stacklo                                     (abs)        02270
start                                       init         00012
start_initialization                        cinit        00014
wtemp0                                      (abs)        0007E


FUNCTION INFORMATION:

 *************** function _main *****************
 Defined at:
		line 569 in file "main.c"
 Parameters:    Size  Location     Type
		None
 Auto vars:     Size  Location     Type
  cmd_pt          2    9[BANK2 ] struct pt
 Return value:  Size  Location     Type
                  1    wreg      void 
 Registers used:
		wreg, fsr0l, fsr0h, fsr1l, fsr1h, status,2, status,0, pclath, cstack
 Tracked objects:
		On entry : 
		On exit  : 
		Unchanged: 
 Data sizes:     COMMON  BANK0h   BANK1   BANK2   BANK3   BANK4   BANK5   BANK6   BANK7   BANK8   BANK9  BANK10  BANK11  BANK12
      Params:         0       0       0       0       0       0       0       0       0       0       0       0       0       0
      Locals:         0       0       0       2       0       0       0       0       0       0       0       0       0       0
      Temps:          0       0       0       0       0       0       0       0       0       0       0       0       0       0
      Totals:         0       0       0       2       0       0       0       0       0       0       0       0       0       0
Total ram usage:        2 bytes
 Hardware stack levels required when called:   20
 This function calls:
		_SYSTEM_Initialize
		_USBDeviceInit
		_cmd_rx_buffer_task
		_cmd_task
		_cmd_tx_buffer_task
		_gpio_init
		_usb_task
 This function is called by:
		Startup code after reset
 This function uses a non-reentrant model


 *************** function _usb_task *****************
 Defined at:
		line 82 in file "main.c"
 Parameters:    Size  Location     Type
		None
 Auto vars:     Size  Location     Type
		None
 Return value:  Size  Location     Type
                  1    wreg      void 
 Registers used:
		wreg, fsr0l, fsr0h, fsr1l, fsr1h, status,2, status,0, pclath, cstack
 Tracked objects:
		On entry : 
		On exit  : 
		Unchanged: 
 Data sizes:     COMMON  BANK0h   BANK1   BANK2   BANK3   BANK4   BANK5   BANK6   BANK7   BANK8   BANK9  BANK10  BANK11  BANK12
      Params:         0       0       0       0       0       0       0       0       0       0       0       0       0       0
      Locals:         0       0       0       0       0       0       0       0       0       0       0       0       0       0
      Temps:          0       0       0       0       0       0       0       0       0       0       0       0       0       0
      Totals:         0       0       0       0       0       0       0       0       0       0       0       0       0       0
Total ram usage:        0 bytes
 Hardware stack levels used:    1
 Hardware stack levels required when called:   19
 This function calls:
		_CDCTxService
		_USBDeviceTasks
 This function is called by:
		_main
 This function uses a non-reentrant model


 *************** function _USBDeviceTasks *****************
 Defined at:
		line 477 in file "mcc_generated_files/usb/usb_device.c"
 Parameters:    Size  Location     Type
		None
 Auto vars:     Size  Location     Type
  i               1    8[BANK2 ] unsigned char 
 Return value:  Size  Location     Type
                  1    wreg      void 
 Registers used:
		wreg, fsr0l, fsr0h, fsr1l, fsr1h, status,2, status,0, pclath, cstack
 Tracked objects:
		On entry : 
		On exit  : 
		Unchanged: 
 Data sizes:     COMMON  BANK0h   BANK1   BANK2   BANK3   BANK4   BANK5   BANK6   BANK7   BANK8   BANK9  BANK10  BANK11  BANK12
      Params:         0       0       0       0       0       0       0       0       0       0       0       0       0       0
      Locals:         0       0       0       1       0       0       0       0       0       0       0       0       0       0
      Temps:          0       0       1       0       0       0       0       0       0       0       0       0       0       0
      Totals:         0       0       1       1       0       0       0       0       0       0       0       0       0       0
Total ram usage:        2 bytes
 Hardware stack levels used:    1
 Hardware stack levels required when called:   18
 This function calls:
		_USBCtrlEPAllowStatusStage
		_USBCtrlEPService
		_USBDeviceInit
		_USBIncrement1msInternalTimers
		_USBStallHandler
		_USBSuspend
		_USBWakeFromSuspend
		_USER_USB_CALLBACK_EVENT_HANDLER
 This function is called by:
		_usb_task
 This function uses a non-reentrant model


 *************** function _USBWakeFromSuspend *****************
 Defined at:
		line 2303 in file "mcc_generated_files/usb/usb_device.c"
 Parameters:    Size  Location     Type
		None
 Auto vars:     Size  Location     Type
		None
 Return value:  Size  Location     Type
                  1    wreg      void 
 Registers used:
		wreg, fsr0l, fsr0h, fsr1l, fsr1h, status,2, status,0, pclath, cstack
 Tracked objects:
		On entry : 
		On exit  : 
		Unchanged: 
 Data sizes:     COMMON  BANK0h   BANK1   BANK2   BANK3   BANK4   BANK5   BANK6   BANK7   BANK8   BANK9  BANK10  BANK11  BANK12
      Params:         0       0       0       0       0       0       0       0       0       0       0       0       0       0
      Locals:         0       0       0       0       0       0       0       0       0       0       0       0       0       0
      Temps:          0       0       0       0       0       0       0       0       0       0       0       0       0       0
      Totals:         0       0       0       0       0       0       0       0       0       0       0       0       0       0
Total ram usage:        0 bytes
 Hardware stack levels used:    1
 Hardware stack levels required when called:   14
 This function calls:
		_USER_USB_CALLBACK_EVENT_HANDLER
 This function is called by:
		_USBDeviceTasks
 This function uses a non-reentrant model


 *************** function _USBSuspend *****************
 Defined at:
		line 2245 in file "mcc_generated_files/usb/usb_device.c"
 Parameters:    Size  Location     Type
		None
 Auto vars:     Size  Location     Type
		None
 Return value:  Size  Location     Type
                  1    wreg      void 
 Registers used:
		wreg, fsr0l, fsr0h, fsr1l, fsr1h, status,2, status,0, pclath, cstack
 Tracked objects:
		On entry : 
		On exit  : 
		Unchanged: 
[...]
 Hardware stack levels used:    1
 Hardware stack levels required when called:    3
 This function calls:
		i1_CDCInitEP
		i1_USBCheckCDCRequest
 This function is called by:
		i1_USBDeviceTasks
		i1_USBStdSetCfgHandler
		i1_USBSuspend
		i1_USBWakeFromSuspend
		i1_USBCtrlTrfSetupHandler
		i1_USBCheckStdRequest
		i1_USBStdFeatureReqHandler
 This function uses a non-reentrant model


 *************** function i1_USBCheckCDCRequest *****************
 Defined at:
		line 146 in file "mcc_generated_files/usb/usb_device_cdc.c"
 Parameters:    Size  Location     Type
		None
 Auto vars:     Size  Location     Type
		None
 Return value:  Size  Location     Type
                  1    wreg      void 
 Registers used:
		wreg, fsr0l, fsr0h, status,2, status,0
 Tracked objects:
		On entry : 
		On exit  : 
		Unchanged: 
 Data sizes:     COMMON  BANK0h   BANK1   BANK2   BANK3   BANK4   BANK5   BANK6   BANK7   BANK8   BANK9  BANK10  BANK11  BANK12
      Params:         0       0       0       0       0       0       0       0       0       0       0       0       0       0
      Locals:         0       0       0       0       0       0       0       0       0       0       0       0       0       0
      Temps:          0       0       0       0       0       0       0       0       0       0       0       0       0       0
      Totals:         0       0       0       0       0       0       0       0       0       0       0       0       0       0
Total ram usage:        0 bytes
 Hardware stack levels used:    1
 This function calls:
		Nothing
 This function is called by:
		i1_USER_USB_CALLBACK_EVENT_HANDLER
 This function uses a non-reentrant model


 *************** function i1_CDCInitEP *****************
 Defined at:
		line 293 in file "mcc_generated_files/usb/usb_device_cdc.c"
 Parameters:    Size  Location     Type
		None
 Auto vars:     Size  Location     Type
		None
 Return value:  Size  Location     Type
                  1    wreg      void 
 Registers used:
		wreg, fsr1l, fsr1h, status,2, status,0, pclath, cstack
 Tracked objects:
		On entry : 
		On exit  : 
		Unchanged: 
 Data sizes:     COMMON  BANK0h   BANK1   BANK2   BANK3   BANK4   BANK5   BANK6   BANK7   BANK8   BANK9  BANK10  BANK11  BANK12
      Params:         0       0       0       0       0       0       0       0       0       0       0       0       0       0
      Locals:         0       0       0       0       0       0       0       0       0       0       0       0       0       0
      Temps:          0       0       0       0       0       0       0       0       0       0       0       0       0       0
      Totals:         0       0       0       0       0       0       0       0       0       0       0       0       0       0
Total ram usage:        0 bytes
 Hardware stack levels used:    1
 Hardware stack levels required when called:    2
 This function calls:
		i1_USBEnableEndpoint
		i1_USBTransferOnePacket
 This function is called by:
		i1_USER_USB_CALLBACK_EVENT_HANDLER
 This function uses a non-reentrant model


 *************** function i1_USBTransferOnePacket *****************
 Defined at:
		line 995 in file "mcc_generated_files/usb/usb_device.c"
 Parameters:    Size  Location     Type
  ep              1    wreg     unsigned char 
  dir             1    0[COMMON] unsigned char 
  data            2    1[COMMON] PTR unsigned char 
		 -> cdc_data_tx(64), NULL(0), cdc_data_rx(64), 
  len             1    3[COMMON] unsigned char 
 Auto vars:     Size  Location     Type
  ep              1    8[COMMON] unsigned char 
  USBTransferO    2    9[COMMON] PTR volatile struct __BD
		 -> RAM(4096), BDT(48), NULL(0), 
 Return value:  Size  Location     Type
                  2    0[COMMON] PTR void 
 Registers used:
		wreg, fsr1l, fsr1h, status,2, status,0
 Tracked objects:
		On entry : 
		On exit  : 
		Unchanged: 
 Data sizes:     COMMON  BANK0h   BANK1   BANK2   BANK3   BANK4   BANK5   BANK6   BANK7   BANK8   BANK9  BANK10  BANK11  BANK12
      Params:         4       0       0       0       0       0       0       0       0       0       0       0       0       0
      Locals:         3       0       0       0       0       0       0       0       0       0       0       0       0       0
      Temps:          4       0       0       0       0       0       0       0       0       0       0       0       0       0
      Totals:        11       0       0       0       0       0       0       0       0       0       0       0       0       0
Total ram usage:       11 bytes
 Hardware stack levels used:    1
 This function calls:
		Nothing
 This function is called by:
		i1_CDCInitEP
 This function uses a non-reentrant model


 *************** function i1_USBEnableEndpoint *****************
 Defined at:
		line 878 in file "mcc_generated_files/usb/usb_device.c"
 Parameters:    Size  Location     Type
  ep              1    wreg     unsigned char 
  options         1    4[COMMON] unsigned char 
 Auto vars:     Size  Location     Type
  ep              1    9[COMMON] unsigned char 
  USBEnableEnd    2    7[COMMON] PTR unsigned char 
		 -> UEP0(1), 
 Return value:  Size  Location     Type
                  1    wreg      void 
 Registers used:
		wreg, fsr1l, fsr1h, status,2, status,0, pclath, cstack
 Tracked objects:
		On entry : 
		On exit  : 
		Unchanged: 
 Data sizes:     COMMON  BANK0h   BANK1   BANK2   BANK3   BANK4   BANK5   BANK6   BANK7   BANK8   BANK9  BANK10  BANK11  BANK12
      Params:         1       0       0       0       0       0       0       0       0       0       0       0       0       0
      Locals:         3       0       0       0       0       0       0       0       0       0       0       0       0       0
      Temps:          2       0       0       0       0       0       0       0       0       0       0       0       0       0
      Totals:         6       0       0       0       0       0       0       0       0       0       0       0       0       0
Total ram usage:        6 bytes
 Hardware stack levels used:    1
 Hardware stack levels required when called:    1
 This function calls:
		i1_USBConfigureEndpoint
 This function is called by:
		i1_CDCInitEP
 This function uses a non-reentrant model


 *************** function i1_USBConfigureEndpoint *****************
 Defined at:
		line 1543 in file "mcc_generated_files/usb/usb_device.c"
 Parameters:    Size  Location     Type
  EPNum           1    wreg     unsigned char 
  direction       1    0[COMMON] unsigned char 
 Auto vars:     Size  Location     Type
  EPNum           1    2[COMMON] unsigned char 
  USBConfigure    1    3[COMMON] PTR volatile struct __BD
		 -> BDT(48), 
 Return value:  Size  Location     Type
                  1    wreg      void 
 Registers used:
		wreg, fsr1l, fsr1h, status,2, status,0
 Tracked objects:
		On entry : 
		On exit  : 
		Unchanged: 
 Data sizes:     COMMON  BANK0h   BANK1   BANK2   BANK3   BANK4   BANK5   BANK6   BANK7   BANK8   BANK9  BANK10  BANK11  BANK12
      Params:         1       0       0       0       0       0       0       0       0       0       0       0       0       0
      Locals:         2       0       0       0       0       0       0       0       0       0       0       0       0       0
      Temps:          1       0       0       0       0       0       0       0       0       0       0       0       0       0
      Totals:         4       0       0       0       0       0       0       0       0       0       0       0       0       0
Total ram usage:        4 bytes
 Hardware stack levels used:    1
 This function calls:
		Nothing
 This function is called by:
		i1_USBEnableEndpoint
 This function uses a non-reentrant model


 *************** function i1_USBCtrlTrfOutHandler *****************
 Defined at:
		line 2538 in file "mcc_generated_files/usb/usb_device.c"
 Parameters:    Size  Location     Type
		None
 Auto vars:     Size  Location     Type
		None
 Return value:  Size  Location     Type
                  1    wreg      void 
 Registers used:
		wreg, fsr0l, fsr0h, fsr1l, fsr1h, status,2, status,0, pclath, cstack
 Tracked objects:
		On entry : 
		On exit  : 
		Unchanged: 
 Data sizes:     COMMON  BANK0h   BANK1   BANK2   BANK3   BANK4   BANK5   BANK6   BANK7   BANK8   BANK9  BANK10  BANK11  BANK12
      Params:         0       0       0       0       0       0       0       0       0       0       0       0       0       0
      Locals:         0       0       0       0       0       0       0       0       0       0       0       0       0       0
      Temps:          2       0       0       0       0       0       0       0       0       0       0       0       0       0
      Totals:         2       0       0       0       0       0       0       0       0       0       0       0       0       0
Total ram usage:        2 bytes
 Hardware stack levels used:    1
 Hardware stack levels required when called:    2
 This function calls:
		i1_USBCtrlTrfRxService
 This function is called by:
		i1_USBCtrlEPService
 This function uses a non-reentrant model


 *************** function i1_USBCtrlTrfRxService *****************
 Defined at:
		line 1852 in file "mcc_generated_files/usb/usb_device.c"
 Parameters:    Size  Location     Type
		None
 Auto vars:     Size  Location     Type
  USBCtrlTrfRx    1    5[COMMON] unsigned char 
  USBCtrlTrfRx    1    4[COMMON] unsigned char 
 Return value:  Size  Location     Type
                  1    wreg      void 
 Registers used:
		wreg, fsr0l, fsr0h, fsr1l, fsr1h, status,2, status,0, pclath, cstack
 Tracked objects:
		On entry : 
		On exit  : 
		Unchanged: 
 Data sizes:     COMMON  BANK0h   BANK1   BANK2   BANK3   BANK4   BANK5   BANK6   BANK7   BANK8   BANK9  BANK10  BANK11  BANK12
      Params:         0       0       0       0       0       0       0       0       0       0       0       0       0       0
      Locals:         2       0       0       0       0       0       0       0       0       0       0       0       0       0
      Temps:          2       0       0       0       0       0       0       0       0       0       0       0       0       0
      Totals:         4       0       0       0       0       0       0       0       0       0       0       0       0       0
Total ram usage:        4 bytes
 Hardware stack levels used:    1
 Hardware stack levels required when called:    1
 This function calls:
		i1_USBCtrlEPAllowStatusStage
 This function is called by:
		i1_USBCtrlTrfOutHandler
 This function uses a non-reentrant model


 *************** function i1_USBCtrlEPAllowStatusStage *****************
 Defined at:
		line 1416 in file "mcc_generated_files/usb/usb_device.c"
 Parameters:    Size  Location     Type
		None
 Auto vars:     Size  Location     Type
		None
 Return value:  Size  Location     Type
                  1    wreg      void 
 Registers used:
		wreg, fsr1l, fsr1h, status,2, status,0
 Tracked objects:
		On entry : 
		On exit  : 
		Unchanged: 
 Data sizes:     COMMON  BANK0h   BANK1   BANK2   BANK3   BANK4   BANK5   BANK6   BANK7   BANK8   BANK9  BANK10  BANK11  BANK12
      Params:         0       0       0       0       0       0       0       0       0       0       0       0       0       0
      Locals:         0       0       0       0       0       0       0       0       0       0       0       0       0       0
      Temps:          2       0       0       0       0       0       0       0       0       0       0       0       0       0
      Totals:         2       0       0       0       0       0       0       0       0       0       0       0       0       0
Total ram usage:        2 bytes
 Hardware stack levels used:    1
 This function calls:
		Nothing
 This function is called by:
		i1_USBDeviceTasks
		i1_USBCtrlEPServiceComplete
		i1_USBCtrlTrfRxService
 This function uses a non-reentrant model


 *************** function i1_USBCtrlTrfInHandler *****************
 Defined at:
		line 2592 in file "mcc_generated_files/usb/usb_device.c"
 Parameters:    Size  Location     Type
		None
 Auto vars:     Size  Location     Type
  USBCtrlTrfIn    1    5[COMMON] unsigned char 
 Return value:  Size  Location     Type
                  1    wreg      void 
 Registers used:
		wreg, fsr0l, fsr0h, fsr1l, fsr1h, status,2, status,0, pclath, cstack
 Tracked objects:
		On entry : 
		On exit  : 
		Unchanged: 
 Data sizes:     COMMON  BANK0h   BANK1   BANK2   BANK3   BANK4   BANK5   BANK6   BANK7   BANK8   BANK9  BANK10  BANK11  BANK12
      Params:         0       0       0       0       0       0       0       0       0       0       0       0       0       0
      Locals:         1       0       0       0       0       0       0       0       0       0       0       0       0       0
      Temps:          2       0       0       0       0       0       0       0       0       0       0       0       0       0
      Totals:         3       0       0       0       0       0       0       0       0       0       0       0       0       0
Total ram usage:        3 bytes
 Hardware stack levels used:    1
 Hardware stack levels required when called:    1
 This function calls:
		i1_USBCtrlTrfTxService
 This function is called by:
		i1_USBCtrlEPService
 This function uses a non-reentrant model


 *************** function i1_USBCtrlTrfTxService *****************
 Defined at:
		line 1771 in file "mcc_generated_files/usb/usb_device.c"
 Parameters:    Size  Location     Type
		None
 Auto vars:     Size  Location     Type
  USBCtrlTrfTx    1    2[COMMON] unsigned char 
 Return value:  Size  Location     Type
                  1    wreg      void 
 Registers used:
		wreg, fsr0l, fsr0h, fsr1l, fsr1h, status,2, status,0, pclath
 Tracked objects:
		On entry : 
		On exit  : 
		Unchanged: 
 Data sizes:     COMMON  BANK0h   BANK1   BANK2   BANK3   BANK4   BANK5   BANK6   BANK7   BANK8   BANK9  BANK10  BANK11  BANK12
      Params:         0       0       0       0       0       0       0       0       0       0       0       0       0       0
      Locals:         1       0       0       0       0       0       0       0       0       0       0       0       0       0
      Temps:          2       0       0       0       0       0       0       0       0       0       0       0       0       0
      Totals:         3       0       0       0       0       0       0       0       0       0       0       0       0       0
Total ram usage:        3 bytes
 Hardware stack levels used:    1
 This function calls:
		Nothing
 This function is called by:
		i1_USBCtrlEPAllowDataStage
		i1_USBCtrlTrfInHandler
 This function uses a non-reentrant model



MODULE INFORMATION

Module		Function		Class		Link	Load	Size
mcc_generated_files/interrupt_manager.c
		_INTERRUPT_InterruptManager		CODE           	0004	0000	15

mcc_generated_files/interrupt_manager.c estimated size: 15

mcc_generated_files/pin_manager.c
		_PIN_MANAGER_Initialize		CODE           	012D	0000	22

mcc_generated_files/pin_manager.c estimated size: 22

mcc_generated_files/usb/usb_device_cdc.c
		_CDCTxService  		CODE           	019F	0000	147
		_CDCInitEP     		CODE           	1DF8	0000	44
		_putUSBUSART   		CODE           	018C	0000	20
		_getsUSBUSART  		CODE           	0145	0000	72
		_USBCheckCDCRequest		CODE           	1C9F	0000	77

mcc_generated_files/usb/usb_device_cdc.c estimated size: 360

shared
		i1_USBIncrement1msInternalTimers		CODE           	17A8	0000	18
		_configDescriptor1		STRCODE        	188C	0000	68
		_USB_CD_Ptr    		STRCODE        	195E	0000	3
		_sd001         		STRCODE        	1930	0000	19
		i1_USBCtrlEPService		CODE           	16EA	0000	68
		i1_USBCtrlEPServiceComplete		CODE           	12A3	0000	127
		i1_USBCtrlTrfSetupHandler		CODE           	142D	0000	51
		i1_USBCtrlEPAllowStatusStage		CODE           	168A	0000	97
		_sd002         		STRCODE        	191A	0000	23
		i1_USBCtrlTrfOutHandler		CODE           	1E6F	0000	51
		i1_USBDeviceInit		CODE           	172D	0000	124
		i1_USBWakeFromSuspend		CODE           	17E9	0000	24
		i1_USBConfigureEndpoint		CODE           	08CE	0000	48
		i1_USBStdSetCfgHandler		CODE           	080D	0000	101
		i1_USBStdGetDscHandler		CODE           	1D88	0000	113
		__initialization		CODE           	0014	0000	69
		i1_USBStallHandler		CODE           	17B9	0000	31
		_device_dsc    		STRCODE        	1942	0000	19
		i1_USBStdGetStatusHandler		CODE           	1CEB	0000	78
		i1_CDCInitEP   		CODE           	0888	0000	42
		i1_USER_USB_CALLBACK_EVENT_HANDLER		CODE           	1668	0000	35
		i1_USBStdFeatureReqHandler		CODE           	14AA	0000	287
		_USB_SD_Ptr    		STRCODE        	1954	0000	7
		i1_memset      		CODE           	0871	0000	24
		i1_USBCheckCDCRequest		CODE           	1C54	0000	76
		i1_USBEnableEndpoint		CODE           	08B1	0000	30
		i1_USBDeviceTasks		CODE           	15C8	0000	161
		i1_USBCtrlTrfRxService		CODE           	1EA1	0000	140
		_sd000         		STRCODE        	195A	0000	5
		i1_USBCtrlTrfTxService		CODE           	13D7	0000	87
		i1_USBCheckStdRequest		CODE           	145F	0000	76
		i1_USBTransferOnePacket		CODE           	08FD	0000	120
		i1_USBCtrlTrfInHandler		CODE           	1378	0000	96
		i1_USBSuspend  		CODE           	17D7	0000	19
		i1_USBCtrlEPAllowDataStage		CODE           	1321	0000	88

shared estimated size: 2425

C:\Program Files (x86)\Microchip\xc8\v1.42\sources\common\memset.c
		_memset        		CODE           	124D	0000	24

C:\Program Files (x86)\Microchip\xc8\v1.42\sources\common\memset.c estimated size: 24

mcc_generated_files/usb/usb_device_events.c
		_USER_USB_CALLBACK_EVENT_HANDLER		CODE           	0347	0000	32

mcc_generated_files/usb/usb_device_events.c estimated size: 32

mcc_generated_files/mcc.c
		_WDT_Initialize		CODE           	0142	0000	4
		_OSCILLATOR_Initialize		CODE           	0123	0000	11
		_SYSTEM_Initialize		CODE           	011A	0000	10

mcc_generated_files/mcc.c estimated size: 25

main.c
		_cmd_tx_buffer_task		CODE           	0000	0000	1
		_main          		CODE           	005B	0000	65
		_cmd_task      		CODE           	0974	0000	1677
		_usb_task      		CODE           	0000	0000	1
		_gpio_init     		CODE           	0000	0000	1
		_cmd_rx_buffer_task		CODE           	0000	0000	1

main.c estimated size: 1746

mcc_generated_files/usb/usb_device.c
		_USBCtrlTrfInHandler		CODE           	0680	0000	96
		_USBTransferOnePacket		CODE           	0231	0000	120
		_USBDeviceAttach		CODE           	0667	0000	26
		_USBStdGetDscHandler		CODE           	05A1	0000	113
		_USBCtrlEPAllowDataStage		CODE           	1FA9	0000	88
		_USBStdFeatureReqHandler		CODE           	047A	0000	296
		_USBCtrlEPAllowStatusStage		CODE           	0366	0000	97
		_USBCtrlTrfSetupHandler		CODE           	0406	0000	49
		_USBCtrlTrfOutHandler		CODE           	0737	0000	50
		_USBCtrlEPServiceComplete		CODE           	1F2C	0000	126
		_USBSuspend    		CODE           	0640	0000	17
		_USBStdSetCfgHandler		CODE           	11EA	0000	100
		_USBStdGetStatusHandler		CODE           	1D38	0000	81
		_USBWakeFromSuspend		CODE           	0650	0000	24
		_USBCtrlTrfRxService		CODE           	0768	0000	138
		_USBCtrlTrfTxService		CODE           	06DF	0000	89
		_USBEnableEndpoint		CODE           	1E23	0000	30
		_USBConfigureEndpoint		CODE           	1E40	0000	48
		_USBDeviceInit 		CODE           	009B	0000	128
		_USBIncrement1msInternalTimers		CODE           	0611	0000	18
		_USBCtrlEPService		CODE           	03C6	0000	65
		_USBStallHandler		CODE           	0622	0000	31
		_USBDeviceTasks		CODE           	02A8	0000	160
		_USBCheckStdRequest		CODE           	0436	0000	69

mcc_generated_files/usb/usb_device.c estimated size: 2059

