Microchip MPLAB XC8 Compiler V1.42 ()

Linker command line:

-W-3 --edf=C:\Program Files (x86)\Microchip\xc8\v1.42\dat\en_msgs.txt -cs \
  -h+dist/default/production\firmware.production.sym \
  --cmf=dist/default/production\firmware.production.cmf -z -Q16F1455 \
  -oC:\Users\lvale\AppData\Local\Temp\s1i0.2 \
  -Mdist/default/production/firmware.production.map -E1 -ver=XC8 \
  --acfsm=1493 -ASTACK=02270h-023efh -pstack=STACK -ACODE=00h-07FFhx4 \
  -ASTRCODE=00h-01FFFh -ASTRING=00h-0FFhx32 -ACONST=00h-0FFhx32 \
  -AENTRY=00h-0FFhx32 -ACOMMON=070h-07Fh -ABANK0=020h-06Fh \
  -ABANK1=0A0h-0EFh -ABANK2=0120h-016Fh -ABANK3=01A0h-01EFh \
  -ABANK4=0220h-026Fh -ABANK5=02A0h-02EFh -ABANK6=0320h-036Fh \
  -ABANK7=03A0h-03EFh -ABANK8=0420h-046Fh -ABANK9=04A0h-04EFh \
  -ABANK10=0520h-056Fh -ABANK11=05A0h-05EFh -ABANK12=0620h-064Fh \
  -ABIGRAM=02000h-023EFh \
  -ARAM=020h-06Fh,0A0h-0EFh,0120h-016Fh,01A0h-01EFh,0220h-026Fh,02A0h-02EFh,0320h-036Fh,03A0h-03EFh,0420h-046Fh,04A0h-04EFh,0520h-056Fh,05A0h-05EFh,0620h-064Fh \
  -AABS1=020h-07Fh,0A0h-0EFh,0120h-016Fh,01A0h-01EFh,0220h-026Fh,02A0h-02EFh,0320h-036Fh,03A0h-03EFh,0420h-046Fh,04A0h-04EFh,0520h-056Fh,05A0h-05EFh,0620h-064Fh \
  -ASFR0=00h-01Fh -ASFR1=080h-09Fh -ASFR2=0100h-011Fh -ASFR3=0180h-019Fh \
  -ASFR4=0200h-021Fh -ASFR5=0280h-029Fh -ASFR6=0300h-031Fh \
  -ASFR7=0380h-039Fh -ASFR8=0400h-041Fh -ASFR9=0480h-049Fh \
  -ASFR10=0500h-051Fh -ASFR11=0580h-059Fh -ASFR12=0600h-061Fh \
  -ASFR13=0680h-06EFh -ASFR14=0700h-076Fh -ASFR15=0780h-07EFh \
  -ASFR16=0800h-086Fh -ASFR17=0880h-08EFh -ASFR18=0900h-096Fh \
  -ASFR19=0980h-09EFh -ASFR20=0A00h-0A6Fh -ASFR21=0A80h-0AEFh \
  -ASFR22=0B00h-0B6Fh -ASFR23=0B80h-0BEFh -ASFR24=0C00h-0C6Fh \
  -ASFR25=0C80h-0CEFh -ASFR26=0D00h-0D6Fh -ASFR27=0D80h-0DEFh \
  -ASFR28=0E00h-0E6Fh -ASFR29=0E80h-0EEFh -ASFR30=0F00h-0F6Fh \
  -ASFR31=0F80h-0FEFh -preset_vec=00h,intentry=04h,init,end_init \
  -ppowerup=CODE -pcinit=CODE -pfunctab=CODE -ACONFIG=08007h-08008h \
  -pconfig=CONFIG -DCONFIG=2 -AIDLOC=08000h-08003h -pidloc=IDLOC -DIDLOC=2 \
  -DCODE=2 -DSTRCODE=2 -DSTRING=2 -DCONST=2 -DENTRY=2 -k \
  C:\Users\lvale\AppData\Local\Temp\s1i0.obj \
  dist/default/production\firmware.production.obj 

Object code version is 3.11

Machine type is 16F1455



                Name                               Link     Load   Length Selector   Space Scale
C:\Users\lvale\AppData\Local\Temp\s1i0.obj
                end_init                             12       12        2        8       0
                reset_vec                             0        0        2        0       0
                config                             8007     8007        2    1000E       0
dist/default/production\firmware.production.obj
                cinit                                14       14       53        8       0
                intentry                              4        4        E        8       0
                maintext_split_3                     67       67      6A7        8       0
                maintext_split_2                   1342     1342      16B     2684       0
                maintext_split_1                   10F2     10F2      105     21E4       0
                text60                             1E5E     1E5E       C3     3CBC       0
                text57                             1B3A     1B3A       63     3674       0
                swtext6                            1846     1846       46     3000       0
                text56                             1A04     1A04       4B     3408       0
                swtext5                            1000     1000       EA     2000       0
                text53                             1C01     1C01       70     3802       0
                text52                             1A9B     1A9B       4E     3536       0
                text50                             1D62     1D62       7C     3AC4       0
                swtext4                             81A      81A       1A     1000       0
                text47                             14AD     14AD      197     295A       0
                text46                              C1A      C1A      3E6     1834       0
                text32                             19C0     19C0       44     3380       0
                text27                             1F21     1F21       DF     3E42       0
                text24                             1B9D     1B9D       64     373A       0
                swtext3                            1800     1800       46     3000       0
                text23                             1A4F     1A4F       4C     349E       0
                swtext2                             70E      70E       EA      E1C       0
                text20                             1CE8     1CE8       7A     39D0       0
                text19                             1AE9     1AE9       51     35D2       0
                text17                             1DDE     1DDE       80     3BBC       0
                swtext1                             800      800       1A     1000       0
                text14                             1644     1644      1BC     2C88       0
                text13                              837      837      3E3     106E       0
                text3                              1C71     1C71       77     38E2       0
                maintext                           11F7     11F7      14B     23EE       0
                cstackBANK0h                         58       58        8       58       1
                cstackCOMMON                         70       70        E       70       1
                cstackBANK1                          E8       E8        8       E0       1
                cstackBANK2                         160      160       10      160       1
                cstackBANK3                         1E0      1E0        C      1E0       1
                cstackBANK4                         260      260        8      260       1
                clrtext                             7F8      7F8        6      FF0       0
                bssBANK7                            3A0      3A0       40      3A0       1
                dataBANK6                           32C      32C        C      320       1
                bssBANK6                            320      320        C      320       1
                dataBANK5                           2E9      2E9        5      2A0       1
                bssBANK5                            2A0      2A0       49      2A0       1
                dataBANK4                           26E      26E        2      260       1
                bssBANK4                            268      268        6      260       1
                bssBANK3                            1EC      1EC        4      1E0       1
                bssBANK1                             E0       E0        8       E0       1
                stringtext7                        190F     190F        4     3118       0
                stringtext6                        18F7     18F7       12     3118       0
                stringtext5                        18E5     18E5       12     3118       0
                stringtext4                        18CF     18CF       16     3118       0
                stringtext3                        188C     188C       43     3118       0
                stringtext2                        1913     1913        2     3118       0
                stringtext1                        1909     1909        6     3118       0

TOTAL           Name                               Link     Load   Length     Space
        CLASS   STACK          

        CLASS   CODE           
                end_init                             12       12        2         0
                cinit                                14       14       53         0
                intentry                              4        4        E         0
                reset_vec                             0        0        2         0
                maintext_split_3                     67       67      6A7         0
                maintext_split_2                   1342     1342      16B         0
                maintext_split_1                   10F2     10F2      105         0
                text60                             1E5E     1E5E       C3         0
                text57                             1B3A     1B3A       63         0
                text56                             1A04     1A04       4B         0
                text53                             1C01     1C01       70         0
                text52                             1A9B     1A9B       4E         0
                text50                             1D62     1D62       7C         0
                text47                             14AD     14AD      197         0
                text46                              C1A      C1A      3E6         0
                text32                             19C0     19C0       44         0
                text27                             1F21     1F21       DF         0
                text24                             1B9D     1B9D       64         0
                text23                             1A4F     1A4F       4C         0
                text20                             1CE8     1CE8       7A         0
                text19                             1AE9     1AE9       51         0
                text17                             1DDE     1DDE       80         0
                text14                             1644     1644      1BC         0
                text13                              837      837      3E3         0
                text3                              1C71     1C71       77         0
                maintext                           11F7     11F7      14B         0
                clrtext                             7F8      7F8        6         0

        CLASS   STRCODE        
                stringtext7                        190F     190F        4         0
                stringtext6                        18F7     18F7       12         0
                stringtext5                        18E5     18E5       12         0
                stringtext4                        18CF     18CF       16         0
                stringtext3                        188C     188C       43         0
                stringtext2                        1913     1913        2         0
                stringtext1                        1909     1909        6         0

        CLASS   STRING         

        CLASS   CONST          
                swtext6                            1846     1846       46         0
                swtext5                            1000     1000       EA         0
                swtext4                             81A      81A       1A         0
                swtext3                            1800     1800       46         0
                swtext2                             70E      70E       EA         0
                swtext1                             800      800       1A         0

        CLASS   ENTRY          

        CLASS   COMMON         
                cstackCOMMON                         70       70        E         1

        CLASS   BANK0          
                cstackBANK0h                         58       58        8         1

        CLASS   BANK1          
                cstackBANK1                          E8       E8        8         1
                bssBANK1                             E0       E0        8         1

        CLASS   BANK2          
                cstackBANK2                         160      160       10         1

        CLASS   BANK3          
                cstackBANK3                         1E0      1E0        C         1
                bssBANK3                            1EC      1EC        4         1

        CLASS   BANK4          
                cstackBANK4                         260      260        8         1
                dataBANK4                           26E      26E        2         1
                bssBANK4                            268      268        6         1

        CLASS   BANK5          
                dataBANK5                           2E9      2E9        5         1
                bssBANK5                            2A0      2A0       49         1

        CLASS   BANK6          
                dataBANK6                           32C      32C        C         1
                bssBANK6                            320      320        C         1

        CLASS   BANK7          
                bssBANK7                            3A0      3A0       40         1

        CLASS   BANK8          

        CLASS   BANK9          

        CLASS   BANK10         

        CLASS   BANK11         

        CLASS   BANK12         

        CLASS   BIGRAM         

        CLASS   RAM            

        CLASS   ABS1           
                abs_s1                               20       20       38         1
                abs_s1                               60       60       10         1
                abs_s1                               7E       7E        2         1
                abs_s1                               A0       A0       40         1
                abs_s1                              120      120       40         1
                abs_s1                              1A0      1A0       40         1
                abs_s1                              220      220       40         1

        CLASS   SFR0           

        CLASS   SFR1           

        CLASS   SFR2           

        CLASS   SFR3           

        CLASS   SFR4           

        CLASS   SFR5           

        CLASS   SFR6           

        CLASS   SFR7           

        CLASS   SFR8           

        CLASS   SFR9           

        CLASS   SFR10          

        CLASS   SFR11          

        CLASS   SFR12          

        CLASS   SFR13          

        CLASS   SFR14          

        CLASS   SFR15          

        CLASS   SFR16          

        CLASS   SFR17          

        CLASS   SFR18          

        CLASS   SFR19          

        CLASS   SFR20          

        CLASS   SFR21          

        CLASS   SFR22          

        CLASS   SFR23          

        CLASS   SFR24          

        CLASS   SFR25          

        CLASS   SFR26          

        CLASS   SFR27          

        CLASS   SFR28          

        CLASS   SFR29          

        CLASS   SFR30          

        CLASS   SFR31          

        CLASS   CONFIG         
                config                             8007     8007        2         0

        CLASS   IDLOC          

        CLASS   BANK31         

        CLASS   BANK30         

        CLASS   BANK29         

        CLASS   BANK28         

        CLASS   BANK27         

        CLASS   BANK26         

        CLASS   BANK25         

        CLASS   BANK24         

        CLASS   BANK23         

        CLASS   BANK22         

        CLASS   BANK21         

        CLASS   BANK20         

        CLASS   BANK19         

        CLASS   BANK18         

        CLASS   BANK17         

        CLASS   BANK16         

        CLASS   BANK15         

        CLASS   BANK14         

        CLASS   BANK13         

        CLASS   EEDATA         



SEGMENTS        Name                           Load    Length   Top    Selector   Space  Class     Delta

                reset_vec                      000000  000002  000002         0       0  CODE        2
                intentry                       000004  00070A  00070E         8       0  CODE        2
                cstackBANK0h                   000058  000008  000060        58       1  BANK0       1
                cstackCOMMON                   000070  00000E  00007E        70       1  COMMON      1
                bssBANK1                       0000E0  000010  0000F0        E0       1  BANK1       1
                cstackBANK2                    000160  000010  000170       160       1  BANK2       1
                cstackBANK3                    0001E0  000010  0001F0       1E0       1  BANK3       1
                cstackBANK4                    000260  000010  000270       260       1  BANK4       1
                bssBANK5                       0002A0  00004E  0002EE       2A0       1  BANK5       1
                bssBANK6                       000320  000018  000338       320       1  BANK6       1
                bssBANK7                       0003A0  000040  0003E0       3A0       1  BANK7       1
                swtext2                        00070E  0000EA  0007F8       E1C       0  CONST       2
                clrtext                        0007F8  000006  0007FE       FF0       0  CODE        2
                swtext1                        000800  000034  000834      1000       0  CONST       2
                text13                         000837  0003E3  000C1A      106E       0  CODE        2
                text46                         000C1A  0003E6  001000      1834       0  CODE        2
                swtext5                        001000  0000EA  0010EA      2000       0  CONST       2
                maintext_split_1               0010F2  000105  0011F7      21E4       0  CODE        2
                maintext                       0011F7  00014B  001342      23EE       0  CODE        2
                maintext_split_2               001342  00016B  0014AD      2684       0  CODE        2
                text47                         0014AD  000197  001644      295A       0  CODE        2
                text14                         001644  0001BC  001800      2C88       0  CODE        2
                swtext3                        001800  00008C  00188C      3000       0  CONST       2
                stringtext3                    00188C  000089  001915      3118       0  STRCODE     2
                text32                         0019C0  000044  001A04      3380       0  CODE        2
                text56                         001A04  00004B  001A4F      3408       0  CODE        2
                text23                         001A4F  00004C  001A9B      349E       0  CODE        2
                text52                         001A9B  00004E  001AE9      3536       0  CODE        2
                text19                         001AE9  000051  001B3A      35D2       0  CODE        2
                text57                         001B3A  000063  001B9D      3674       0  CODE        2
                text24                         001B9D  000064  001C01      373A       0  CODE        2
                text53                         001C01  000070  001C71      3802       0  CODE        2
                text3                          001C71  000077  001CE8      38E2       0  CODE        2
                text20                         001CE8  00007A  001D62      39D0       0  CODE        2
                text50                         001D62  00007C  001DDE      3AC4       0  CODE        2
                text17                         001DDE  000080  001E5E      3BBC       0  CODE        2
                text60                         001E5E  0000C3  001F21      3CBC       0  CODE        2
                text27                         001F21  0000DF  002000      3E42       0  CODE        2
                config                         008007  000002  008009     1000E       0  CONFIG      2


UNUSED ADDRESS RANGES

        Name                Unused          Largest block    Delta
        BANK10           000520-00056F               50           1
        BANK11           0005A0-0005EF               50           1
        BANK12           000620-00064F               30           1
        BANK5            0002EE-0002EF                2           1
        BANK6            000338-00036F               38           1
        BANK7            0003E0-0003EF               10           1
        BANK8            000420-00046F               50           1
        BANK9            0004A0-0004EF               50           1
        BIGRAM           002000-0023EF              3F0           1
        CODE             000002-000003                2           2
                         0007FE-0007FF                2
                         000834-000836                3
                         0010EA-0010F1                8
                         001915-0019BF               AB
        CONST            000002-000003                2           2
                         0007FE-0007FF                2
                         000834-000836                3
                         0010EA-0010F1                8
                         001915-0019BF               AB
        ENTRY            000002-000003                2           2
                         0007FE-0007FF                2
                         000834-000836                3
                         0010EA-0010F1                8
                         001915-0019BF               AB
        IDLOC            008000-008003                4           2
        RAM              0002EE-0002EF                2           1
                         000338-00036F               38
                         0003E0-0003EF               10
                         000420-00046F               50
                         0004A0-0004EF               50
                         000520-00056F               50
                         0005A0-0005EF               50
                         000620-00064F               30
        SFR0             000000-00001F               20           1
        SFR1             000080-00009F               20           1
        SFR10            000500-00051F               20           1
        SFR11            000580-00059F               20           1
        SFR12            000600-00061F               20           1
        SFR13            000680-0006EF               70           1
        SFR14            000700-00076F               70           1
        SFR15            000780-0007EF               70           1
        SFR16            000800-00086F               70           1
        SFR17            000880-0008EF               70           1
        SFR18            000900-00096F               70           1
        SFR19            000980-0009EF               70           1
        SFR2             000100-00011F               20           1
        SFR20            000A00-000A6F               70           1
        SFR21            000A80-000AEF               70           1
        SFR22            000B00-000B6F               70           1
        SFR23            000B80-000BEF               70           1
        SFR24            000C00-000C6F               70           1
        SFR25            000C80-000CEF               70           1
        SFR26            000D00-000D6F               70           1
        SFR27            000D80-000DEF               70           1
        SFR28            000E00-000E6F               70           1
        SFR29            000E80-000EEF               70           1
        SFR3             000180-00019F               20           1
        SFR30            000F00-000F6F               70           1
        SFR31            000F80-000FEF               70           1
        SFR4             000200-00021F               20           1
        SFR5             000280-00029F               20           1
        SFR6             000300-00031F               20           1
        SFR7             000380-00039F               20           1
        SFR8             000400-00041F               20           1
        SFR9             000480-00049F               20           1
        STACK            002270-0023EF              180           1
        STRCODE          000002-000003                2           2
                         0007FE-0007FF                2
                         000834-000836                3
                         0010EA-0010F1                8
                         001915-0019BF               AB
        STRING           000002-000003                2           2
                         0007FE-0007FF                2
                         000834-000836                3
                         0010EA-0010F1                8
                         001915-0019BF               AB

                                  Symbol Table

?_USBTransferOnePacket                      cstackBANK2      000160
USBConfigureEndpoint@EPNum                  cstackBANK2      000162
USBConfigureEndpoint@direction              cstackBANK2      000160
USBConfigureEndpoint@handle                 cstackBANK2      000163
USBCtrlTrfInHandler@lastDTS                 cstackBANK2      000165
USBCtrlTrfRxService@byteToRead              cstackBANK2      000165
USBCtrlTrfRxService@i                       cstackBANK2      000164
USBCtrlTrfTxService@byteToSend              cstackBANK2      000162
USBDeviceInit@i                             cstackBANK2      000163
USBDeviceInit@i_1358                        cstackBANK2      000162
USBDeviceInit@p                             cstackBANK2      000160
USBDeviceTasks@i                            cstackBANK3      0001EB
USBEnableEndpoint@ep                        cstackBANK2      000169
USBEnableEndpoint@options                   cstackBANK2      000164
USBEnableEndpoint@p                         cstackBANK2      000167
USBStdFeatureReqHandler@current_ep_data     cstackBANK3      0001E4
USBStdFeatureReqHandler@p                   cstackBANK3      0001E5
USBStdFeatureReqHandler@pUEP                cstackBANK3      0001E2
USBStdGetStatusHandler@p                    cstackBANK2      000160
USBStdSetCfgHandler@i                       cstackBANK3      0001E3
USBStdSetCfgHandler@i_2033                  cstackBANK3      0001E2
USBStdSetCfgHandler@p                       cstackBANK3      0001E0
USBTransferOnePacket@data                   cstackBANK2      000161
USBTransferOnePacket@dir                    cstackBANK2      000160
USBTransferOnePacket@ep                     cstackBANK2      000167
USBTransferOnePacket@handle                 cstackBANK2      000168
USBTransferOnePacket@len                    cstackBANK2      000162
USER_USB_CALLBACK_EVENT_HANDLER@event       cstackBANK2      00016A
USER_USB_CALLBACK_EVENT_HANDLER@pdata       cstackBANK2      00016C
USER_USB_CALLBACK_EVENT_HANDLER@size        cstackBANK2      00016E
_ACTCON                                     (abs)            00039B
_ANSELA                                     (abs)            00018C
_ANSELC                                     (abs)            00018E
_APFCON                                     (abs)            00011D
_BDT                                        (abs)            000020
_BothEP0OutUOWNsSet                         bssBANK5         0002D8
_CDCInitEP                                  text24           001B9D
_CtrlTrfData                                (abs)            000060
_INTCONbits                                 (abs)            00000B
_INTERRUPT_InterruptManager                 intentry         000004
_LATA                                       (abs)            00010C
_LATC                                       (abs)            00010E
_OPTION_REGbits                             (abs)            000095
_OSCCON                                     (abs)            000099
_OSCILLATOR_Initialize                      text32           0019C9
_OSCTUNE                                    (abs)            000098
_PIE2bits                                   (abs)            000092
_PIN_MANAGER_Initialize                     text32           0019D3
_PIR2bits                                   (abs)            000012
_PLLRDY                                     (abs)            0004D6
_PORTC                                      (abs)            00000E
_RemoteWakeup                               bssBANK5         0002DB
_SYSTEM_Initialize                          text32           0019C0
_SetupPkt                                   (abs)            000050
_TRISA                                      (abs)            00008C
_TRISC                                      (abs)            00008E
_UADDR                                      (abs)            000E96
_UCFG                                       (abs)            000E91
_UCON                                       (abs)            000E8E
_UCONbits                                   (abs)            000E8E
_UEIE                                       (abs)            000E97
_UEIR                                       (abs)            000E93
_UEP0                                       (abs)            000E98
_UEP0bits                                   (abs)            000E98
_UEP1                                       (abs)            000E99
_UIE                                        (abs)            000E92
_UIEbits                                    (abs)            000E92
_UIR                                        (abs)            000E90
_UIRbits                                    (abs)            000E90
_USB1msTickCount                            bssBANK6         000320
_USBActiveConfiguration                     bssBANK5         0002E8
_USBAlternateInterface                      bssBANK5         0002E6
_USBBusIsSuspended                          bssBANK5         0002DA
_USBCheckCDCRequest                         text23           001A4F
_USBCheckStdRequest                         text13           00086A
_USBConfigureEndpoint                       text24           001BD1
_USBCtrlEPAllowDataStage                    text14           0016D1
_USBCtrlEPAllowStatusStage                  text13           000B15
_USBCtrlEPService                           text13           000B80
_USBCtrlEPServiceComplete                   text14           001644
_USBCtrlTrfInHandler                        text14           001732
_USBCtrlTrfOutHandler                       text27           001F21
_USBCtrlTrfRxService                        text27           001F59
_USBCtrlTrfSetupHandler                     text13           000837
_USBCtrlTrfTxService                        text14           00179D
_USBDeferINDataStagePackets                 bssBANK5         0002D3
_USBDeferOUTDataStagePackets                bssBANK5         0002D2
_USBDeferStatusStagePacket                  bssBANK5         0002D6
_USBDeviceAttach                            text32           0019EB
_USBDeviceInit                              text13           000A94
_USBDeviceState                             bssBANK4         00026D
_USBDeviceTasks                             text13           0009D0
_USBEnableEndpoint                          text24           001BB4
_USBIncrement1msInternalTimers              text13           000BC1
_USBStallHandler                            text13           000BD3
_USBStatusStageEnabledFlag1                 bssBANK5         0002D5
_USBStatusStageEnabledFlag2                 bssBANK5         0002D4
_USBStatusStageTimeoutCounter               bssBANK5         0002D7
_USBStdFeatureReqHandler                    text13           0008B1
_USBStdGetDscHandler                        text20           001CE8
_USBStdGetStatusHandler                     text19           001AE9
_USBStdSetCfgHandler                        text17           001DDE
_USBSuspend                                 text13           000BF3
_USBTicksSinceSuspendEnd                    bssBANK5         0002D1
_USBTransferOnePacket                       text3            001C71
_USBWakeFromSuspend                         text13           000C03
_USB_CD_Ptr                                 stringtext2      001913
_USB_SD_Ptr                                 stringtext1      001909
_USER_USB_CALLBACK_EVENT_HANDLER            text13           000A75
_USTAT                                      (abs)            000E8F
_USTATcopy                                  bssBANK3         0001EF
_WDTCON                                     (abs)            000097
_WDT_Initialize                             text32           0019E8
_WPUA                                       (abs)            00020C
__CFG_BOREN$ON                              (abs)            000000
__CFG_BORV$LO                               (abs)            000000
__CFG_CLKOUTEN$OFF                          (abs)            000000
__CFG_CP$OFF                                (abs)            000000
__CFG_CPUDIV$NOCLKDIV                       (abs)            000000
__CFG_FCMEN$ON                              (abs)            000000
__CFG_FOSC$INTOSC                           (abs)            000000
__CFG_IESO$ON                               (abs)            000000
__CFG_LPBOR$OFF                             (abs)            000000
__CFG_LVP$ON                                (abs)            000000
__CFG_MCLRE$ON                              (abs)            000000
__CFG_PLLEN$ENABLED                         (abs)            000000
__CFG_PLLMULT$3x                            (abs)            000000
__CFG_PWRTE$OFF                             (abs)            000000
__CFG_STVREN$ON                             (abs)            000000
__CFG_USBLSCLK$48MHz                        (abs)            000000
__CFG_WDTE$OFF                              (abs)            000000
__CFG_WRT$OFF                               (abs)            000000
__Habs1                                     abs1             000000
__Hbank0                                    bank0            000000
__Hbank1                                    bank1            000000
__Hbank10                                   bank10           000000
__Hbank11                                   bank11           000000
__Hbank12                                   bank12           000000
__Hbank13                                   bank13           000000
__Hbank14                                   bank14           000000
__Hbank15                                   bank15           000000
__Hbank16                                   bank16           000000
__Hbank17                                   bank17           000000
__Hbank18                                   bank18           000000
__Hbank19                                   bank19           000000
__Hbank2                                    bank2            000000
__Hbank20                                   bank20           000000
__Hbank21                                   bank21           000000
__Hbank22                                   bank22           000000
__Hbank23                                   bank23           000000
__Hbank24                                   bank24           000000
__Hbank25                                   bank25           000000
__Hbank26                                   bank26           000000
__Hbank27                                   bank27           000000
__Hbank28                                   bank28           000000
__Hbank29                                   bank29           000000
__Hbank3                                    bank3            000000
__Hbank30                                   bank30           000000
__Hbank31                                   bank31           000000
__Hbank4                                    bank4            000000
__Hbank5                                    bank5            000000
__Hbank6                                    bank6            000000
__Hbank7                                    bank7            000000
__Hbank8                                    bank8            000000
__Hbank9                                    bank9            000000
__Hbigram                                   bigram           000000
__HbssBANK1                                 bssBANK1         000000
__HbssBANK3                                 bssBANK3         000000
__HbssBANK4                                 bssBANK4         000000
__HbssBANK5                                 bssBANK5         000000
__HbssBANK6                                 bssBANK6         000000
__HbssBANK7                                 bssBANK7         000000
__Hcinit                                    cinit            000067
__Hclrtext                                  clrtext          000000
__Hcode                                     code             000000
__Hcommon                                   common           000000
__Hconfig                                   config           008009
__HcstackBANK0h                             cstackBANK0h     000000
__HcstackBANK1                              cstackBANK1      000000
__HcstackBANK2                              cstackBANK2      000000
__HcstackBANK3                              cstackBANK3      000000
__HcstackBANK4                              cstackBANK4      000000
__HcstackCOMMON                             cstackCOMMON     000000
__HdataBANK4                                dataBANK4        000000
__HdataBANK5                                dataBANK5        000000
__HdataBANK6                                dataBANK6        000000
__Heeprom_data                              eeprom_data      000000
__Hend_init                                 end_init         000014
__Hfunctab                                  functab          000000
__HidataBANK4                               idataBANK4       000000
__HidataBANK5                               idataBANK5       000000
__HidataBANK6                               idataBANK6       000000
__Hidloc                                    idloc            000000
__Hinit                                     init             000012
__Hintentry                                 intentry         000012
__Hmaintext                                 maintext         000000
__Hmaintext_split_1                         maintext_split_1 000000
__Hmaintext_split_2                         maintext_split_2 000000
__Hmaintext_split_3                         maintext_split_3 000000
__Hpa_nodes0                                pa_nodes0        000000
__Hpowerup                                  powerup          000000
__Hram                                      ram              000000
__Hreset_vec                                reset_vec        000002
__Hsfr0                                     sfr0             000000
__Hsfr1                                     sfr1             000000
__Hsfr10                                    sfr10            000000
__Hsfr11                                    sfr11            000000
__Hsfr12                                    sfr12            000000
__Hsfr13                                    sfr13            000000
__Hsfr14                                    sfr14            000000
__Hsfr15                                    sfr15            000000
__Hsfr16                                    sfr16            000000
__Hsfr17                                    sfr17            000000
__Hsfr18                                    sfr18            000000
__Hsfr19                                    sfr19            000000
__Hsfr2                                     sfr2             000000
__Hsfr20                                    sfr20            000000
__Hsfr21                                    sfr21            000000
__Hsfr22                                    sfr22            000000
__Hsfr23                                    sfr23            000000
__Hsfr24                                    sfr24            000000
__Hsfr25                                    sfr25            000000
__Hsfr26                                    sfr26            000000
__Hsfr27                                    sfr27            000000
__Hsfr28                                    sfr28            000000
__Hsfr29                                    sfr29            000000
__Hsfr3                                     sfr3             000000
__Hsfr30                                    sfr30            000000
__Hsfr31                                    sfr31            000000
__Hsfr4                                     sfr4             000000
__Hsfr5                                     sfr5             000000
__Hsfr6                                     sfr6             000000
__Hsfr7                                     sfr7             000000
__Hsfr8                                     sfr8             000000
__Hsfr9                                     sfr9             000000
__Hspace_0                                  (abs)            008009
__Hspace_1                                  (abs)            0003E0
__Hspace_2                                  (abs)            000000
__Hspace_3                                  (abs)            000000
__Hstack                                    stack            000000
__Hstrings                                  strings          000000
__Hstringtext1                              stringtext1      000000
__Hstringtext2                              stringtext2      000000
__Hstringtext3                              stringtext3      000000
__Hstringtext4                              stringtext4      000000
__Hstringtext5                              stringtext5      000000
__Hstringtext6                              stringtext6      000000
__Hstringtext7                              stringtext7      000000
__Htext                                     text             000000
__Labs1                                     abs1             000000
__Lbank0                                    bank0            000000
__Lbank1                                    bank1            000000
__Lbank10                                   bank10           000000
__Lbank11                                   bank11           000000
__Lbank12                                   bank12           000000
__Lbank13                                   bank13           000000
__Lbank14                                   bank14           000000
__Lbank15                                   bank15           000000
__Lbank16                                   bank16           000000
__Lbank17                                   bank17           000000
__Lbank18                                   bank18           000000
__Lbank19                                   bank19           000000
__Lbank2                                    bank2            000000
__Lbank20                                   bank20           000000
__Lbank21                                   bank21           000000
__Lbank22                                   bank22           000000
__Lbank23                                   bank23           000000
__Lbank24                                   bank24           000000
__Lbank25                                   bank25           000000
__Lbank26                                   bank26           000000
__Lbank27                                   bank27           000000
__Lbank28                                   bank28           000000
__Lbank29                                   bank29           000000
__Lbank3                                    bank3            000000
__Lbank30                                   bank30           000000
__Lbank31                                   bank31           000000
__Lbank4                                    bank4            000000
__Lbank5                                    bank5            000000
__Lbank6                                    bank6            000000
__Lbank7                                    bank7            000000
__Lbank8                                    bank8            000000
__Lbank9                                    bank9            000000
__Lbigram                                   bigram           000000
__LbssBANK1                                 bssBANK1         000000
__LbssBANK3                                 bssBANK3         000000
__LbssBANK4                                 bssBANK4         000000
__LbssBANK5                                 bssBANK5         000000
__LbssBANK6                                 bssBANK6         000000
__LbssBANK7                                 bssBANK7         000000
__Lcinit                                    cinit            000014
__Lclrtext                                  clrtext          000000
__Lcode                                     code             000000
__Lcommon                                   common           000000
__Lconfig                                   config           008007
__LcstackBANK0h                             cstackBANK0h     000000
__LcstackBANK1                              cstackBANK1      000000
__LcstackBANK2                              cstackBANK2      000000
__LcstackBANK3                              cstackBANK3      000000
__LcstackBANK4                              cstackBANK4      000000
__LcstackCOMMON                             cstackCOMMON     000000
__LdataBANK4                                dataBANK4        000000
__LdataBANK5                                dataBANK5        000000
__LdataBANK6                                dataBANK6        000000
__Leeprom_data                              eeprom_data      000000
__Lend_init                                 end_init         000012
__Lfunctab                                  functab          000000
__LidataBANK4                               idataBANK4       000000
__LidataBANK5                               idataBANK5       000000
__LidataBANK6                               idataBANK6       000000
__Lidloc                                    idloc            000000
__Linit                                     init             000012
__Lintentry                                 intentry         000004
__Lmaintext                                 maintext         000000
__Lmaintext_split_1                         maintext_split_1 000000
__Lmaintext_split_2                         maintext_split_2 000000
__Lmaintext_split_3                         maintext_split_3 000000
__Lpa_nodes0                                pa_nodes0        000000
__Lpowerup                                  powerup          000000
__Lram                                      ram              000000
__Lreset_vec                                reset_vec        000000
__Lsfr0                                     sfr0             000000
__Lsfr1                                     sfr1             000000
__Lsfr10                                    sfr10            000000
__Lsfr11                                    sfr11            000000
__Lsfr12                                    sfr12            000000
__Lsfr13                                    sfr13            000000
__Lsfr14                                    sfr14            000000
__Lsfr15                                    sfr15            000000
__Lsfr16                                    sfr16            000000
__Lsfr17                                    sfr17            000000
__Lsfr18                                    sfr18            000000
__Lsfr19                                    sfr19            000000
__Lsfr2                                     sfr2             000000
__Lsfr20                                    sfr20            000000
__Lsfr21                                    sfr21            000000
__Lsfr22                                    sfr22            000000
__Lsfr23                                    sfr23            000000
__Lsfr24                                    sfr24            000000
__Lsfr25                                    sfr25            000000
__Lsfr26                                    sfr26            000000
__Lsfr27                                    sfr27            000000
__Lsfr28                                    sfr28            000000
__Lsfr29                                    sfr29            000000
__Lsfr3                                     sfr3             000000
__Lsfr30                                    sfr30            000000
__Lsfr31                                    sfr31            000000
__Lsfr4                                     sfr4             000000
__Lsfr5                                     sfr5             000000
__Lsfr6                                     sfr6             000000
__Lsfr7                                     sfr7             000000
__Lsfr8                                     sfr8             000000
__Lsfr9                                     sfr9             000000
__Lspace_0                                  (abs)            000000
__Lspace_1                                  (abs)            000000
__Lspace_2                                  (abs)            000000
__Lspace_3                                  (abs)            000000
__Lstack                                    stack            000000
__Lstrings                                  strings          000000
__Lstringtext1                              stringtext1      000000
__Lstringtext2                              stringtext2      000000
__Lstringtext3                              stringtext3      000000
__Lstringtext4                              stringtext4      000000
__Lstringtext5                              stringtext5      000000
__Lstringtext6                              stringtext6      000000
__Lstringtext7                              stringtext7      000000
__Ltext                                     text             000000
__S0                                        (abs)            008009
__S1                                        (abs)            0003E0
__S2                                        (abs)            000000
___int_sp                                   stack            000000
___latbits                                  (abs)            000002
___sp                                       stack            000000
__end_of_CDCInitEP                          text24           001BB4
__end_of_INTERRUPT_InterruptManager         intentry         000012
__end_of_OSCILLATOR_Initialize              text32           0019D3
__end_of_PIN_MANAGER_Initialize             text32           0019E8
__end_of_SYSTEM_Initialize                  text32           0019C9
__end_of_USBCheckCDCRequest                 text23           001A9B
__end_of_USBCheckStdRequest                 text13           0008B1
__end_of_USBConfigureEndpoint               text24           001C01
__end_of_USBCtrlEPAllowDataStage            text14           001732
__end_of_USBCtrlEPAllowStatusStage          text13           000B80
__end_of_USBCtrlEPService                   text13           000BC1
__end_of_USBCtrlEPServiceComplete           text14           0016D1
__end_of_USBCtrlTrfInHandler                text14           00179D
__end_of_USBCtrlTrfOutHandler               text27           001F59
__end_of_USBCtrlTrfRxService                text27           002000
__end_of_USBCtrlTrfSetupHandler             text13           00086A
__end_of_USBCtrlTrfTxService                text14           001800
__end_of_USBDeviceAttach                    text32           001A04
__end_of_USBDeviceInit                      text13           000B15
__end_of_USBDeviceTasks                     text13           000A75
__end_of_USBEnableEndpoint                  text24           001BD1
__end_of_USBIncrement1msInternalTimers      text13           000BD3
__end_of_USBStallHandler                    text13           000BF3
__end_of_USBStdFeatureReqHandler            text13           0009D0
__end_of_USBStdGetDscHandler                text20           001D62
__end_of_USBStdGetStatusHandler             text19           001B3A
__end_of_USBStdSetCfgHandler                text17           001E47
__end_of_USBSuspend                         text13           000C03
__end_of_USBTransferOnePacket               text3            001CE8
__end_of_USBWakeFromSuspend                 text13           000C1A
__end_of_USB_CD_Ptr                         stringtext2      001915
__end_of_USB_SD_Ptr                         stringtext1      00190F
__end_of_USER_USB_CALLBACK_EVENT_HANDLER    text13           000A94
__end_of_WDT_Initialize                     text32           0019EB
__end_of__initialization                    cinit            000063
__end_of_cmd_rx_buf_get_task                text6            000000
__end_of_cmd_rx_buf_put_task                text5            000000
__end_of_cmd_task                           text4            000000
__end_of_cmd_tx_buffer_task                 text2            000000
__end_of_configDescriptor1                  stringtext3      0018CF
__end_of_device_dsc                         stringtext6      001909
__end_of_gpio_init                          text1            000000
__end_of_main                               maintext_split_3 000708
__end_of_memset                             text17           001E5E
__end_of_sd000                              stringtext7      001913
__end_of_sd001                              stringtext5      0018F7
__end_of_sd002                              stringtext4      0018E5
__end_ofi1_CDCInitEP                        text57           001B50
__end_ofi1_USBCheckCDCRequest               text56           001A4F
__end_ofi1_USBCheckStdRequest               text46           000C9C
__end_ofi1_USBConfigureEndpoint             text57           001B9D
__end_ofi1_USBCtrlEPAllowDataStage          text47           001588
__end_ofi1_USBCtrlEPAllowStatusStage        text46           000EE3
__end_ofi1_USBCtrlEPService                 text46           000F29
__end_ofi1_USBCtrlEPServiceComplete         text47           00152F
__end_ofi1_USBCtrlTrfInHandler              text47           0015EC
__end_ofi1_USBCtrlTrfOutHandler             text60           001E91
__end_ofi1_USBCtrlTrfRxService              text60           001F21
__end_ofi1_USBCtrlTrfSetupHandler           text46           000C4F
__end_ofi1_USBCtrlTrfTxService              text47           001644
__end_ofi1_USBDeviceInit                    text46           000FA5
__end_ofi1_USBDeviceTasks                   text46           000E60
__end_ofi1_USBEnableEndpoint                text57           001B6D
__end_ofi1_USBIncrement1msInternalTimers    text46           000FB7
__end_ofi1_USBStallHandler                  text46           000FD7
__end_ofi1_USBStdFeatureReqHandler          text46           000DBA
__end_ofi1_USBStdGetDscHandler              text53           001C71
__end_ofi1_USBStdGetStatusHandler           text52           001AE9
__end_ofi1_USBStdSetCfgHandler              text50           001DC7
__end_ofi1_USBSuspend                       text46           000FE9
__end_ofi1_USBWakeFromSuspend               text46           001000
__end_ofi1_USER_USB_CALLBACK_EVENT_HANDLER  text46           000E82
__end_ofi1_memset                           text50           001DDE
__initialization                            cinit            000014
__pbssBANK1                                 bssBANK1         0000E0
__pbssBANK3                                 bssBANK3         0001EC
__pbssBANK4                                 bssBANK4         000268
__pbssBANK5                                 bssBANK5         0002A0
__pbssBANK6                                 bssBANK6         000320
__pbssBANK7                                 bssBANK7         0003A0
__pcstackBANK0h                             cstackBANK0h     000058
__pcstackBANK1                              cstackBANK1      0000E8
__pcstackBANK2                              cstackBANK2      000160
__pcstackBANK3                              cstackBANK3      0001E0
__pcstackBANK4                              cstackBANK4      000260
__pcstackCOMMON                             cstackCOMMON     000070
__pdataBANK4                                dataBANK4        00026E
__pdataBANK5                                dataBANK5        0002E9
__pdataBANK6                                dataBANK6        00032C
__pidataBANK4                               idataBANK4       000000
__pidataBANK5                               idataBANK5       000000
__pidataBANK6                               idataBANK6       000000
__pintentry                                 intentry         000004
__pmaintext                                 maintext         0011F7
__pstringtext1                              stringtext1      001909
__pstringtext2                              stringtext2      001913
__pstringtext3                              stringtext3      00188C
__pstringtext4                              stringtext4      0018CF
__pstringtext5                              stringtext5      0018E5
__pstringtext6                              stringtext6      0018F7
__pstringtext7                              stringtext7      00190F
__pswtext1                                  swtext1          000800
__pswtext2                                  swtext2          00070E
__pswtext3                                  swtext3          001800
__pswtext4                                  swtext4          00081A
__pswtext5                                  swtext5          001000
__pswtext6                                  swtext6          001846
__ptext1                                    text1            000000
__ptext10                                   text13           000BD3
__ptext11                                   text13           000BC1
__ptext12                                   text13           000B80
__ptext13                                   text13           000837
__ptext14                                   text14           001644
__ptext15                                   text14           0016D1
__ptext16                                   text13           00086A
__ptext17                                   text17           001DDE
__ptext18                                   text17           001E47
__ptext19                                   text19           001AE9
__ptext2                                    text2            000000
__ptext20                                   text20           001CE8
__ptext21                                   text13           0008B1
__ptext22                                   text13           000A75
__ptext23                                   text23           001A4F
__ptext24                                   text24           001B9D
__ptext25                                   text24           001BB4
__ptext26                                   text24           001BD1
__ptext27                                   text27           001F21
__ptext28                                   text27           001F59
__ptext29                                   text13           000B15
__ptext3                                    text3            001C71
__ptext30                                   text14           001732
__ptext31                                   text14           00179D
__ptext32                                   text32           0019C0
__ptext33                                   text32           0019E8
__ptext34                                   text13           000A94
__ptext35                                   text32           0019EB
__ptext36                                   text32           0019D3
__ptext37                                   text32           0019C9
__ptext39                                   text46           000DBA
__ptext4                                    text4            000000
__ptext40                                   text46           000FE9
__ptext41                                   text46           000FD7
__ptext42                                   text46           000FB7
__ptext43                                   text46           000FA5
__ptext44                                   text46           000F29
__ptext45                                   text46           000EE3
__ptext46                                   text46           000C1A
__ptext47                                   text47           0014AD
__ptext48                                   text47           00152F
__ptext49                                   text46           000C4F
__ptext5                                    text5            000000
__ptext50                                   text50           001D62
__ptext51                                   text50           001DC7
__ptext52                                   text52           001A9B
__ptext53                                   text53           001C01
__ptext54                                   text46           000C9C
__ptext55                                   text46           000E60
__ptext56                                   text56           001A04
__ptext57                                   text57           001B3A
__ptext58                                   text57           001B50
__ptext59                                   text57           001B6D
__ptext6                                    text6            000000
__ptext60                                   text60           001E5E
__ptext61                                   text60           001E91
__ptext62                                   text46           000E82
__ptext63                                   text47           001588
__ptext64                                   text47           0015EC
__ptext7                                    text13           0009D0
__ptext8                                    text13           000C03
__ptext9                                    text13           000BF3
__size_of_CDCInitEP                         (abs)            000000
__size_of_INTERRUPT_InterruptManager        (abs)            000000
__size_of_OSCILLATOR_Initialize             (abs)            000000
__size_of_PIN_MANAGER_Initialize            (abs)            000000
__size_of_SYSTEM_Initialize                 (abs)            000000
__size_of_USBCheckCDCRequest                (abs)            000000
__size_of_USBCheckStdRequest                (abs)            000000
__size_of_USBConfigureEndpoint              (abs)            000000
__size_of_USBCtrlEPAllowDataStage           (abs)            000000
__size_of_USBCtrlEPAllowStatusStage         (abs)            000000
__size_of_USBCtrlEPService                  (abs)            000000
__size_of_USBCtrlEPServiceComplete          (abs)            000000
__size_of_USBCtrlTrfInHandler               (abs)            000000
__size_of_USBCtrlTrfOutHandler              (abs)            000000
__size_of_USBCtrlTrfRxService               (abs)            000000
__size_of_USBCtrlTrfSetupHandler            (abs)            000000
__size_of_USBCtrlTrfTxService               (abs)            000000
__size_of_USBDeviceAttach                   (abs)            000000
__size_of_USBDeviceInit                     (abs)            000000
__size_of_USBDeviceTasks                    (abs)            000000
__size_of_USBEnableEndpoint                 (abs)            000000
__size_of_USBIncrement1msInternalTimers     (abs)            000000
__size_of_USBStallHandler                   (abs)            000000
__size_of_USBStdFeatureReqHandler           (abs)            000000
__size_of_USBStdGetDscHandler               (abs)            000000
__size_of_USBStdGetStatusHandler            (abs)            000000
__size_of_USBStdSetCfgHandler               (abs)            000000
__size_of_USBSuspend                        (abs)            000000
__size_of_USBTransferOnePacket              (abs)            000000
__size_of_USBWakeFromSuspend                (abs)            000000
__size_of_USER_USB_CALLBACK_EVENT_HANDLER   (abs)            000000
__size_of_WDT_Initialize                    (abs)            000000
__size_of_cmd_rx_buf_get_task               (abs)            000000
__size_of_cmd_rx_buf_put_task               (abs)            000000
__size_of_cmd_task                          (abs)            000000
__size_of_cmd_tx_buffer_task                (abs)            000000
__size_of_gpio_init                         (abs)            000000
__size_of_main                              (abs)            000000
__size_of_memset                            (abs)            000000
__size_ofi1_CDCInitEP                       (abs)            000000
__size_ofi1_USBCheckCDCRequest              (abs)            000000
__size_ofi1_USBCheckStdRequest              (abs)            000000
__size_ofi1_USBConfigureEndpoint            (abs)            000000
__size_ofi1_USBCtrlEPAllowDataStage         (abs)            000000
__size_ofi1_USBCtrlEPAllowStatusStage       (abs)            000000
__size_ofi1_USBCtrlEPService                (abs)            000000
__size_ofi1_USBCtrlEPServiceComplete        (abs)            000000
__size_ofi1_USBCtrlTrfInHandler             (abs)            000000
__size_ofi1_USBCtrlTrfOutHandler            (abs)            000000
__size_ofi1_USBCtrlTrfRxService             (abs)            000000
__size_ofi1_USBCtrlTrfSetupHandler          (abs)            000000
__size_ofi1_USBCtrlTrfTxService             (abs)            000000
__size_ofi1_USBDeviceInit                   (abs)            000000
__size_ofi1_USBDeviceTasks                  (abs)            000000
__size_ofi1_USBEnableEndpoint               (abs)            000000
__size_ofi1_USBIncrement1msInternalTimers   (abs)            000000
__size_ofi1_USBStallHandler                 (abs)            000000
__size_ofi1_USBStdFeatureReqHandler         (abs)            000000
__size_ofi1_USBStdGetDscHandler             (abs)            000000
__size_ofi1_USBStdGetStatusHandler          (abs)            000000
__size_ofi1_USBStdSetCfgHandler             (abs)            000000
__size_ofi1_USBSuspend                      (abs)            000000
__size_ofi1_USBWakeFromSuspend              (abs)            000000
__size_ofi1_USER_USB_CALLBACK_EVENT_HANDLER (abs)            000000
__size_ofi1_memset                          (abs)            000000
_bytes_recieved                             bssBANK5         0002BD
_cdc_trf_state                              bssBANK5         0002DE
_cmd_rx_buf_get_task                        text6            000000
_cmd_rx_buf_put_task                        text5            000000
_cmd_task                                   text4            000000
_cmd_tx_buffer_task                         text2            000000
_configDescriptor1                          stringtext3      00188C
_controlTransferState                       bssBANK4         00026C
_current_rx_handle                          dataBANK5        0002E9
_device_dsc                                 stringtext6      0018F7
_dummy_encapsulated_cmd_response            bssBANK6         000324
_endpoint_number                            bssBANK5         0002D9
_ep_data_in                                 bssBANK5         0002B6
_ep_data_out                                bssBANK5         0002B3
_gpio_init                                  text1            000000
_inPipes                                    bssBANK1         0000E0
_inlined$_cmd_rx_buf_get_task               (abs)            000001
_inlined$_cmd_rx_buf_put_task               (abs)            000001
_inlined$_cmd_task                          (abs)            000001
_inlined$_cmd_tx_buffer_task                (abs)            000001
_inlined$_gpio_init                         (abs)            000001
_line_coding                                bssBANK5         0002DF
_main                                       maintext         0011F7
_memset                                     text17           001E47
_outPipes                                   bssBANK5         0002A0
_pBDTEntryEP0OutCurrent                     bssBANK3         0001EE
_pBDTEntryEP0OutNext                        bssBANK3         0001EC
_pBDTEntryIn                                bssBANK5         0002A7
_pBDTEntryOut                               bssBANK5         0002AD
_pDst                                       bssBANK5         0002DC
_sd000                                      stringtext7      00190F
_sd001                                      stringtext5      0018E5
_sd002                                      stringtext4      0018CF
_shortPacketStatus                          bssBANK5         0002DD
_sie_configs                                bssBANK7         0003A0
_usb_rx_buf                                 dataBANK4        00026E
_usb_rx_buf_0                               (abs)            000120
_usb_rx_buf_1                               (abs)            000220
_usb_rx_buf_array                           dataBANK6        000330
_usb_rx_bytes_avail                         bssBANK4         00026B
_usb_rx_pp_get_ptr                          bssBANK5         0002BE
_usb_rx_pp_handle                           dataBANK6        00032C
_usb_rx_pp_put_ptr                          bssBANK5         0002BF
_usb_rx_pp_size                             bssBANK5         0002C0
_usb_rx_ptr                                 bssBANK1         0000E7
_usb_tx_buf_0                               (abs)            0000A0
_usb_tx_buf_1                               (abs)            0001A0
_usb_tx_ptr                                 bssBANK4         00026A
btemp                                       (abs)            00007E
clear_ram0                                  clrtext          0007F8
cmd_rx_buf_get_task@pt                      cstackBANK2      000162
cmd_rx_buf_put_task@PT_YIELD_FLAG           cstackBANK2      000164
cmd_rx_buf_put_task@pt                      cstackBANK2      000165
cmd_task@PT_YIELD_FLAG                      cstackBANK2      000163
cmd_task@actual_data                        bssBANK5         0002C7
cmd_task@bit_to_set                         cstackBANK2      000167
cmd_task@bit_to_set_2364                    cstackBANK2      000168
cmd_task@byte_to_send                       bssBANK5         0002C4
cmd_task@cmd                                bssBANK5         0002D0
cmd_task@compare_data_matches               dataBANK5        0002EB
cmd_task@data                               bssBANK5         0002C3
cmd_task@data_2366                          cstackBANK2      00016C
cmd_task@data_2367                          cstackBANK2      000169
cmd_task@do0p0                              bssBANK1         0000E6
cmd_task@do0p1                              bssBANK1         0000E5
cmd_task@do1p0                              bssBANK5         0002CC
cmd_task@do1p1                              bssBANK5         0002CB
cmd_task@expected_data                      bssBANK5         0002C6
cmd_task@gpio_dir                           dataBANK5        0002EC
cmd_task@i                                  bssBANK5         0002C9
cmd_task@inout_cfg                          bssBANK5         0002CA
cmd_task@input_mask                         bssBANK4         000268
cmd_task@last_phase_overlay                 cstackBANK2      000164
cmd_task@last_phase_overlay_2365            cstackBANK2      000165
cmd_task@last_phase_overlay_2368            cstackBANK2      00016B
cmd_task@loop_count                         bssBANK5         0002BB
cmd_task@loop_is_active                     bssBANK5         0002C8
cmd_task@mask                               bssBANK5         0002C5
cmd_task@num_bits                           bssBANK5         0002CE
cmd_task@num_bytes                          bssBANK5         0002CD
cmd_task@op0                                bssBANK5         0002CF
cmd_task@op1                                cstackBANK2      000166
cmd_task@pt                                 cstackBANK2      00016D
cmd_task@sie                                bssBANK4         000269
cmd_task@status                             bssBANK5         0002C2
cmd_task@status_sent                        bssBANK5         0002C1
cmd_task@tmp                                cstackBANK2      00016A
cmd_tx_buffer_task@PT_YIELD_FLAG            cstackBANK2      00016C
cmd_tx_buffer_task@pt                       cstackBANK2      00016D
cmd_tx_buffer_task@usb_tx_handle            bssBANK5         0002B9
end_of_initialization                       cinit            000063
i1USBConfigureEndpoint@EPNum                cstackCOMMON     000072
i1USBConfigureEndpoint@direction            cstackCOMMON     000070
i1USBConfigureEndpoint@handle               cstackCOMMON     000073
i1USBCtrlTrfInHandler@lastDTS               cstackCOMMON     000075
i1USBCtrlTrfRxService@byteToRead            cstackCOMMON     000075
i1USBCtrlTrfRxService@i                     cstackCOMMON     000074
i1USBCtrlTrfTxService@byteToSend            cstackCOMMON     000072
i1USBDeviceInit@i                           cstackCOMMON     000073
i1USBDeviceInit@i_1358                      cstackCOMMON     000072
i1USBDeviceInit@p                           cstackCOMMON     000070
i1USBDeviceTasks@i                          cstackBANK0h     00005F
i1USBEnableEndpoint@ep                      cstackCOMMON     000079
i1USBEnableEndpoint@options                 cstackCOMMON     000074
i1USBEnableEndpoint@p                       cstackCOMMON     000077
i1USBStdFeatureReqHandler@current_ep_data   cstackBANK1      0000EA
i1USBStdFeatureReqHandler@p                 cstackBANK1      0000EB
i1USBStdFeatureReqHandler@pUEP              cstackBANK1      0000E8
i1USBStdGetStatusHandler@p                  cstackCOMMON     000070
i1USBStdSetCfgHandler@i                     cstackCOMMON     00007D
i1USBStdSetCfgHandler@i_2033                cstackCOMMON     00007C
i1USBStdSetCfgHandler@p                     cstackCOMMON     00007A
i1USER_USB_CALLBACK_EVENT_HANDLER@event     cstackBANK0h     000058
i1USER_USB_CALLBACK_EVENT_HANDLER@pdata     cstackBANK0h     00005A
i1USER_USB_CALLBACK_EVENT_HANDLER@size      cstackBANK0h     00005C
i1_CDCInitEP                                text57           001B3A
i1_USBCheckCDCRequest                       text56           001A04
i1_USBCheckStdRequest                       text46           000C4F
i1_USBConfigureEndpoint                     text57           001B6D
i1_USBCtrlEPAllowDataStage                  text47           00152F
i1_USBCtrlEPAllowStatusStage                text46           000E82
i1_USBCtrlEPService                         text46           000EE3
i1_USBCtrlEPServiceComplete                 text47           0014AD
i1_USBCtrlTrfInHandler                      text47           001588
i1_USBCtrlTrfOutHandler                     text60           001E5E
i1_USBCtrlTrfRxService                      text60           001E91
i1_USBCtrlTrfSetupHandler                   text46           000C1A
i1_USBCtrlTrfTxService                      text47           0015EC
i1_USBDeviceInit                            text46           000F29
i1_USBDeviceTasks                           text46           000DBA
i1_USBEnableEndpoint                        text57           001B50
i1_USBIncrement1msInternalTimers            text46           000FA5
i1_USBStallHandler                          text46           000FB7
i1_USBStdFeatureReqHandler                  text46           000C9C
i1_USBStdGetDscHandler                      text53           001C01
i1_USBStdGetStatusHandler                   text52           001A9B
i1_USBStdSetCfgHandler                      text50           001D62
i1_USBSuspend                               text46           000FD7
i1_USBWakeFromSuspend                       text46           000FE9
i1_USER_USB_CALLBACK_EVENT_HANDLER          text46           000E60
i1_memset                                   text50           001DC7
i1memset@c                                  cstackCOMMON     000072
i1memset@n                                  cstackCOMMON     000074
i1memset@p                                  cstackCOMMON     000076
i1memset@p1                                 cstackCOMMON     000070
int$flags                                   (abs)            00007E
intlevel0                                   functab          000000
intlevel1                                   functab          000000
intlevel2                                   functab          000000
intlevel3                                   functab          000000
intlevel4                                   functab          000000
intlevel5                                   functab          000000
main@cmd_pt                                 cstackBANK4      000266
main@rx_get_pt                              cstackBANK4      000262
main@rx_put_pt                              cstackBANK4      000264
main@tx_pt                                  cstackBANK4      000260
memset@c                                    cstackBANK2      000162
memset@n                                    cstackBANK2      000164
memset@p                                    cstackBANK2      000166
memset@p1                                   cstackBANK2      000160
pnum$maintext                               (abs)            00001D
pnum$maintext_split_1                       (abs)            000065
pnum$maintext_split_2                       (abs)            000066
pnum$maintext_split_3                       (abs)            000067
psplit$0                                    (abs)            1D0065
psplit$1                                    (abs)            650066
psplit$2                                    (abs)            660067
reset_vec                                   reset_vec        000000
stackhi                                     (abs)            0023EF
stacklo                                     (abs)            002270
start                                       init             000012
start_initialization                        cinit            000014
wtemp0                                      (abs)            00007E


FUNCTION INFORMATION:

 *************** function _main *****************
 Defined at:
		line 647 in file "main.c"
 Parameters:    Size  Location     Type
		None
 Auto vars:     Size  Location     Type
  cmd_pt          2    6[BANK4 ] struct pt
  rx_put_pt       2    4[BANK4 ] struct pt
  rx_get_pt       2    2[BANK4 ] struct pt
  tx_pt           2    0[BANK4 ] struct pt
 Return value:  Size  Location     Type
                  1    wreg      void 
 Registers used:
		wreg, fsr0l, fsr0h, fsr1l, fsr1h, status,2, status,0, pclath, cstack
 Tracked objects:
		On entry : 
		On exit  : 
		Unchanged: 
 Data sizes:     COMMON  BANK0h   BANK1   BANK2   BANK3   BANK4   BANK5   BANK6   BANK7   BANK8   BANK9  BANK10  BANK11  BANK12
      Params:         0       0       0       0       0       0       0       0       0       0       0       0       0       0
      Locals:         0       0       0       0       0       8       0       0       0       0       0       0       0       0
      Temps:          0       0       0       0       0       0       0       0       0       0       0       0       0       0
[...]
      Totals:         2       0       5       0       0       0       0       0       0       0       0       0       0       0
Total ram usage:        7 bytes
 Hardware stack levels used:    1
 Hardware stack levels required when called:    4
 This function calls:
		i1_USER_USB_CALLBACK_EVENT_HANDLER
 This function is called by:
		i1_USBCheckStdRequest
 This function uses a non-reentrant model


 *************** function i1_USER_USB_CALLBACK_EVENT_HANDLER *****************
 Defined at:
		line 49 in file "mcc_generated_files/usb/usb_device_events.c"
 Parameters:    Size  Location     Type
  event           2    0[BANK0h] enum E34
  pdata           2    2[BANK0h] PTR void 
		 -> RAM(4096), USTATcopy(1), USBActiveConfiguration(1), BDT(48), 
		 -> NULL(0), 
  size            2    4[BANK0h] unsigned int 
 Auto vars:     Size  Location     Type
		None
 Return value:  Size  Location     Type
                  1    wreg      unsigned char 
 Registers used:
		wreg, fsr0l, fsr0h, fsr1l, fsr1h, status,2, status,0, pclath, cstack
 Tracked objects:
		On entry : 
		On exit  : 
		Unchanged: 
 Data sizes:     COMMON  BANK0h   BANK1   BANK2   BANK3   BANK4   BANK5   BANK6   BANK7   BANK8   BANK9  BANK10  BANK11  BANK12
      Params:         0       6       0       0       0       0       0       0       0       0       0       0       0       0
      Locals:         0       0       0       0       0       0       0       0       0       0       0       0       0       0
      Temps:          0       0       0       0       0       0       0       0       0       0       0       0       0       0
      Totals:         0       6       0       0       0       0       0       0       0       0       0       0       0       0
Total ram usage:        6 bytes
 Hardware stack levels used:    1
 Hardware stack levels required when called:    3
 This function calls:
		i1_CDCInitEP
		i1_USBCheckCDCRequest
 This function is called by:
		i1_USBDeviceTasks
		i1_USBStdSetCfgHandler
		i1_USBSuspend
		i1_USBWakeFromSuspend
		i1_USBCtrlTrfSetupHandler
		i1_USBCheckStdRequest
		i1_USBStdFeatureReqHandler
 This function uses a non-reentrant model


 *************** function i1_USBCheckCDCRequest *****************
 Defined at:
		line 146 in file "mcc_generated_files/usb/usb_device_cdc.c"
 Parameters:    Size  Location     Type
		None
 Auto vars:     Size  Location     Type
		None
 Return value:  Size  Location     Type
                  1    wreg      void 
 Registers used:
		wreg, fsr0l, fsr0h, status,2, status,0
 Tracked objects:
		On entry : 
		On exit  : 
		Unchanged: 
 Data sizes:     COMMON  BANK0h   BANK1   BANK2   BANK3   BANK4   BANK5   BANK6   BANK7   BANK8   BANK9  BANK10  BANK11  BANK12
      Params:         0       0       0       0       0       0       0       0       0       0       0       0       0       0
      Locals:         0       0       0       0       0       0       0       0       0       0       0       0       0       0
      Temps:          0       0       0       0       0       0       0       0       0       0       0       0       0       0
      Totals:         0       0       0       0       0       0       0       0       0       0       0       0       0       0
Total ram usage:        0 bytes
 Hardware stack levels used:    1
 This function calls:
		Nothing
 This function is called by:
		i1_USER_USB_CALLBACK_EVENT_HANDLER
 This function uses a non-reentrant model


 *************** function i1_CDCInitEP *****************
 Defined at:
		line 293 in file "mcc_generated_files/usb/usb_device_cdc.c"
 Parameters:    Size  Location     Type
		None
 Auto vars:     Size  Location     Type
		None
 Return value:  Size  Location     Type
                  1    wreg      void 
 Registers used:
		wreg, fsr1l, fsr1h, status,2, status,0, pclath, cstack
 Tracked objects:
		On entry : 
		On exit  : 
		Unchanged: 
 Data sizes:     COMMON  BANK0h   BANK1   BANK2   BANK3   BANK4   BANK5   BANK6   BANK7   BANK8   BANK9  BANK10  BANK11  BANK12
      Params:         0       0       0       0       0       0       0       0       0       0       0       0       0       0
      Locals:         0       0       0       0       0       0       0       0       0       0       0       0       0       0
      Temps:          0       0       0       0       0       0       0       0       0       0       0       0       0       0
      Totals:         0       0       0       0       0       0       0       0       0       0       0       0       0       0
Total ram usage:        0 bytes
 Hardware stack levels used:    1
 Hardware stack levels required when called:    2
 This function calls:
		i1_USBEnableEndpoint
 This function is called by:
		i1_USER_USB_CALLBACK_EVENT_HANDLER
 This function uses a non-reentrant model


 *************** function i1_USBEnableEndpoint *****************
 Defined at:
		line 878 in file "mcc_generated_files/usb/usb_device.c"
 Parameters:    Size  Location     Type
  ep              1    wreg     unsigned char 
  options         1    4[COMMON] unsigned char 
 Auto vars:     Size  Location     Type
  ep              1    9[COMMON] unsigned char 
  USBEnableEnd    2    7[COMMON] PTR unsigned char 
		 -> UEP0(1), 
 Return value:  Size  Location     Type
                  1    wreg      void 
 Registers used:
		wreg, fsr1l, fsr1h, status,2, status,0, pclath, cstack
 Tracked objects:
		On entry : 
		On exit  : 
		Unchanged: 
 Data sizes:     COMMON  BANK0h   BANK1   BANK2   BANK3   BANK4   BANK5   BANK6   BANK7   BANK8   BANK9  BANK10  BANK11  BANK12
      Params:         1       0       0       0       0       0       0       0       0       0       0       0       0       0
      Locals:         3       0       0       0       0       0       0       0       0       0       0       0       0       0
      Temps:          2       0       0       0       0       0       0       0       0       0       0       0       0       0
      Totals:         6       0       0       0       0       0       0       0       0       0       0       0       0       0
Total ram usage:        6 bytes
 Hardware stack levels used:    1
 Hardware stack levels required when called:    1
 This function calls:
		i1_USBConfigureEndpoint
 This function is called by:
		i1_CDCInitEP
 This function uses a non-reentrant model


 *************** function i1_USBConfigureEndpoint *****************
 Defined at:
		line 1543 in file "mcc_generated_files/usb/usb_device.c"
 Parameters:    Size  Location     Type
  EPNum           1    wreg     unsigned char 
  direction       1    0[COMMON] unsigned char 
 Auto vars:     Size  Location     Type
  EPNum           1    2[COMMON] unsigned char 
  USBConfigure    1    3[COMMON] PTR volatile struct __BD
		 -> BDT(48), 
 Return value:  Size  Location     Type
                  1    wreg      void 
 Registers used:
		wreg, fsr1l, fsr1h, status,2, status,0
 Tracked objects:
		On entry : 
		On exit  : 
		Unchanged: 
 Data sizes:     COMMON  BANK0h   BANK1   BANK2   BANK3   BANK4   BANK5   BANK6   BANK7   BANK8   BANK9  BANK10  BANK11  BANK12
      Params:         1       0       0       0       0       0       0       0       0       0       0       0       0       0
      Locals:         2       0       0       0       0       0       0       0       0       0       0       0       0       0
      Temps:          1       0       0       0       0       0       0       0       0       0       0       0       0       0
      Totals:         4       0       0       0       0       0       0       0       0       0       0       0       0       0
Total ram usage:        4 bytes
 Hardware stack levels used:    1
 This function calls:
		Nothing
 This function is called by:
		i1_USBEnableEndpoint
 This function uses a non-reentrant model


 *************** function i1_USBCtrlTrfOutHandler *****************
 Defined at:
		line 2538 in file "mcc_generated_files/usb/usb_device.c"
 Parameters:    Size  Location     Type
		None
 Auto vars:     Size  Location     Type
		None
 Return value:  Size  Location     Type
                  1    wreg      void 
 Registers used:
		wreg, fsr0l, fsr0h, fsr1l, fsr1h, status,2, status,0, pclath, cstack
 Tracked objects:
		On entry : 
		On exit  : 
		Unchanged: 
 Data sizes:     COMMON  BANK0h   BANK1   BANK2   BANK3   BANK4   BANK5   BANK6   BANK7   BANK8   BANK9  BANK10  BANK11  BANK12
      Params:         0       0       0       0       0       0       0       0       0       0       0       0       0       0
      Locals:         0       0       0       0       0       0       0       0       0       0       0       0       0       0
      Temps:          2       0       0       0       0       0       0       0       0       0       0       0       0       0
      Totals:         2       0       0       0       0       0       0       0       0       0       0       0       0       0
Total ram usage:        2 bytes
 Hardware stack levels used:    1
 Hardware stack levels required when called:    2
 This function calls:
		i1_USBCtrlTrfRxService
 This function is called by:
		i1_USBCtrlEPService
 This function uses a non-reentrant model


 *************** function i1_USBCtrlTrfRxService *****************
 Defined at:
		line 1852 in file "mcc_generated_files/usb/usb_device.c"
 Parameters:    Size  Location     Type
		None
 Auto vars:     Size  Location     Type
  USBCtrlTrfRx    1    5[COMMON] unsigned char 
  USBCtrlTrfRx    1    4[COMMON] unsigned char 
 Return value:  Size  Location     Type
                  1    wreg      void 
 Registers used:
		wreg, fsr0l, fsr0h, fsr1l, fsr1h, status,2, status,0, pclath, cstack
 Tracked objects:
		On entry : 
		On exit  : 
		Unchanged: 
 Data sizes:     COMMON  BANK0h   BANK1   BANK2   BANK3   BANK4   BANK5   BANK6   BANK7   BANK8   BANK9  BANK10  BANK11  BANK12
      Params:         0       0       0       0       0       0       0       0       0       0       0       0       0       0
      Locals:         2       0       0       0       0       0       0       0       0       0       0       0       0       0
      Temps:          2       0       0       0       0       0       0       0       0       0       0       0       0       0
      Totals:         4       0       0       0       0       0       0       0       0       0       0       0       0       0
Total ram usage:        4 bytes
 Hardware stack levels used:    1
 Hardware stack levels required when called:    1
 This function calls:
		i1_USBCtrlEPAllowStatusStage
 This function is called by:
		i1_USBCtrlTrfOutHandler
 This function uses a non-reentrant model


 *************** function i1_USBCtrlEPAllowStatusStage *****************
 Defined at:
		line 1416 in file "mcc_generated_files/usb/usb_device.c"
 Parameters:    Size  Location     Type
		None
 Auto vars:     Size  Location     Type
		None
 Return value:  Size  Location     Type
                  1    wreg      void 
 Registers used:
		wreg, fsr1l, fsr1h, status,2, status,0
 Tracked objects:
		On entry : 
		On exit  : 
		Unchanged: 
 Data sizes:     COMMON  BANK0h   BANK1   BANK2   BANK3   BANK4   BANK5   BANK6   BANK7   BANK8   BANK9  BANK10  BANK11  BANK12
      Params:         0       0       0       0       0       0       0       0       0       0       0       0       0       0
      Locals:         0       0       0       0       0       0       0       0       0       0       0       0       0       0
      Temps:          2       0       0       0       0       0       0       0       0       0       0       0       0       0
      Totals:         2       0       0       0       0       0       0       0       0       0       0       0       0       0
Total ram usage:        2 bytes
 Hardware stack levels used:    1
 This function calls:
		Nothing
 This function is called by:
		i1_USBDeviceTasks
		i1_USBCtrlEPServiceComplete
		i1_USBCtrlTrfRxService
 This function uses a non-reentrant model


 *************** function i1_USBCtrlTrfInHandler *****************
 Defined at:
		line 2592 in file "mcc_generated_files/usb/usb_device.c"
 Parameters:    Size  Location     Type
		None
 Auto vars:     Size  Location     Type
  USBCtrlTrfIn    1    5[COMMON] unsigned char 
 Return value:  Size  Location     Type
                  1    wreg      void 
 Registers used:
		wreg, fsr0l, fsr0h, fsr1l, fsr1h, status,2, status,0, pclath, cstack
 Tracked objects:
		On entry : 
		On exit  : 
		Unchanged: 
 Data sizes:     COMMON  BANK0h   BANK1   BANK2   BANK3   BANK4   BANK5   BANK6   BANK7   BANK8   BANK9  BANK10  BANK11  BANK12
      Params:         0       0       0       0       0       0       0       0       0       0       0       0       0       0
      Locals:         1       0       0       0       0       0       0       0       0       0       0       0       0       0
      Temps:          2       0       0       0       0       0       0       0       0       0       0       0       0       0
      Totals:         3       0       0       0       0       0       0       0       0       0       0       0       0       0
Total ram usage:        3 bytes
 Hardware stack levels used:    1
 Hardware stack levels required when called:    1
 This function calls:
		i1_USBCtrlTrfTxService
 This function is called by:
		i1_USBCtrlEPService
 This function uses a non-reentrant model


 *************** function i1_USBCtrlTrfTxService *****************
 Defined at:
		line 1771 in file "mcc_generated_files/usb/usb_device.c"
 Parameters:    Size  Location     Type
		None
 Auto vars:     Size  Location     Type
  USBCtrlTrfTx    1    2[COMMON] unsigned char 
 Return value:  Size  Location     Type
                  1    wreg      void 
 Registers used:
		wreg, fsr0l, fsr0h, fsr1l, fsr1h, status,2, status,0, pclath
 Tracked objects:
		On entry : 
		On exit  : 
		Unchanged: 
 Data sizes:     COMMON  BANK0h   BANK1   BANK2   BANK3   BANK4   BANK5   BANK6   BANK7   BANK8   BANK9  BANK10  BANK11  BANK12
      Params:         0       0       0       0       0       0       0       0       0       0       0       0       0       0
      Locals:         1       0       0       0       0       0       0       0       0       0       0       0       0       0
      Temps:          2       0       0       0       0       0       0       0       0       0       0       0       0       0
      Totals:         3       0       0       0       0       0       0       0       0       0       0       0       0       0
Total ram usage:        3 bytes
 Hardware stack levels used:    1
 This function calls:
		Nothing
 This function is called by:
		i1_USBCtrlEPAllowDataStage
		i1_USBCtrlTrfInHandler
 This function uses a non-reentrant model



MODULE INFORMATION

Module		Function		Class		Link	Load	Size
mcc_generated_files/interrupt_manager.c
		_INTERRUPT_InterruptManager		CODE           	0004	0000	15

mcc_generated_files/interrupt_manager.c estimated size: 15

mcc_generated_files/pin_manager.c
		_PIN_MANAGER_Initialize		CODE           	19D3	0000	22

mcc_generated_files/pin_manager.c estimated size: 22

mcc_generated_files/usb/usb_device_cdc.c
		_CDCInitEP     		CODE           	1B9D	0000	24
		_USBCheckCDCRequest		CODE           	1A4F	0000	77

mcc_generated_files/usb/usb_device_cdc.c estimated size: 101

shared
		i1_USBIncrement1msInternalTimers		CODE           	0FA5	0000	19
		_configDescriptor1		STRCODE        	188C	0000	68
		_USB_CD_Ptr    		STRCODE        	1913	0000	3
		_sd001         		STRCODE        	18E5	0000	19
		i1_USBCtrlEPService		CODE           	0EE3	0000	71
		i1_USBCtrlEPServiceComplete		CODE           	14AD	0000	131
		i1_USBCtrlTrfSetupHandler		CODE           	0C1A	0000	54
		i1_USBCtrlEPAllowStatusStage		CODE           	0E82	0000	98
		_sd002         		STRCODE        	18CF	0000	23
		i1_USBCtrlTrfOutHandler		CODE           	1E5E	0000	52
		i1_USBDeviceInit		CODE           	0F29	0000	125
		i1_USBWakeFromSuspend		CODE           	0FE9	0000	24
		i1_USBConfigureEndpoint		CODE           	1B6D	0000	49
		i1_USBStdSetCfgHandler		CODE           	1D62	0000	102
		i1_USBStdGetDscHandler		CODE           	1C01	0000	113
		__initialization		CODE           	0014	0000	80
		i1_USBStallHandler		CODE           	0FB7	0000	33
		_device_dsc    		STRCODE        	18F7	0000	19
		i1_USBStdGetStatusHandler		CODE           	1A9B	0000	79
		i1_CDCInitEP   		CODE           	1B3A	0000	23
		i1_USER_USB_CALLBACK_EVENT_HANDLER		CODE           	0E60	0000	35
		i1_USBStdFeatureReqHandler		CODE           	0C9C	0000	287
		_USB_SD_Ptr    		STRCODE        	1909	0000	7
		i1_memset      		CODE           	1DC7	0000	24
		i1_USBCheckCDCRequest		CODE           	1A04	0000	76
		i1_USBEnableEndpoint		CODE           	1B50	0000	30
		i1_USBDeviceTasks		CODE           	0DBA	0000	167
		i1_USBCtrlTrfRxService		CODE           	1E91	0000	145
		_sd000         		STRCODE        	190F	0000	5
		i1_USBCtrlTrfTxService		CODE           	15EC	0000	89
		i1_USBCheckStdRequest		CODE           	0C4F	0000	78
		i1_USBCtrlTrfInHandler		CODE           	1588	0000	101
		i1_USBSuspend  		CODE           	0FD7	0000	19
		i1_USBCtrlEPAllowDataStage		CODE           	152F	0000	90

shared estimated size: 2338

C:\Program Files (x86)\Microchip\xc8\v1.42\sources\common\memset.c
		_memset        		CODE           	1E47	0000	24

C:\Program Files (x86)\Microchip\xc8\v1.42\sources\common\memset.c estimated size: 24

mcc_generated_files/usb/usb_device_events.c
		_USER_USB_CALLBACK_EVENT_HANDLER		CODE           	0A75	0000	32

mcc_generated_files/usb/usb_device_events.c estimated size: 32

mcc_generated_files/mcc.c
		_WDT_Initialize		CODE           	19E8	0000	4
		_OSCILLATOR_Initialize		CODE           	19C9	0000	11
		_SYSTEM_Initialize		CODE           	19C0	0000	10

mcc_generated_files/mcc.c estimated size: 25

main.c
		_cmd_tx_buffer_task		CODE           	0000	0000	1
		_main          		CODE           	11F7	0000	2653
		_cmd_task      		CODE           	0000	0000	1
		_cmd_rx_buf_get_task		CODE           	0000	0000	1
		_cmd_rx_buf_put_task		CODE           	0000	0000	1
		_gpio_init     		CODE           	0000	0000	1

main.c estimated size: 2658

mcc_generated_files/usb/usb_device.c
		_USBCtrlTrfInHandler		CODE           	1732	0000	108
		_USBTransferOnePacket		CODE           	1C71	0000	120
		_USBDeviceAttach		CODE           	19EB	0000	26
		_USBStdGetDscHandler		CODE           	1CE8	0000	123
		_USBCtrlEPAllowDataStage		CODE           	16D1	0000	98
		_USBStdFeatureReqHandler		CODE           	08B1	0000	288
		_USBCtrlEPAllowStatusStage		CODE           	0B15	0000	108
		_USBCtrlTrfSetupHandler		CODE           	0837	0000	52
		_USBCtrlTrfOutHandler		CODE           	1F21	0000	57
		_USBCtrlEPServiceComplete		CODE           	1644	0000	142
		_USBSuspend    		CODE           	0BF3	0000	17
		_USBStdSetCfgHandler		CODE           	1DDE	0000	106
		_USBStdGetStatusHandler		CODE           	1AE9	0000	82
		_USBWakeFromSuspend		CODE           	0C03	0000	24
		_USBCtrlTrfRxService		CODE           	1F59	0000	168
		_USBCtrlTrfTxService		CODE           	179D	0000	100
		_USBEnableEndpoint		CODE           	1BB4	0000	30
		_USBConfigureEndpoint		CODE           	1BD1	0000	49
		_USBDeviceInit 		CODE           	0A94	0000	130
		_USBIncrement1msInternalTimers		CODE           	0BC1	0000	19
		_USBCtrlEPService		CODE           	0B80	0000	66
		_USBStallHandler		CODE           	0BD3	0000	33
		_USBDeviceTasks		CODE           	09D0	0000	166
		_USBCheckStdRequest		CODE           	086A	0000	72

mcc_generated_files/usb/usb_device.c estimated size: 2184

